Archive member included to satisfy reference by file (symbol)

G:/devkitPro/libctru/lib\libctru.a(initArgv.o)
                              G:/devkitPro/devkitARM/bin/../lib/gcc/arm-none-eabi/13.2.0/../../../../arm-none-eabi/lib/armv6k/fpu/3dsx_crt0.o (__system_argc)
G:/devkitPro/libctru/lib\libctru.a(stack_adjust.o)
                              G:/devkitPro/devkitARM/bin/../lib/gcc/arm-none-eabi/13.2.0/../../../../arm-none-eabi/lib/armv6k/fpu/3dsx_crt0.o (initSystem)
G:/devkitPro/libctru/lib\libctru.a(3dslink.o)
                              G:/devkitPro/libctru/lib\libctru.a(initArgv.o) (__3dslink_host)
G:/devkitPro/libctru/lib\libctru.a(soc_connect.o)
                              G:/devkitPro/libctru/lib\libctru.a(3dslink.o) (connect)
G:/devkitPro/libctru/lib\libctru.a(soc_socket.o)
                              G:/devkitPro/libctru/lib\libctru.a(3dslink.o) (socket)
G:/devkitPro/libctru/lib\libctru.a(appExit.o)
                              G:/devkitPro/libctru/lib\libctru.a(stack_adjust.o) (__appExit)
G:/devkitPro/libctru/lib\libctru.a(appInit.o)
                              G:/devkitPro/libctru/lib\libctru.a(stack_adjust.o) (__appInit)
G:/devkitPro/libctru/lib\libctru.a(ctru_exit.o)
                              G:/devkitPro/libctru/lib\libctru.a(stack_adjust.o) (__libctru_exit)
G:/devkitPro/libctru/lib\libctru.a(ctru_init.o)
                              G:/devkitPro/libctru/lib\libctru.a(stack_adjust.o) (__libctru_init)
G:/devkitPro/libctru/lib\libctru.a(syscalls.o)
                              G:/devkitPro/libctru/lib\libctru.a(ctru_init.o) (__system_initSyscalls)
G:/devkitPro/libctru/lib\libctru.a(svc.o)
                              G:/devkitPro/libctru/lib\libctru.a(ctru_exit.o) (svcControlMemory)
G:/devkitPro/libctru/lib\libctru.a(archive_dev.o)
                              G:/devkitPro/libctru/lib\libctru.a(appInit.o) (archiveMountSdmc)
G:/devkitPro/libctru/lib\libctru.a(env.o)
                              G:/devkitPro/libctru/lib\libctru.a(ctru_exit.o) (envDestroyHandles)
G:/devkitPro/libctru/lib\libctru.a(os.o)
                              G:/devkitPro/libctru/lib\libctru.a(syscalls.o) (osGetTime)
G:/devkitPro/libctru/lib\libctru.a(path_buf.o)
                              G:/devkitPro/libctru/lib\libctru.a(archive_dev.o) (__ctru_dev_utf16_buf)
G:/devkitPro/libctru/lib\libctru.a(srv.o)
                              G:/devkitPro/libctru/lib\libctru.a(appInit.o) (srvInit)
G:/devkitPro/libctru/lib\libctru.a(synchronization.o)
                              G:/devkitPro/libctru/lib\libctru.a(ctru_init.o) (__sync_init)
G:/devkitPro/libctru/lib\libctru.a(thread.o)
                              G:/devkitPro/libctru/lib\libctru.a(syscalls.o) (threadCreate)
G:/devkitPro/libctru/lib\libctru.a(apt.o)
                              G:/devkitPro/libctru/lib\libctru.a(appExit.o) (aptExit)
G:/devkitPro/libctru/lib\libctru.a(fs.o)
                              G:/devkitPro/libctru/lib\libctru.a(appInit.o) (fsInit)
G:/devkitPro/libctru/lib\libctru.a(gspgpu.o)
                              G:/devkitPro/libctru/lib\libctru.a(apt.o) (GSPGPU_SetLcdForceBlack)
G:/devkitPro/libctru/lib\libctru.a(hid.o)
                              G:/devkitPro/libctru/lib\libctru.a(appInit.o) (hidInit)
G:/devkitPro/libctru/lib\libctru.a(irrst.o)
                              G:/devkitPro/libctru/lib\libctru.a(hid.o) (irrstInit)
G:/devkitPro/libctru/lib\libctru.a(ptmsysm.o)
                              G:/devkitPro/libctru/lib\libctru.a(os.o) (ptmSysmInit)
G:/devkitPro/libctru/lib\libctru.a(srvpm.o)
                              G:/devkitPro/libctru/lib\libctru.a(srv.o) (srvPmGetSessionHandle)
G:/devkitPro/libctru/lib\libctru.a(soc_common.o)
                              G:/devkitPro/libctru/lib\libctru.a(soc_connect.o) (_net_convert_error)
G:/devkitPro/libctru/lib\libctru.a(decode_utf8.o)
                              G:/devkitPro/libctru/lib\libctru.a(archive_dev.o) (decode_utf8)
G:/devkitPro/libctru/lib\libctru.a(utf16_to_utf8.o)
                              G:/devkitPro/libctru/lib\libctru.a(archive_dev.o) (utf16_to_utf8)
G:/devkitPro/libctru/lib\libctru.a(utf8_to_utf16.o)
                              G:/devkitPro/libctru/lib\libctru.a(archive_dev.o) (utf8_to_utf16)
G:/devkitPro/libctru/lib\libctru.a(allocateHeaps.o)
                              G:/devkitPro/libctru/lib\libctru.a(ctru_init.o) (__system_allocateHeaps)
G:/devkitPro/libctru/lib\libctru.a(readtp.o)
                              G:/devkitPro/libctru/lib\libctru.a(archive_dev.o) (__aeabi_read_tp)
G:/devkitPro/libctru/lib\libctru.a(mappable.o)
                              G:/devkitPro/libctru/lib\libctru.a(allocateHeaps.o) (mappableInit)
G:/devkitPro/libctru/lib\libctru.a(decode_utf16.o)
                              G:/devkitPro/libctru/lib\libctru.a(utf16_to_utf8.o) (decode_utf16)
G:/devkitPro/libctru/lib\libctru.a(encode_utf16.o)
[...]
Memory Configuration

Name             Origin             Length             Attributes
*default*        0x00000000         0xffffffff

Linker script and memory map

                0x00100000                        PROVIDE (__start__ = 0x100000)
                0x00100000                        . = __start__

.text           0x00100000    0x16ea8
 *(.crt0)
 .crt0          0x00100000       0x94 G:/devkitPro/devkitARM/bin/../lib/gcc/arm-none-eabi/13.2.0/../../../../arm-none-eabi/lib/armv6k/fpu/3dsx_crt0.o
                0x00100000                _start
                0x00100008                __service_ptr
                0x0010000c                __apt_appid
                0x00100010                __heap_size
                0x00100014                __linear_heap_size
                0x00100018                __system_arglist
                0x0010001c                __system_runflags
 *(.init)
 .init          0x00100094        0xc G:/devkitPro/devkitARM/bin/../lib/gcc/arm-none-eabi/13.2.0/armv6k/fpu/crti.o
                0x00100094                _init
 .init          0x001000a0        0xc G:/devkitPro/devkitARM/bin/../lib/gcc/arm-none-eabi/13.2.0/armv6k/fpu/crtn.o
                0x001000ac                        . = ALIGN (0x4)
 *(.text)
 .text          0x001000ac       0x3c G:/devkitPro/devkitARM/bin/../lib/gcc/arm-none-eabi/13.2.0/armv6k/fpu\libgcc.a(_aeabi_uldivmod.o)
                0x001000ac                __aeabi_uldivmod
 .text          0x001000e8        0x4 G:/devkitPro/devkitARM/bin/../lib/gcc/arm-none-eabi/13.2.0/armv6k/fpu\libgcc.a(_dvmd_tls.o)
                0x001000e8                __aeabi_idiv0
                0x001000e8                __aeabi_ldiv0
 *fill*         0x001000ec       0x14 
 .text          0x00100100      0x390 G:/devkitPro/devkitARM/bin/../lib/gcc/arm-none-eabi/13.2.0/../../../../arm-none-eabi/lib/armv6k/fpu\libg.a(libc_a-strcmp.o)
                0x00100108                strcmp
 .text          0x00100490      0x20c G:/devkitPro/devkitARM/bin/../lib/gcc/arm-none-eabi/13.2.0/armv6k/fpu\libgcc.a(_udivsi3.o)
                0x00100490                __aeabi_uidiv
                0x00100490                __udivsi3
                0x0010067c                __aeabi_uidivmod
 .text          0x0010069c      0x240 G:/devkitPro/devkitARM/bin/../lib/gcc/arm-none-eabi/13.2.0/armv6k/fpu\libgcc.a(_divsi3.o)
                0x0010069c                __divsi3
                0x0010069c                __aeabi_idiv
                0x001008bc                __aeabi_idivmod
 *(.text.*)
 .text.__do_global_dtors_aux
                0x001008dc       0x40 G:/devkitPro/devkitARM/bin/../lib/gcc/arm-none-eabi/13.2.0/armv6k/fpu/crtbegin.o
 .text.frame_dummy
                0x0010091c       0x2c G:/devkitPro/devkitARM/bin/../lib/gcc/arm-none-eabi/13.2.0/armv6k/fpu/crtbegin.o
 .text.renameFile
                0x00100948       0x98 main.o
                0x00100948                renameFile
 .text.processFiles
                0x001009e0       0xdc main.o
                0x001009e0                processFiles
 .text.startup.main
                0x00100abc       0x18 main.o
                0x00100abc                main
 .text.__system_initArgv
                0x00100ad4      0x170 G:/devkitPro/libctru/lib\libctru.a(initArgv.o)
                0x00100ad4                __system_initArgv
 .text.initSystem
                0x00100c44       0x50 G:/devkitPro/libctru/lib\libctru.a(stack_adjust.o)
                0x00100c44                initSystem
 .text.__ctru_exit
                0x00100c94       0x14 G:/devkitPro/libctru/lib\libctru.a(stack_adjust.o)
                0x00100c94                __ctru_exit
 .text.__appExit
                0x00100ca8       0x30 G:/devkitPro/libctru/lib\libctru.a(appExit.o)
                0x00100ca8                __appExit
 .text.__appInit
                0x00100cd8       0x30 G:/devkitPro/libctru/lib\libctru.a(appInit.o)
                0x00100cd8                __appInit
 .text.__libctru_exit
                0x00100d08       0x90 G:/devkitPro/libctru/lib\libctru.a(ctru_exit.o)
                0x00100d08                __libctru_exit
 .text.__libctru_init
                0x00100d98       0x38 G:/devkitPro/libctru/lib\libctru.a(ctru_init.o)
                0x00100d98                __libctru_init
 .text.__syscall_getreent
                0x00100dd0       0x30 G:/devkitPro/libctru/lib\libctru.a(syscalls.o)
                0x00100dd0                __syscall_getreent
 .text.__syscall_lock_acquire
                0x00100e00        0x4 G:/devkitPro/libctru/lib\libctru.a(syscalls.o)
                0x00100e00                __syscall_lock_acquire
 .text.__syscall_lock_release
                0x00100e04        0x4 G:/devkitPro/libctru/lib\libctru.a(syscalls.o)
                0x00100e04                __syscall_lock_release
 .text.__syscall_lock_acquire_recursive
                0x00100e08        0x4 G:/devkitPro/libctru/lib\libctru.a(syscalls.o)
                0x00100e08                __syscall_lock_acquire_recursive
 .text.__syscall_lock_release_recursive
                0x00100e0c        0x4 G:/devkitPro/libctru/lib\libctru.a(syscalls.o)
                0x00100e0c                __syscall_lock_release_recursive
 .text.__syscall_exit
                0x00100e10        0x4 G:/devkitPro/libctru/lib\libctru.a(syscalls.o)
                0x00100e10                __syscall_exit
 .text.initThreadVars
                0x00100e14       0x50 G:/devkitPro/libctru/lib\libctru.a(syscalls.o)
                0x00100e14                initThreadVars
 .text.__system_initSyscalls
                0x00100e64       0x80 G:/devkitPro/libctru/lib\libctru.a(syscalls.o)
                0x00100e64                __system_initSyscalls
 .text.svcControlMemory
                0x00100ee4       0x20 G:/devkitPro/libctru/lib\libctru.a(svc.o)
                0x00100ee4                svcControlMemory
 .text.svcQueryMemory
                0x00100f04       0x30 G:/devkitPro/libctru/lib\libctru.a(svc.o)
                0x00100f04                svcQueryMemory
 .text.svcExitProcess
                0x00100f34        0x8 G:/devkitPro/libctru/lib\libctru.a(svc.o)
                0x00100f34                svcExitProcess
 .text.svcCreateThread
                0x00100f3c       0x20 G:/devkitPro/libctru/lib\libctru.a(svc.o)
                0x00100f3c                svcCreateThread
 .text.svcExitThread
                0x00100f5c        0x8 G:/devkitPro/libctru/lib\libctru.a(svc.o)
                0x00100f5c                svcExitThread
 .text.svcSleepThread
                0x00100f64        0x8 G:/devkitPro/libctru/lib\libctru.a(svc.o)
                0x00100f64                svcSleepThread
 .text.svcReleaseMutex
                0x00100f6c        0x8 G:/devkitPro/libctru/lib\libctru.a(svc.o)
                0x00100f6c                svcReleaseMutex
 .text.svcSignalEvent
                0x00100f74        0x8 G:/devkitPro/libctru/lib\libctru.a(svc.o)
                0x00100f74                svcSignalEvent
 .text.svcClearEvent
                0x00100f7c        0x8 G:/devkitPro/libctru/lib\libctru.a(svc.o)
                0x00100f7c                svcClearEvent
 .text.svcMapMemoryBlock
                0x00100f84        0x8 G:/devkitPro/libctru/lib\libctru.a(svc.o)
                0x00100f84                svcMapMemoryBlock
 .text.svcUnmapMemoryBlock
                0x00100f8c        0x8 G:/devkitPro/libctru/lib\libctru.a(svc.o)
                0x00100f8c                svcUnmapMemoryBlock
 .text.svcCreateAddressArbiter
                0x00100f94       0x14 G:/devkitPro/libctru/lib\libctru.a(svc.o)
                0x00100f94                svcCreateAddressArbiter
 .text.svcArbitrateAddressNoTimeout
                0x00100fa8        0x8 G:/devkitPro/libctru/lib\libctru.a(svc.o)
                0x00100fa8                svcArbitrateAddressNoTimeout
 .text.svcCloseHandle
                0x00100fb0        0x8 G:/devkitPro/libctru/lib\libctru.a(svc.o)
                0x00100fb0                svcCloseHandle
 .text.svcWaitSynchronization
                0x00100fb8        0x8 G:/devkitPro/libctru/lib\libctru.a(svc.o)
                0x00100fb8                svcWaitSynchronization
 .text.svcWaitSynchronizationN
                0x00100fc0       0x28 G:/devkitPro/libctru/lib\libctru.a(svc.o)
                0x00100fc0                svcWaitSynchronizationN
 .text.svcDuplicateHandle
                0x00100fe8       0x14 G:/devkitPro/libctru/lib\libctru.a(svc.o)
                0x00100fe8                svcDuplicateHandle
 .text.svcConnectToPort
                0x00100ffc       0x14 G:/devkitPro/libctru/lib\libctru.a(svc.o)
                0x00100ffc                svcConnectToPort
 .text.svcSendSyncRequest
                0x00101010        0x8 G:/devkitPro/libctru/lib\libctru.a(svc.o)
                0x00101010                svcSendSyncRequest
 .text.svcGetResourceLimit
                0x00101018       0x14 G:/devkitPro/libctru/lib\libctru.a(svc.o)
                0x00101018                svcGetResourceLimit
 .text.svcGetResourceLimitLimitValues
                0x0010102c        0x8 G:/devkitPro/libctru/lib\libctru.a(svc.o)
                0x0010102c                svcGetResourceLimitLimitValues
 .text.svcGetResourceLimitCurrentValues
                0x00101034        0x8 G:/devkitPro/libctru/lib\libctru.a(svc.o)
                0x00101034                svcGetResourceLimitCurrentValues
 .text.svcBreak
                0x0010103c        0x8 G:/devkitPro/libctru/lib\libctru.a(svc.o)
                0x0010103c                svcBreak
 .text.archive_link
                0x00101044       0x14 G:/devkitPro/libctru/lib\libctru.a(archive_dev.o)
 .text.archive_dirreset
                0x00101058       0x14 G:/devkitPro/libctru/lib\libctru.a(archive_dev.o)
 .text.archive_chmod
                0x0010106c       0x14 G:/devkitPro/libctru/lib\libctru.a(archive_dev.o)
 .text.error_cmp
                0x00101080       0x24 G:/devkitPro/libctru/lib\libctru.a(archive_dev.o)
 .text.archive_translate_error
                0x001010a4       0x50 G:/devkitPro/libctru/lib\libctru.a(archive_dev.o)
 .text.archive_seek
                0x001010f4       0xc8 G:/devkitPro/libctru/lib\libctru.a(archive_dev.o)
 .text._archiveInit.part.0
                0x001011bc       0x7c G:/devkitPro/libctru/lib\libctru.a(archive_dev.o)
 .text.archiveFindDevice.part.0
                0x00101238       0xc4 G:/devkitPro/libctru/lib\libctru.a(archive_dev.o)
 .text.archive_utf16path
                0x001012fc      0x280 G:/devkitPro/libctru/lib\libctru.a(archive_dev.o)
 .text._archiveUnmountDeviceStruct.part.0
                0x0010157c       0x9c G:/devkitPro/libctru/lib\libctru.a(archive_dev.o)
 .text.archive_fchmod
                0x00101618       0x14 G:/devkitPro/libctru/lib\libctru.a(archive_dev.o)
 .text.archive_statvfs
                0x0010162c       0x14 G:/devkitPro/libctru/lib\libctru.a(archive_dev.o)
 .text._archiveMountDevice
                0x00101640      0x164 G:/devkitPro/libctru/lib\libctru.a(archive_dev.o)
 .text.archive_diropen
                0x001017a4       0xe8 G:/devkitPro/libctru/lib\libctru.a(archive_dev.o)
 .text.archive_fstat
                0x0010188c       0xa4 G:/devkitPro/libctru/lib\libctru.a(archive_dev.o)
 .text.archive_fsync
                0x00101930       0x6c G:/devkitPro/libctru/lib\libctru.a(archive_dev.o)
 .text.archive_close
                0x0010199c       0x6c G:/devkitPro/libctru/lib\libctru.a(archive_dev.o)
 .text.archive_dirclose
                0x00101a08       0x70 G:/devkitPro/libctru/lib\libctru.a(archive_dev.o)
 .text.sdmc_statvfs
                0x00101a78       0xe8 G:/devkitPro/libctru/lib\libctru.a(archive_dev.o)
 .text.archive_chdir
                0x00101b60       0xec G:/devkitPro/libctru/lib\libctru.a(archive_dev.o)
 .text.archive_ftruncate
                0x00101c4c       0x7c G:/devkitPro/libctru/lib\libctru.a(archive_dev.o)
 .text.archive_read
                0x00101cc8       0xac G:/devkitPro/libctru/lib\libctru.a(archive_dev.o)
 .text.archive_unlink
                0x00101d74       0xa4 G:/devkitPro/libctru/lib\libctru.a(archive_dev.o)
 .text.archive_rmdir
                0x00101e18       0xbc G:/devkitPro/libctru/lib\libctru.a(archive_dev.o)
 .text.archive_mkdir
                0x00101ed4       0xdc G:/devkitPro/libctru/lib\libctru.a(archive_dev.o)
 .text.archive_stat
                0x00101fb0      0x194 G:/devkitPro/libctru/lib\libctru.a(archive_dev.o)
 .text.archive_dirnext
                0x00102144      0x160 G:/devkitPro/libctru/lib\libctru.a(archive_dev.o)
 .text.archive_write
                0x001022a4      0x124 G:/devkitPro/libctru/lib\libctru.a(archive_dev.o)
 .text.archive_open
                0x001023c8      0x20c G:/devkitPro/libctru/lib\libctru.a(archive_dev.o)
 .text.archive_rename
                0x001025d4      0x278 G:/devkitPro/libctru/lib\libctru.a(archive_dev.o)
 .text.archiveMountSdmc
                0x0010284c      0x19c G:/devkitPro/libctru/lib\libctru.a(archive_dev.o)
                0x0010284c                archiveMountSdmc
 .text.archiveUnmountAll
                0x001029e8       0x54 G:/devkitPro/libctru/lib\libctru.a(archive_dev.o)
                0x001029e8                archiveUnmountAll
 .text.envGetHandle
                0x00102a3c       0x84 G:/devkitPro/libctru/lib\libctru.a(env.o)
                0x00102a3c                envGetHandle
 .text.envDestroyHandles
                0x00102ac0       0x50 G:/devkitPro/libctru/lib\libctru.a(env.o)
                0x00102ac0                envDestroyHandles
 .text.__ctru_speedup_config
                0x00102b10       0x34 G:/devkitPro/libctru/lib\libctru.a(os.o)
                0x00102b10                __ctru_speedup_config
 .text.srvInit  0x00102b44      0x12c G:/devkitPro/libctru/lib\libctru.a(srv.o)
                0x00102b44                srvInit
 .text.srvExit  0x00102c70       0x58 G:/devkitPro/libctru/lib\libctru.a(srv.o)
                0x00102c70                srvExit
 .text.srvEnableNotification
                0x00102cc8       0x60 G:/devkitPro/libctru/lib\libctru.a(srv.o)
                0x00102cc8                srvEnableNotification
 .text.srvGetServiceHandleDirect
                0x00102d28       0xa0 G:/devkitPro/libctru/lib\libctru.a(srv.o)
                0x00102d28                srvGetServiceHandleDirect
 .text.srvGetServiceHandle
                0x00102dc8       0x38 G:/devkitPro/libctru/lib\libctru.a(srv.o)
                0x00102dc8                srvGetServiceHandle
 .text.srvSubscribe
                0x00102e00       0x34 G:/devkitPro/libctru/lib\libctru.a(srv.o)
                0x00102e00                srvSubscribe
 .text.srvReceiveNotification
                0x00102e34       0x60 G:/devkitPro/libctru/lib\libctru.a(srv.o)
                0x00102e34                srvReceiveNotification
 .text.srvPublishToSubscriber
                0x00102e94       0x38 G:/devkitPro/libctru/lib\libctru.a(srv.o)
                0x00102e94                srvPublishToSubscriber
 .text.__sync_init
                0x00102ecc        0xc G:/devkitPro/libctru/lib\libctru.a(synchronization.o)
                0x00102ecc                __sync_init
 .text.__sync_fini
                0x00102ed8       0x18 G:/devkitPro/libctru/lib\libctru.a(synchronization.o)
                0x00102ed8                __sync_fini
 .text.LightLock_Lock
                0x00102ef0       0xac G:/devkitPro/libctru/lib\libctru.a(synchronization.o)
                0x00102ef0                LightLock_Lock
 .text.LightLock_Unlock
                0x00102f9c       0x40 G:/devkitPro/libctru/lib\libctru.a(synchronization.o)
                0x00102f9c                LightLock_Unlock
 .text.RecursiveLock_Lock
                0x00102fdc       0x30 G:/devkitPro/libctru/lib\libctru.a(synchronization.o)
                0x00102fdc                RecursiveLock_Lock
 .text.RecursiveLock_Unlock
                0x0010300c       0x54 G:/devkitPro/libctru/lib\libctru.a(synchronization.o)
                0x0010300c                RecursiveLock_Unlock
 .text.LightEvent_Init
                0x00103060       0x40 G:/devkitPro/libctru/lib\libctru.a(synchronization.o)
                0x00103060                LightEvent_Init
 .text.LightEvent_Clear
                0x001030a0       0xa4 G:/devkitPro/libctru/lib\libctru.a(synchronization.o)
                0x001030a0                LightEvent_Clear
 .text.LightEvent_Signal
                0x00103144       0xc8 G:/devkitPro/libctru/lib\libctru.a(synchronization.o)
                0x00103144                LightEvent_Signal
 .text.LightEvent_TryWait
                0x0010320c       0x50 G:/devkitPro/libctru/lib\libctru.a(synchronization.o)
                0x0010320c                LightEvent_TryWait
 .text.LightEvent_Wait
                0x0010325c       0xa0 G:/devkitPro/libctru/lib\libctru.a(synchronization.o)
                0x0010325c                LightEvent_Wait
 .text.threadCreate
                0x001032fc      0x1d8 G:/devkitPro/libctru/lib\libctru.a(thread.o)
                0x001032fc                threadCreate
 .text.threadFree
                0x001034d4       0x2c G:/devkitPro/libctru/lib\libctru.a(thread.o)
                0x001034d4                threadFree
 .text.threadJoin
                0x00103500       0x24 G:/devkitPro/libctru/lib\libctru.a(thread.o)
                0x00103500                threadJoin
 .text.threadGetCurrent
                0x00103524       0x30 G:/devkitPro/libctru/lib\libctru.a(thread.o)
                0x00103524                threadGetCurrent
 .text.threadExit
                0x00103554       0x40 G:/devkitPro/libctru/lib\libctru.a(thread.o)
                0x00103554                threadExit
 .text._thread_begin
                0x00103594       0x20 G:/devkitPro/libctru/lib\libctru.a(thread.o)
 .text.aptDspSleep
                0x001035b4        0x8 G:/devkitPro/libctru/lib\libctru.a(apt.o)
                0x001035b4                aptDspSleep
 .text.aptDspWakeup
                0x001035bc        0x4 G:/devkitPro/libctru/lib\libctru.a(apt.o)
                0x001035bc                aptDspWakeup
 .text.aptDspCancel
                0x001035c0        0x4 G:/devkitPro/libctru/lib\libctru.a(apt.o)
                0x001035c0                aptDspCancel
 .text.aptSendCommand
                0x001035c4      0x158 G:/devkitPro/libctru/lib\libctru.a(apt.o)
                0x001035c4                aptSendCommand
 *fill*         0x0010371c        0x4 
 .text.aptExitProcess
                0x00103720       0x44 G:/devkitPro/libctru/lib\libctru.a(apt.o)
 .text.aptExit  0x00103764      0x38c G:/devkitPro/libctru/lib\libctru.a(apt.o)
                0x00103764                aptExit
 .text.APT_SleepIfShellClosed
                0x00103af0       0x84 G:/devkitPro/libctru/lib\libctru.a(apt.o)
                0x00103af0                APT_SleepIfShellClosed
 .text.APT_UnlockTransition
                0x00103b74       0x84 G:/devkitPro/libctru/lib\libctru.a(apt.o)
                0x00103b74                APT_UnlockTransition
 .text.aptEventHandler
                0x00103bf8      0x4a4 G:/devkitPro/libctru/lib\libctru.a(apt.o)
 .text.APT_ReceiveParameter
                0x0010409c       0xb0 G:/devkitPro/libctru/lib\libctru.a(apt.o)
                0x0010409c                APT_ReceiveParameter
 .text.aptReceiveParameter.constprop.0
                0x0010414c       0xac G:/devkitPro/libctru/lib\libctru.a(apt.o)
 .text.aptWaitForWakeUp.isra.0
                0x001041f8      0x320 G:/devkitPro/libctru/lib\libctru.a(apt.o)
 .text.aptInit  0x00104518      0x22c G:/devkitPro/libctru/lib\libctru.a(apt.o)
                0x00104518                aptInit
 .text.APT_CheckNew3DS
                0x00104744       0x7c G:/devkitPro/libctru/lib\libctru.a(apt.o)
                0x00104744                APT_CheckNew3DS
 .text.fsInit   0x001047c0       0xcc G:/devkitPro/libctru/lib\libctru.a(fs.o)
                0x001047c0                fsInit
 .text.fsExit   0x0010488c       0x3c G:/devkitPro/libctru/lib\libctru.a(fs.o)
                0x0010488c                fsExit
 .text.fsExemptFromSession
                0x001048c8       0x60 G:/devkitPro/libctru/lib\libctru.a(fs.o)
                0x001048c8                fsExemptFromSession
 .text.fsUnexemptFromSession
                0x00104928       0x50 G:/devkitPro/libctru/lib\libctru.a(fs.o)
                0x00104928                fsUnexemptFromSession
 .text.FSUSER_OpenFile
                0x00104978       0xcc G:/devkitPro/libctru/lib\libctru.a(fs.o)
                0x00104978                FSUSER_OpenFile
 .text.FSUSER_DeleteFile
                0x00104a44       0xbc G:/devkitPro/libctru/lib\libctru.a(fs.o)
                0x00104a44                FSUSER_DeleteFile
 .text.FSUSER_RenameFile
                0x00104b00       0xf8 G:/devkitPro/libctru/lib\libctru.a(fs.o)
                0x00104b00                FSUSER_RenameFile
 .text.FSUSER_DeleteDirectory
                0x00104bf8       0xbc G:/devkitPro/libctru/lib\libctru.a(fs.o)
                0x00104bf8                FSUSER_DeleteDirectory
 .text.FSUSER_CreateFile
                0x00104cb4       0xd4 G:/devkitPro/libctru/lib\libctru.a(fs.o)
                0x00104cb4                FSUSER_CreateFile
 .text.FSUSER_CreateDirectory
                0x00104d88       0xc4 G:/devkitPro/libctru/lib\libctru.a(fs.o)
                0x00104d88                FSUSER_CreateDirectory
 .text.FSUSER_RenameDirectory
                0x00104e4c       0xf8 G:/devkitPro/libctru/lib\libctru.a(fs.o)
                0x00104e4c                FSUSER_RenameDirectory
 .text.FSUSER_OpenDirectory
                0x00104f44       0xb4 G:/devkitPro/libctru/lib\libctru.a(fs.o)
                0x00104f44                FSUSER_OpenDirectory
 .text.FSUSER_OpenArchive
                0x00104ff8       0x94 G:/devkitPro/libctru/lib\libctru.a(fs.o)
                0x00104ff8                FSUSER_OpenArchive
 .text.FSUSER_CloseArchive
                0x0010508c       0x8c G:/devkitPro/libctru/lib\libctru.a(fs.o)
                0x0010508c                FSUSER_CloseArchive
 .text.FSUSER_GetSdmcArchiveResource
                0x00105118       0x74 G:/devkitPro/libctru/lib\libctru.a(fs.o)
                0x00105118                FSUSER_GetSdmcArchiveResource
 .text.FSUSER_IsSdmcWritable
                0x0010518c       0x64 G:/devkitPro/libctru/lib\libctru.a(fs.o)
                0x0010518c                FSUSER_IsSdmcWritable
 .text.FSFILE_Read
                0x001051f0       0x58 G:/devkitPro/libctru/lib\libctru.a(fs.o)
                0x001051f0                FSFILE_Read
 .text.FSFILE_Write
                0x00105248       0x60 G:/devkitPro/libctru/lib\libctru.a(fs.o)
                0x00105248                FSFILE_Write
 .text.FSFILE_GetSize
                0x001052a8       0x38 G:/devkitPro/libctru/lib\libctru.a(fs.o)
                0x001052a8                FSFILE_GetSize
 .text.FSFILE_SetSize
                0x001052e0       0x28 G:/devkitPro/libctru/lib\libctru.a(fs.o)
                0x001052e0                FSFILE_SetSize
 .text.FSFILE_Close
                0x00105308       0x3c G:/devkitPro/libctru/lib\libctru.a(fs.o)
                0x00105308                FSFILE_Close
 .text.FSFILE_Flush
                0x00105344       0x24 G:/devkitPro/libctru/lib\libctru.a(fs.o)
                0x00105344                FSFILE_Flush
 .text.FSDIR_Read
                0x00105368       0x50 G:/devkitPro/libctru/lib\libctru.a(fs.o)
                0x00105368                FSDIR_Read
 .text.FSDIR_Close
                0x001053b8       0x3c G:/devkitPro/libctru/lib\libctru.a(fs.o)
                0x001053b8                FSDIR_Close
 .text.GSPGPU_AcquireRight
                0x001053f4       0x68 G:/devkitPro/libctru/lib\libctru.a(gspgpu.o)
                0x001053f4                GSPGPU_AcquireRight
 .text.GSPGPU_RestoreVramSysArea
                0x0010545c       0x2c G:/devkitPro/libctru/lib\libctru.a(gspgpu.o)
                0x0010545c                GSPGPU_RestoreVramSysArea
 .text.hidShouldUseIrrst
                0x00105488       0x24 G:/devkitPro/libctru/lib\libctru.a(hid.o)
                0x00105488                hidShouldUseIrrst
 .text.hidInit  0x001054ac      0x18c G:/devkitPro/libctru/lib\libctru.a(hid.o)
                0x001054ac                hidInit
 .text.hidExit  0x00105638       0xe8 G:/devkitPro/libctru/lib\libctru.a(hid.o)
                0x00105638                hidExit
 .text.irrstInit
                0x00105720      0x160 G:/devkitPro/libctru/lib\libctru.a(irrst.o)
                0x00105720                irrstInit
 .text.irrstExit
                0x00105880       0xcc G:/devkitPro/libctru/lib\libctru.a(irrst.o)
                0x00105880                irrstExit
 .text.ptmSysmInit
                0x0010594c       0x74 G:/devkitPro/libctru/lib\libctru.a(ptmsysm.o)
                0x0010594c                ptmSysmInit
 .text.ptmSysmExit
                0x001059c0       0x3c G:/devkitPro/libctru/lib\libctru.a(ptmsysm.o)
                0x001059c0                ptmSysmExit
 .text.PTMSYSM_ConfigureNew3DSCPU
                0x001059fc       0x34 G:/devkitPro/libctru/lib\libctru.a(ptmsysm.o)
                0x001059fc                PTMSYSM_ConfigureNew3DSCPU
 .text.srvPmGetSessionHandle
                0x00105a30        0xc G:/devkitPro/libctru/lib\libctru.a(srvpm.o)
                0x00105a30                srvPmGetSessionHandle
 .text.decode_utf8
                0x00105a3c      0x13c G:/devkitPro/libctru/lib\libctru.a(decode_utf8.o)
                0x00105a3c                decode_utf8
 .text.utf16_to_utf8
                0x00105b78       0xe8 G:/devkitPro/libctru/lib\libctru.a(utf16_to_utf8.o)
                0x00105b78                utf16_to_utf8
 .text.utf8_to_utf16
                0x00105c60       0xc0 G:/devkitPro/libctru/lib\libctru.a(utf8_to_utf16.o)
                0x00105c60                utf8_to_utf16
 .text.__system_allocateHeaps
                0x00105d20      0x1e0 G:/devkitPro/libctru/lib\libctru.a(allocateHeaps.o)
                0x00105d20                __system_allocateHeaps
 .text.__aeabi_read_tp
                0x00105f00        0xc G:/devkitPro/libctru/lib\libctru.a(readtp.o)
                0x00105f00                __aeabi_read_tp
 .text.mappableFindAddressWithin
                0x00105f0c       0xb4 G:/devkitPro/libctru/lib\libctru.a(mappable.o)
 .text.mappableInit
                0x00105fc0       0x28 G:/devkitPro/libctru/lib\libctru.a(mappable.o)
                0x00105fc0                mappableInit
 .text.mappableAlloc
                0x00105fe8       0x80 G:/devkitPro/libctru/lib\libctru.a(mappable.o)
                0x00105fe8                mappableAlloc
 .text.mappableFree
                0x00106068        0x4 G:/devkitPro/libctru/lib\libctru.a(mappable.o)
                0x00106068                mappableFree
 .text.decode_utf16
                0x0010606c       0x64 G:/devkitPro/libctru/lib\libctru.a(decode_utf16.o)
                0x0010606c                decode_utf16
 .text.encode_utf16
                0x001060d0       0x54 G:/devkitPro/libctru/lib\libctru.a(encode_utf16.o)
                0x001060d0                encode_utf16
 .text.encode_utf8
                0x00106124       0xe0 G:/devkitPro/libctru/lib\libctru.a(encode_utf8.o)
                0x00106124                encode_utf8
 .text.__udivmoddi4
                0x00106204      0x120 G:/devkitPro/devkitARM/bin/../lib/gcc/arm-none-eabi/13.2.0/armv6k/fpu\libgcc.a(_udivmoddi4.o)
                0x00106204                __udivmoddi4
 .text.printf   0x00106324       0x34 G:/devkitPro/devkitARM/bin/../lib/gcc/arm-none-eabi/13.2.0/../../../../arm-none-eabi/lib/armv6k/fpu\libg.a(libc_a-printf.o)
                0x00106324                printf
 .text.memalign
                0x00106358       0x20 G:/devkitPro/devkitARM/bin/../lib/gcc/arm-none-eabi/13.2.0/../../../../arm-none-eabi/lib/armv6k/fpu\libg.a(libc_a-malign.o)
                0x00106358                memalign
 .text.rename   0x00106378       0x20 G:/devkitPro/devkitARM/bin/../lib/gcc/arm-none-eabi/13.2.0/../../../../arm-none-eabi/lib/armv6k/fpu\libg.a(libc_a-rename.o)
                0x00106378                rename
 .text._memalign_r
                0x00106398      0x14c G:/devkitPro/devkitARM/bin/../lib/gcc/arm-none-eabi/13.2.0/../../../../arm-none-eabi/lib/armv6k/fpu\libg.a(libc_a-malignr.o)
                0x00106398                _memalign_r
 .text.snprintf
                0x001064e4       0xcc G:/devkitPro/devkitARM/bin/../lib/gcc/arm-none-eabi/13.2.0/../../../../arm-none-eabi/lib/armv6k/fpu\libg.a(libc_a-snprintf.o)
                0x001064e4                snprintf
 .text.bsearch  0x001065b0       0x78 G:/devkitPro/devkitARM/bin/../lib/gcc/arm-none-eabi/13.2.0/../../../../arm-none-eabi/lib/armv6k/fpu\libg.a(libc_a-bsearch.o)
                0x001065b0                bsearch
 .text.__call_exitprocs
                0x00106628        0x4 G:/devkitPro/devkitARM/bin/../lib/gcc/arm-none-eabi/13.2.0/../../../../arm-none-eabi/lib/armv6k/fpu\libg.a(libc_a-exit.o)
                0x00106628                __call_exitprocs
 .text.exit     0x0010662c       0x30 G:/devkitPro/devkitARM/bin/../lib/gcc/arm-none-eabi/13.2.0/../../../../arm-none-eabi/lib/armv6k/fpu\libg.a(libc_a-exit.o)
                0x0010662c                exit
 .text._malloc_trim_r
                0x0010665c       0xf8 G:/devkitPro/devkitARM/bin/../lib/gcc/arm-none-eabi/13.2.0/../../../../arm-none-eabi/lib/armv6k/fpu\libg.a(libc_a-freer.o)
                0x0010665c                _malloc_trim_r
 .text._free_r  0x00106754      0x2e8 G:/devkitPro/devkitARM/bin/../lib/gcc/arm-none-eabi/13.2.0/../../../../arm-none-eabi/lib/armv6k/fpu\libg.a(libc_a-freer.o)
                0x00106754                _free_r
 .text.get_arg  0x00106a3c      0x64c G:/devkitPro/devkitARM/bin/../lib/gcc/arm-none-eabi/13.2.0/../../../../arm-none-eabi/lib/armv6k/fpu\libg.a(libc_a-svfprintf.o)
 .text._svfprintf_r
                0x00107088     0x3324 G:/devkitPro/devkitARM/bin/../lib/gcc/arm-none-eabi/13.2.0/../../../../arm-none-eabi/lib/armv6k/fpu\libg.a(libc_a-svfprintf.o)
                0x00107088                _svfprintf_r
 .text.malloc   0x0010a3ac       0x18 G:/devkitPro/devkitARM/bin/../lib/gcc/arm-none-eabi/13.2.0/../../../../arm-none-eabi/lib/armv6k/fpu\libg.a(libc_a-malloc.o)
                0x0010a3ac                malloc
 .text.free     0x0010a3c4       0x18 G:/devkitPro/devkitARM/bin/../lib/gcc/arm-none-eabi/13.2.0/../../../../arm-none-eabi/lib/armv6k/fpu\libg.a(libc_a-malloc.o)
                0x0010a3c4                free
 .text._malloc_r
                0x0010a3dc      0x79c G:/devkitPro/devkitARM/bin/../lib/gcc/arm-none-eabi/13.2.0/../../../../arm-none-eabi/lib/armv6k/fpu\libg.a(libc_a-mallocr.o)
                0x0010a3dc                _malloc_r
 .text.memset   0x0010ab78       0xf4 G:/devkitPro/devkitARM/bin/../lib/gcc/arm-none-eabi/13.2.0/../../../../arm-none-eabi/lib/armv6k/fpu\libg.a(libc_a-memset.o)
                0x0010ab78                memset
 .text.__malloc_lock
                0x0010ac6c        0xc G:/devkitPro/devkitARM/bin/../lib/gcc/arm-none-eabi/13.2.0/../../../../arm-none-eabi/lib/armv6k/fpu\libg.a(libc_a-mlock.o)
                0x0010ac6c                __malloc_lock
 .text.__malloc_unlock
                0x0010ac78        0xc G:/devkitPro/devkitARM/bin/../lib/gcc/arm-none-eabi/13.2.0/../../../../arm-none-eabi/lib/armv6k/fpu\libg.a(libc_a-mlock.o)
                0x0010ac78                __malloc_unlock
 .text.get_arg  0x0010ac84      0x64c G:/devkitPro/devkitARM/bin/../lib/gcc/arm-none-eabi/13.2.0/../../../../arm-none-eabi/lib/armv6k/fpu\libg.a(libc_a-vfprintf.o)
 .text._vfprintf_r
                0x0010b2d0     0x3378 G:/devkitPro/devkitARM/bin/../lib/gcc/arm-none-eabi/13.2.0/../../../../arm-none-eabi/lib/armv6k/fpu\libg.a(libc_a-vfprintf.o)
                0x0010b2d0                _vfprintf_r
 .text.__sbprintf
                0x0010e648       0xb8 G:/devkitPro/devkitARM/bin/../lib/gcc/arm-none-eabi/13.2.0/../../../../arm-none-eabi/lib/armv6k/fpu\libg.a(libc_a-vfprintf.o)
 .text.strlen   0x0010e700       0x90 G:/devkitPro/devkitARM/bin/../lib/gcc/arm-none-eabi/13.2.0/../../../../arm-none-eabi/lib/armv6k/fpu\libg.a(libc_a-strlen.o)
                0x0010e700                strlen
 .text.__sflush_r
                0x0010e790      0x22c G:/devkitPro/devkitARM/bin/../lib/gcc/arm-none-eabi/13.2.0/../../../../arm-none-eabi/lib/armv6k/fpu\libg.a(libc_a-fflush.o)
                0x0010e790                __sflush_r
 .text._fflush_r
                0x0010e9bc       0x94 G:/devkitPro/devkitARM/bin/../lib/gcc/arm-none-eabi/13.2.0/../../../../arm-none-eabi/lib/armv6k/fpu\libg.a(libc_a-fflush.o)
                0x0010e9bc                _fflush_r
 .text.strdup   0x0010ea50       0x18 G:/devkitPro/devkitARM/bin/../lib/gcc/arm-none-eabi/13.2.0/../../../../arm-none-eabi/lib/armv6k/fpu\libg.a(libc_a-strdup.o)
                0x0010ea50                strdup
 .text.strrchr  0x0010ea68       0x48 G:/devkitPro/devkitARM/bin/../lib/gcc/arm-none-eabi/13.2.0/../../../../arm-none-eabi/lib/armv6k/fpu\libg.a(libc_a-strrchr.o)
                0x0010ea68                strrchr
 .text._strdup_r
                0x0010eab0       0x44 G:/devkitPro/devkitARM/bin/../lib/gcc/arm-none-eabi/13.2.0/../../../../arm-none-eabi/lib/armv6k/fpu\libg.a(libc_a-strdup_r.o)
                0x0010eab0                _strdup_r
 .text.strncat  0x0010eaf4       0xe4 G:/devkitPro/devkitARM/bin/../lib/gcc/arm-none-eabi/13.2.0/../../../../arm-none-eabi/lib/armv6k/fpu\libg.a(libc_a-strncat.o)
                0x0010eaf4                strncat
 .text.strncmp  0x0010ebd8       0xe4 G:/devkitPro/devkitARM/bin/../lib/gcc/arm-none-eabi/13.2.0/../../../../arm-none-eabi/lib/armv6k/fpu\libg.a(libc_a-strncmp.o)
                0x0010ebd8                strncmp
 .text._fwalk_sglue
                0x0010ecbc       0x70 G:/devkitPro/devkitARM/bin/../lib/gcc/arm-none-eabi/13.2.0/../../../../arm-none-eabi/lib/armv6k/fpu\libg.a(libc_a-fwalk.o)
                0x0010ecbc                _fwalk_sglue
 .text.strncpy  0x0010ed2c       0xc4 G:/devkitPro/devkitARM/bin/../lib/gcc/arm-none-eabi/13.2.0/../../../../arm-none-eabi/lib/armv6k/fpu\libg.a(libc_a-strncpy.o)
                0x0010ed2c                strncpy
 .text.stdio_exit_handler
                0x0010edf0       0x1c G:/devkitPro/devkitARM/bin/../lib/gcc/arm-none-eabi/13.2.0/../../../../arm-none-eabi/lib/armv6k/fpu\libg.a(libc_a-findfp.o)
 .text.cleanup_stdio
                0x0010ee0c       0x5c G:/devkitPro/devkitARM/bin/../lib/gcc/arm-none-eabi/13.2.0/../../../../arm-none-eabi/lib/armv6k/fpu\libg.a(libc_a-findfp.o)
 .text.global_stdio_init.part.0
                0x0010ee68      0x154 G:/devkitPro/devkitARM/bin/../lib/gcc/arm-none-eabi/13.2.0/../../../../arm-none-eabi/lib/armv6k/fpu\libg.a(libc_a-findfp.o)
 .text.__sinit  0x0010efbc       0x5c G:/devkitPro/devkitARM/bin/../lib/gcc/arm-none-eabi/13.2.0/../../../../arm-none-eabi/lib/armv6k/fpu\libg.a(libc_a-findfp.o)
                0x0010efbc                __sinit
 .text.__sfp_lock_acquire
                0x0010f018        0xc G:/devkitPro/devkitARM/bin/../lib/gcc/arm-none-eabi/13.2.0/../../../../arm-none-eabi/lib/armv6k/fpu\libg.a(libc_a-findfp.o)
                0x0010f018                __sfp_lock_acquire
 .text.__sfp_lock_release
                0x0010f024        0xc G:/devkitPro/devkitARM/bin/../lib/gcc/arm-none-eabi/13.2.0/../../../../arm-none-eabi/lib/armv6k/fpu\libg.a(libc_a-findfp.o)
                0x0010f024                __sfp_lock_release
 .text.strnlen  0x0010f030       0x48 G:/devkitPro/devkitARM/bin/../lib/gcc/arm-none-eabi/13.2.0/../../../../arm-none-eabi/lib/armv6k/fpu\libg.a(libc_a-strnlen.o)
                0x0010f030                strnlen
 .text._strtoul_l.isra.0
                0x0010f078      0x1d8 G:/devkitPro/devkitARM/bin/../lib/gcc/arm-none-eabi/13.2.0/../../../../arm-none-eabi/lib/armv6k/fpu\libg.a(libc_a-strtoul.o)
 .text.strtoul  0x0010f250       0x34 G:/devkitPro/devkitARM/bin/../lib/gcc/arm-none-eabi/13.2.0/../../../../arm-none-eabi/lib/armv6k/fpu\libg.a(libc_a-strtoul.o)
                0x0010f250                strtoul
 .text.__locale_mb_cur_max
                0x0010f284       0x24 G:/devkitPro/devkitARM/bin/../lib/gcc/arm-none-eabi/13.2.0/../../../../arm-none-eabi/lib/armv6k/fpu\libg.a(libc_a-locale.o)
                0x0010f284                __locale_mb_cur_max
 .text.critical_factorization
                0x0010f2a8      0x128 G:/devkitPro/devkitARM/bin/../lib/gcc/arm-none-eabi/13.2.0/../../../../arm-none-eabi/lib/armv6k/fpu\libg.a(libc_a-strstr.o)
 .text.two_way_long_needle
                0x0010f3d0      0x364 G:/devkitPro/devkitARM/bin/../lib/gcc/arm-none-eabi/13.2.0/../../../../arm-none-eabi/lib/armv6k/fpu\libg.a(libc_a-strstr.o)
 .text.strstr   0x0010f734      0x248 G:/devkitPro/devkitARM/bin/../lib/gcc/arm-none-eabi/13.2.0/../../../../arm-none-eabi/lib/armv6k/fpu\libg.a(libc_a-strstr.o)
                0x0010f734                strstr
 .text._localeconv_r
                0x0010f97c       0x24 G:/devkitPro/devkitARM/bin/../lib/gcc/arm-none-eabi/13.2.0/../../../../arm-none-eabi/lib/armv6k/fpu\libg.a(libc_a-localeconv.o)
                0x0010f97c                _localeconv_r
 .text.memchr   0x0010f9a0       0xe0 G:/devkitPro/devkitARM/bin/../lib/gcc/arm-none-eabi/13.2.0/../../../../arm-none-eabi/lib/armv6k/fpu\libg.a(libc_a-memchr-stub.o)
                0x0010f9a0                memchr
 .text.__utf8_wctomb
                0x0010fa80       0xf0 G:/devkitPro/devkitARM/bin/../lib/gcc/arm-none-eabi/13.2.0/../../../../arm-none-eabi/lib/armv6k/fpu\libg.a(libc_a-wctomb_r.o)
                0x0010fa80                __utf8_wctomb
 .text.memcpy   0x0010fb70      0x11c G:/devkitPro/devkitARM/bin/../lib/gcc/arm-none-eabi/13.2.0/../../../../arm-none-eabi/lib/armv6k/fpu\libg.a(libc_a-memcpy-stub.o)
                0x0010fb70                memcpy
 .text.__libc_init_array
                0x0010fc8c       0x84 G:/devkitPro/devkitARM/bin/../lib/gcc/arm-none-eabi/13.2.0/../../../../arm-none-eabi/lib/armv6k/fpu\libg.a(libc_a-init.o)
                0x0010fc8c                __libc_init_array
 .text.__libc_fini_array
                0x0010fd10       0x3c G:/devkitPro/devkitARM/bin/../lib/gcc/arm-none-eabi/13.2.0/../../../../arm-none-eabi/lib/armv6k/fpu\libg.a(libc_a-fini.o)
                0x0010fd10                __libc_fini_array
 .text.__errno  0x0010fd4c        0xc G:/devkitPro/devkitARM/bin/../lib/gcc/arm-none-eabi/13.2.0/../../../../arm-none-eabi/lib/armv6k/fpu\libg.a(libc_a-errno.o)
                0x0010fd4c                __errno
 .text.frexp    0x0010fd58       0x88 G:/devkitPro/devkitARM/bin/../lib/gcc/arm-none-eabi/13.2.0/../../../../arm-none-eabi/lib/armv6k/fpu\libg.a(libm_a-s_frexp.o)
                0x0010fd58                frexp
 .text._wcrtomb_r
                0x0010fde0       0xa0 G:/devkitPro/devkitARM/bin/../lib/gcc/arm-none-eabi/13.2.0/../../../../arm-none-eabi/lib/armv6k/fpu\libg.a(libc_a-wcrtomb.o)
                0x0010fde0                _wcrtomb_r
 .text._wcsrtombs_r
                0x0010fe80       0x28 G:/devkitPro/devkitARM/bin/../lib/gcc/arm-none-eabi/13.2.0/../../../../arm-none-eabi/lib/armv6k/fpu\libg.a(libc_a-wcsrtombs.o)
                0x0010fe80                _wcsrtombs_r
 .text.__sread  0x0010fea8       0x44 G:/devkitPro/devkitARM/bin/../lib/gcc/arm-none-eabi/13.2.0/../../../../arm-none-eabi/lib/armv6k/fpu\libg.a(libc_a-stdio.o)
                0x0010fea8                __sread
 .text.__swrite
                0x0010feec       0x68 G:/devkitPro/devkitARM/bin/../lib/gcc/arm-none-eabi/13.2.0/../../../../arm-none-eabi/lib/armv6k/fpu\libg.a(libc_a-stdio.o)
                0x0010feec                __swrite
 .text.__sseek  0x0010ff54       0x44 G:/devkitPro/devkitARM/bin/../lib/gcc/arm-none-eabi/13.2.0/../../../../arm-none-eabi/lib/armv6k/fpu\libg.a(libc_a-stdio.o)
                0x0010ff54                __sseek
 .text.__sclose
                0x0010ff98        0x8 G:/devkitPro/devkitARM/bin/../lib/gcc/arm-none-eabi/13.2.0/../../../../arm-none-eabi/lib/armv6k/fpu\libg.a(libc_a-stdio.o)
                0x0010ff98                __sclose
 .text.get_arg  0x0010ffa0      0x64c G:/devkitPro/devkitARM/bin/../lib/gcc/arm-none-eabi/13.2.0/../../../../arm-none-eabi/lib/armv6k/fpu\libg.a(libc_a-vfiprintf.o)
 .text.__sprint_r
                0x001105ec       0x30 G:/devkitPro/devkitARM/bin/../lib/gcc/arm-none-eabi/13.2.0/../../../../arm-none-eabi/lib/armv6k/fpu\libg.a(libc_a-vfiprintf.o)
                0x001105ec                __sprint_r
 .text._vfiprintf_r
                0x0011061c     0x2304 G:/devkitPro/devkitARM/bin/../lib/gcc/arm-none-eabi/13.2.0/../../../../arm-none-eabi/lib/armv6k/fpu\libg.a(libc_a-vfiprintf.o)
                0x0011061c                _vfiprintf_r
 .text.__sbprintf
                0x00112920       0xb8 G:/devkitPro/devkitARM/bin/../lib/gcc/arm-none-eabi/13.2.0/../../../../arm-none-eabi/lib/armv6k/fpu\libg.a(libc_a-vfiprintf.o)
 .text.__ssprint_r
                0x001129d8      0x18c G:/devkitPro/devkitARM/bin/../lib/gcc/arm-none-eabi/13.2.0/../../../../arm-none-eabi/lib/armv6k/fpu\libg.a(libc_a-svfiprintf.o)
                0x001129d8                __ssprint_r
 .text.__swsetup_r
                0x00112b64      0x138 G:/devkitPro/devkitARM/bin/../lib/gcc/arm-none-eabi/13.2.0/../../../../arm-none-eabi/lib/armv6k/fpu\libg.a(libc_a-wsetup.o)
                0x00112b64                __swsetup_r
 .text.quorem   0x00112c9c      0x1b4 G:/devkitPro/devkitARM/bin/../lib/gcc/arm-none-eabi/13.2.0/../../../../arm-none-eabi/lib/armv6k/fpu\libg.a(libc_a-dtoa.o)
 .text._dtoa_r  0x00112e50     0x1218 G:/devkitPro/devkitARM/bin/../lib/gcc/arm-none-eabi/13.2.0/../../../../arm-none-eabi/lib/armv6k/fpu\libg.a(libc_a-dtoa.o)
                0x00112e50                _dtoa_r
 .text.strchr   0x00114068      0x130 G:/devkitPro/devkitARM/bin/../lib/gcc/arm-none-eabi/13.2.0/../../../../arm-none-eabi/lib/armv6k/fpu\libg.a(libc_a-strchr.o)
                0x00114068                strchr
 .text.memcmp   0x00114198       0xd8 G:/devkitPro/devkitARM/bin/../lib/gcc/arm-none-eabi/13.2.0/../../../../arm-none-eabi/lib/armv6k/fpu\libg.a(libc_a-memcmp.o)
                0x00114198                memcmp
 .text._fclose_r
                0x00114270      0x148 G:/devkitPro/devkitARM/bin/../lib/gcc/arm-none-eabi/13.2.0/../../../../arm-none-eabi/lib/armv6k/fpu\libg.a(libc_a-fclose.o)
                0x00114270                _fclose_r
 .text.memmove  0x001143b8      0x150 G:/devkitPro/devkitARM/bin/../lib/gcc/arm-none-eabi/13.2.0/../../../../arm-none-eabi/lib/armv6k/fpu\libg.a(libc_a-memmove.o)
                0x001143b8                memmove
 .text._Balloc  0x00114508       0x88 G:/devkitPro/devkitARM/bin/../lib/gcc/arm-none-eabi/13.2.0/../../../../arm-none-eabi/lib/armv6k/fpu\libg.a(libc_a-mprec.o)
                0x00114508                _Balloc
 .text._Bfree   0x00114590       0x1c G:/devkitPro/devkitARM/bin/../lib/gcc/arm-none-eabi/13.2.0/../../../../arm-none-eabi/lib/armv6k/fpu\libg.a(libc_a-mprec.o)
                0x00114590                _Bfree
 .text.__multadd
                0x001145ac       0xf4 G:/devkitPro/devkitARM/bin/../lib/gcc/arm-none-eabi/13.2.0/../../../../arm-none-eabi/lib/armv6k/fpu\libg.a(libc_a-mprec.o)
                0x001145ac                __multadd
 .text.__hi0bits
                0x001146a0       0x60 G:/devkitPro/devkitARM/bin/../lib/gcc/arm-none-eabi/13.2.0/../../../../arm-none-eabi/lib/armv6k/fpu\libg.a(libc_a-mprec.o)
                0x001146a0                __hi0bits
 .text.__lo0bits
                0x00114700       0x9c G:/devkitPro/devkitARM/bin/../lib/gcc/arm-none-eabi/13.2.0/../../../../arm-none-eabi/lib/armv6k/fpu\libg.a(libc_a-mprec.o)
                0x00114700                __lo0bits
 .text.__i2b    0x0011479c       0xa4 G:/devkitPro/devkitARM/bin/../lib/gcc/arm-none-eabi/13.2.0/../../../../arm-none-eabi/lib/armv6k/fpu\libg.a(libc_a-mprec.o)
                0x0011479c                __i2b
 .text.__multiply
                0x00114840      0x204 G:/devkitPro/devkitARM/bin/../lib/gcc/arm-none-eabi/13.2.0/../../../../arm-none-eabi/lib/armv6k/fpu\libg.a(libc_a-mprec.o)
                0x00114840                __multiply
 .text.__pow5mult
                0x00114a44      0x128 G:/devkitPro/devkitARM/bin/../lib/gcc/arm-none-eabi/13.2.0/../../../../arm-none-eabi/lib/armv6k/fpu\libg.a(libc_a-mprec.o)
                0x00114a44                __pow5mult
 .text.__lshift
                0x00114b6c      0x140 G:/devkitPro/devkitARM/bin/../lib/gcc/arm-none-eabi/13.2.0/../../../../arm-none-eabi/lib/armv6k/fpu\libg.a(libc_a-mprec.o)
                0x00114b6c                __lshift
 .text.__mcmp   0x00114cac       0x58 G:/devkitPro/devkitARM/bin/../lib/gcc/arm-none-eabi/13.2.0/../../../../arm-none-eabi/lib/armv6k/fpu\libg.a(libc_a-mprec.o)
                0x00114cac                __mcmp
 .text.__mdiff  0x00114d04      0x1fc G:/devkitPro/devkitARM/bin/../lib/gcc/arm-none-eabi/13.2.0/../../../../arm-none-eabi/lib/armv6k/fpu\libg.a(libc_a-mprec.o)
                0x00114d04                __mdiff
 .text.__d2b    0x00114f00      0x124 G:/devkitPro/devkitARM/bin/../lib/gcc/arm-none-eabi/13.2.0/../../../../arm-none-eabi/lib/armv6k/fpu\libg.a(libc_a-mprec.o)
                0x00114f00                __d2b
 .text.__sfvwrite_r
                0x00115024      0x4b4 G:/devkitPro/devkitARM/bin/../lib/gcc/arm-none-eabi/13.2.0/../../../../arm-none-eabi/lib/armv6k/fpu\libg.a(libc_a-fvwrite.o)
                0x00115024                __sfvwrite_r
 .text._realloc_r
                0x001154d8      0x4a0 G:/devkitPro/devkitARM/bin/../lib/gcc/arm-none-eabi/13.2.0/../../../../arm-none-eabi/lib/armv6k/fpu\libg.a(libc_a-reallocr.o)
                0x001154d8                _realloc_r
 .text.__utf8_mbtowc
                0x00115978      0x2f8 G:/devkitPro/devkitARM/bin/../lib/gcc/arm-none-eabi/13.2.0/../../../../arm-none-eabi/lib/armv6k/fpu\libg.a(libc_a-mbtowc_r.o)
                0x00115978                __utf8_mbtowc
 .text.__smakebuf_r
                0x00115c70      0x12c G:/devkitPro/devkitARM/bin/../lib/gcc/arm-none-eabi/13.2.0/../../../../arm-none-eabi/lib/armv6k/fpu\libg.a(libc_a-makebuf.o)
                0x00115c70                __smakebuf_r
 .text._wcsnrtombs_l
                0x00115d9c      0x188 G:/devkitPro/devkitARM/bin/../lib/gcc/arm-none-eabi/13.2.0/../../../../arm-none-eabi/lib/armv6k/fpu\libg.a(libc_a-wcsnrtombs.o)
                0x00115d9c                _wcsnrtombs_l
 .text._wcsnrtombs_r
                0x00115f24       0x64 G:/devkitPro/devkitARM/bin/../lib/gcc/arm-none-eabi/13.2.0/../../../../arm-none-eabi/lib/armv6k/fpu\libg.a(libc_a-wcsnrtombs.o)
                0x00115f24                _wcsnrtombs_r
 .text._calloc_r
                0x00115f88       0xc0 G:/devkitPro/devkitARM/bin/../lib/gcc/arm-none-eabi/13.2.0/../../../../arm-none-eabi/lib/armv6k/fpu\libg.a(libc_a-callocr.o)
                0x00115f88                _calloc_r
 .text.__assert_func
                0x00116048       0x5c G:/devkitPro/devkitARM/bin/../lib/gcc/arm-none-eabi/13.2.0/../../../../arm-none-eabi/lib/armv6k/fpu\libg.a(libc_a-assert.o)
                0x00116048                __assert_func
 .text.fiprintf
                0x001160a4       0x3c G:/devkitPro/devkitARM/bin/../lib/gcc/arm-none-eabi/13.2.0/../../../../arm-none-eabi/lib/armv6k/fpu\libg.a(libc_a-fiprintf.o)
                0x001160a4                fiprintf
 .text.abort    0x001160e0       0x14 G:/devkitPro/devkitARM/bin/../lib/gcc/arm-none-eabi/13.2.0/../../../../arm-none-eabi/lib/armv6k/fpu\libg.a(libc_a-abort.o)
                0x001160e0                abort
 .text._raise_r
                0x001160f4       0x90 G:/devkitPro/devkitARM/bin/../lib/gcc/arm-none-eabi/13.2.0/../../../../arm-none-eabi/lib/armv6k/fpu\libg.a(libc_a-signal.o)
                0x001160f4                _raise_r
 .text.raise    0x00116184       0x18 G:/devkitPro/devkitARM/bin/../lib/gcc/arm-none-eabi/13.2.0/../../../../arm-none-eabi/lib/armv6k/fpu\libg.a(libc_a-signal.o)
                0x00116184                raise
 .text._exit    0x0011619c       0x20 G:/devkitPro/devkitARM/bin/../lib/gcc/arm-none-eabi/13.2.0/../../../../arm-none-eabi/lib/armv6k/fpu\libsysbase.a(libsysbase_libsysbase_a-_exit.o)
                0x0011619c                _exit
 .text.chdir    0x001161bc      0x13c G:/devkitPro/devkitARM/bin/../lib/gcc/arm-none-eabi/13.2.0/../../../../arm-none-eabi/lib/armv6k/fpu\libsysbase.a(libsysbase_libsysbase_a-chdir.o)
                0x001161bc                chdir
 .text._concatenate_path
                0x001162f8      0x1cc G:/devkitPro/devkitARM/bin/../lib/gcc/arm-none-eabi/13.2.0/../../../../arm-none-eabi/lib/armv6k/fpu\libsysbase.a(libsysbase_libsysbase_a-concatenate.o)
                0x001162f8                _concatenate_path
 .text.__dirnext
                0x001164c4       0x68 G:/devkitPro/devkitARM/bin/../lib/gcc/arm-none-eabi/13.2.0/../../../../arm-none-eabi/lib/armv6k/fpu\libsysbase.a(libsysbase_libsysbase_a-dirent.o)
 .text.opendir  0x0011652c       0xf4 G:/devkitPro/devkitARM/bin/../lib/gcc/arm-none-eabi/13.2.0/../../../../arm-none-eabi/lib/armv6k/fpu\libsysbase.a(libsysbase_libsysbase_a-dirent.o)
                0x0011652c                opendir
 .text.closedir
                0x00116620       0x90 G:/devkitPro/devkitARM/bin/../lib/gcc/arm-none-eabi/13.2.0/../../../../arm-none-eabi/lib/armv6k/fpu\libsysbase.a(libsysbase_libsysbase_a-dirent.o)
                0x00116620                closedir
 .text.readdir  0x001166b0       0xc4 G:/devkitPro/devkitARM/bin/../lib/gcc/arm-none-eabi/13.2.0/../../../../arm-none-eabi/lib/armv6k/fpu\libsysbase.a(libsysbase_libsysbase_a-dirent.o)
                0x001166b0                readdir
 .text._fstat_r
                0x00116774       0x78 G:/devkitPro/devkitARM/bin/../lib/gcc/arm-none-eabi/13.2.0/../../../../arm-none-eabi/lib/armv6k/fpu\libsysbase.a(libsysbase_libsysbase_a-fstat.o)
                0x00116774                _fstat_r
 .text._getpid_r
                0x001167ec       0x14 G:/devkitPro/devkitARM/bin/../lib/gcc/arm-none-eabi/13.2.0/../../../../arm-none-eabi/lib/armv6k/fpu\libsysbase.a(libsysbase_libsysbase_a-getpid.o)
                0x001167ec                _getpid_r
 .text.__getreent
                0x00116800       0x2c G:/devkitPro/devkitARM/bin/../lib/gcc/arm-none-eabi/13.2.0/../../../../arm-none-eabi/lib/armv6k/fpu\libsysbase.a(libsysbase_libsysbase_a-getreent.o)
                0x00116800                __getreent
 .text.__get_handle
                0x0011682c       0x3c G:/devkitPro/devkitARM/bin/../lib/gcc/arm-none-eabi/13.2.0/../../../../arm-none-eabi/lib/armv6k/fpu\libsysbase.a(libsysbase_libsysbase_a-handle_manager.o)
                0x0011682c                __get_handle
 .text._close_r
                0x00116868       0xf4 G:/devkitPro/devkitARM/bin/../lib/gcc/arm-none-eabi/13.2.0/../../../../arm-none-eabi/lib/armv6k/fpu\libsysbase.a(libsysbase_libsysbase_a-handle_manager.o)
                0x00116868                _close_r
 .text.null_write
                0x0011695c        0x8 G:/devkitPro/devkitARM/bin/../lib/gcc/arm-none-eabi/13.2.0/../../../../arm-none-eabi/lib/armv6k/fpu\libsysbase.a(libsysbase_libsysbase_a-iosupport.o)
 .text.setDefaultDevice
                0x00116964       0x18 G:/devkitPro/devkitARM/bin/../lib/gcc/arm-none-eabi/13.2.0/../../../../arm-none-eabi/lib/armv6k/fpu\libsysbase.a(libsysbase_libsysbase_a-iosupport.o)
                0x00116964                setDefaultDevice
 .text.FindDevice
                0x0011697c       0xc8 G:/devkitPro/devkitARM/bin/../lib/gcc/arm-none-eabi/13.2.0/../../../../arm-none-eabi/lib/armv6k/fpu\libsysbase.a(libsysbase_libsysbase_a-iosupport.o)
                0x0011697c                FindDevice
 .text.RemoveDevice
                0x00116a44       0x28 G:/devkitPro/devkitARM/bin/../lib/gcc/arm-none-eabi/13.2.0/../../../../arm-none-eabi/lib/armv6k/fpu\libsysbase.a(libsysbase_libsysbase_a-iosupport.o)
                0x00116a44                RemoveDevice
 .text.AddDevice
                0x00116a6c       0x9c G:/devkitPro/devkitARM/bin/../lib/gcc/arm-none-eabi/13.2.0/../../../../arm-none-eabi/lib/armv6k/fpu\libsysbase.a(libsysbase_libsysbase_a-iosupport.o)
                0x00116a6c                AddDevice
 .text.GetDeviceOpTab
                0x00116b08       0x20 G:/devkitPro/devkitARM/bin/../lib/gcc/arm-none-eabi/13.2.0/../../../../arm-none-eabi/lib/armv6k/fpu\libsysbase.a(libsysbase_libsysbase_a-iosupport.o)
                0x00116b08                GetDeviceOpTab
 .text._isatty_r
                0x00116b28        0x8 G:/devkitPro/devkitARM/bin/../lib/gcc/arm-none-eabi/13.2.0/../../../../arm-none-eabi/lib/armv6k/fpu\libsysbase.a(libsysbase_libsysbase_a-isatty.o)
                0x00116b28                _isatty_r
 .text._kill_r  0x00116b30       0x14 G:/devkitPro/devkitARM/bin/../lib/gcc/arm-none-eabi/13.2.0/../../../../arm-none-eabi/lib/armv6k/fpu\libsysbase.a(libsysbase_libsysbase_a-kill.o)
                0x00116b30                _kill_r
 .text._lseek_r
                0x00116b44       0x84 G:/devkitPro/devkitARM/bin/../lib/gcc/arm-none-eabi/13.2.0/../../../../arm-none-eabi/lib/armv6k/fpu\libsysbase.a(libsysbase_libsysbase_a-lseek.o)
                0x00116b44                _lseek_r
 .text.mkdir    0x00116bc8       0x60 G:/devkitPro/devkitARM/bin/../lib/gcc/arm-none-eabi/13.2.0/../../../../arm-none-eabi/lib/armv6k/fpu\libsysbase.a(libsysbase_libsysbase_a-mkdir.o)
                0x00116bc8                mkdir
 .text._read_r  0x00116c28       0x80 G:/devkitPro/devkitARM/bin/../lib/gcc/arm-none-eabi/13.2.0/../../../../arm-none-eabi/lib/armv6k/fpu\libsysbase.a(libsysbase_libsysbase_a-read.o)
                0x00116c28                _read_r
 .text._rename_r
                0x00116ca8       0x80 G:/devkitPro/devkitARM/bin/../lib/gcc/arm-none-eabi/13.2.0/../../../../arm-none-eabi/lib/armv6k/fpu\libsysbase.a(libsysbase_libsysbase_a-rename.o)
                0x00116ca8                _rename_r
 .text._sbrk_r  0x00116d28       0x78 G:/devkitPro/devkitARM/bin/../lib/gcc/arm-none-eabi/13.2.0/../../../../arm-none-eabi/lib/armv6k/fpu\libsysbase.a(libsysbase_libsysbase_a-sbrk.o)
                0x00116d28                _sbrk_r
 .text.__libc_lock_acquire
                0x00116da0       0x1c G:/devkitPro/devkitARM/bin/../lib/gcc/arm-none-eabi/13.2.0/../../../../arm-none-eabi/lib/armv6k/fpu\libsysbase.a(libsysbase_libsysbase_a-syscall_support.o)
                0x00116da0                __libc_lock_acquire
 .text.__libc_lock_release
                0x00116dbc       0x1c G:/devkitPro/devkitARM/bin/../lib/gcc/arm-none-eabi/13.2.0/../../../../arm-none-eabi/lib/armv6k/fpu\libsysbase.a(libsysbase_libsysbase_a-syscall_support.o)
                0x00116dbc                __libc_lock_release
 .text.__libc_lock_acquire_recursive
                0x00116dd8       0x1c G:/devkitPro/devkitARM/bin/../lib/gcc/arm-none-eabi/13.2.0/../../../../arm-none-eabi/lib/armv6k/fpu\libsysbase.a(libsysbase_libsysbase_a-syscall_support.o)
                0x00116dd8                __libc_lock_acquire_recursive
 .text.__libc_lock_release_recursive
                0x00116df4       0x1c G:/devkitPro/devkitARM/bin/../lib/gcc/arm-none-eabi/13.2.0/../../../../arm-none-eabi/lib/armv6k/fpu\libsysbase.a(libsysbase_libsysbase_a-syscall_support.o)
                0x00116df4                __libc_lock_release_recursive
 .text._write_r
                0x00116e10       0x80 G:/devkitPro/devkitARM/bin/../lib/gcc/arm-none-eabi/13.2.0/../../../../arm-none-eabi/lib/armv6k/fpu\libsysbase.a(libsysbase_libsysbase_a-write.o)
                0x00116e10                _write_r
 *(.glue_7)
 .glue_7        0x00116e90        0x0 linker stubs
 *(.glue_7t)
 .glue_7t       0x00116e90        0x0 linker stubs
 *(.stub)
 *(.gnu.warning)
 *(.gnu.linkonce.t*)
                0x00116e90                        . = ALIGN (0x4)
 *(.fini)
 .fini          0x00116e90        0xc G:/devkitPro/devkitARM/bin/../lib/gcc/arm-none-eabi/13.2.0/armv6k/fpu/crti.o
                0x00116e90                _fini
 .fini          0x00116e9c        0xc G:/devkitPro/devkitARM/bin/../lib/gcc/arm-none-eabi/13.2.0/armv6k/fpu/crtn.o
                0x00116ea8                        . = ALIGN (0x4)

.vfp11_veneer   0x00116ea8        0x0
 .vfp11_veneer  0x00116ea8        0x0 linker stubs

.v4_bx          0x00116ea8        0x0
 .v4_bx         0x00116ea8        0x0 linker stubs

.iplt           0x00116ea8        0x0
 .iplt          0x00116ea8        0x0 G:/devkitPro/devkitARM/bin/../lib/gcc/arm-none-eabi/13.2.0/../../../../arm-none-eabi/lib/armv6k/fpu/3dsx_crt0.o
                0x00117000                        . = ALIGN (0x1000)

.rodata         0x00117000      0x7e4
 *(.rodata)
 .rodata        0x00117000       0x14 main.o
 .rodata        0x00117014        0xc G:/devkitPro/libctru/lib\libctru.a(archive_dev.o)
 *(.roda)
 *(.rodata.*)
 .rodata.str1.4
                0x00117020      0x213 main.o
                                 0x59 (size before relaxing)
 .rodata.__system_initArgv.str1.4
                0x00117233        0xa G:/devkitPro/libctru/lib\libctru.a(initArgv.o)
 .rodata.archive_utf16path.str1.4
                0x00117233        0x2 G:/devkitPro/libctru/lib\libctru.a(archive_dev.o)
 .rodata._archiveUnmountDeviceStruct.part.0.str1.4
                0x00117233        0x2 G:/devkitPro/libctru/lib\libctru.a(archive_dev.o)
 .rodata._archiveMountDevice.str1.4
                0x00117233        0xc G:/devkitPro/libctru/lib\libctru.a(archive_dev.o)
 .rodata.archiveMountSdmc.str1.4
                0x00117233        0x5 G:/devkitPro/libctru/lib\libctru.a(archive_dev.o)
 *fill*         0x00117233        0x1 
 .rodata.error_table
                0x00117234       0x30 G:/devkitPro/libctru/lib\libctru.a(archive_dev.o)
 .rodata.str1.4
                0x00117264        0x8 G:/devkitPro/libctru/lib\libctru.a(archive_dev.o)
 .rodata.archive_devoptab
                0x00117264       0x80 G:/devkitPro/libctru/lib\libctru.a(archive_dev.o)
 .rodata.srvInit.str1.4
                0x001172e4        0x5 G:/devkitPro/libctru/lib\libctru.a(srv.o)
 .rodata.aptSendCommand.str1.4
                0x001172e4       0x16 G:/devkitPro/libctru/lib\libctru.a(apt.o)
 .rodata.s_sleepWakeEvents.4
                0x001172e4        0x8 G:/devkitPro/libctru/lib\libctru.a(apt.o)
 .rodata.fsInit.str1.4
                0x001172ec        0x8 G:/devkitPro/libctru/lib\libctru.a(fs.o)
 .rodata.hidInit.str1.4
                0x001172ec       0x15 G:/devkitPro/libctru/lib\libctru.a(hid.o)
 .rodata.irrstInit.str1.4
                0x001172ec        0x7 G:/devkitPro/libctru/lib\libctru.a(irrst.o)
 .rodata.ptmSysmInit.str1.4
                0x001172ec        0x9 G:/devkitPro/libctru/lib\libctru.a(ptmsysm.o)
 .rodata._svfprintf_r.str1.1
                0x001172ec       0x3b G:/devkitPro/devkitARM/bin/../lib/gcc/arm-none-eabi/13.2.0/../../../../arm-none-eabi/lib/armv6k/fpu\libg.a(libc_a-svfprintf.o)
 *fill*         0x00117327        0x1 
 .rodata.zeroes.0
                0x00117328       0x10 G:/devkitPro/devkitARM/bin/../lib/gcc/arm-none-eabi/13.2.0/../../../../arm-none-eabi/lib/armv6k/fpu\libg.a(libc_a-svfprintf.o)
 .rodata.blanks.1
                0x00117338       0x10 G:/devkitPro/devkitARM/bin/../lib/gcc/arm-none-eabi/13.2.0/../../../../arm-none-eabi/lib/armv6k/fpu\libg.a(libc_a-svfprintf.o)
 .rodata._vfprintf_r.str1.1
                0x00117348       0x3b G:/devkitPro/devkitARM/bin/../lib/gcc/arm-none-eabi/13.2.0/../../../../arm-none-eabi/lib/armv6k/fpu\libg.a(libc_a-vfprintf.o)
 .rodata.zeroes.0
                0x00117348       0x10 G:/devkitPro/devkitARM/bin/../lib/gcc/arm-none-eabi/13.2.0/../../../../arm-none-eabi/lib/armv6k/fpu\libg.a(libc_a-vfprintf.o)
 .rodata.blanks.1
                0x00117358       0x10 G:/devkitPro/devkitARM/bin/../lib/gcc/arm-none-eabi/13.2.0/../../../../arm-none-eabi/lib/armv6k/fpu\libg.a(libc_a-vfprintf.o)
 .rodata.str1.4
                0x00117368       0x4c G:/devkitPro/devkitARM/bin/../lib/gcc/arm-none-eabi/13.2.0/../../../../arm-none-eabi/lib/armv6k/fpu\libg.a(libc_a-locale.o)
 .rodata._ctype_
                0x00117368      0x101 G:/devkitPro/devkitARM/bin/../lib/gcc/arm-none-eabi/13.2.0/../../../../arm-none-eabi/lib/armv6k/fpu\libg.a(libc_a-ctype_.o)
                0x00117368                _ctype_
 .rodata._vfiprintf_r.str1.1
                0x00117469       0x29 G:/devkitPro/devkitARM/bin/../lib/gcc/arm-none-eabi/13.2.0/../../../../arm-none-eabi/lib/armv6k/fpu\libg.a(libc_a-vfiprintf.o)
 *fill*         0x00117469        0x3 
 .rodata.zeroes.0
                0x0011746c       0x10 G:/devkitPro/devkitARM/bin/../lib/gcc/arm-none-eabi/13.2.0/../../../../arm-none-eabi/lib/armv6k/fpu\libg.a(libc_a-vfiprintf.o)
 .rodata.blanks.1
                0x0011747c       0x10 G:/devkitPro/devkitARM/bin/../lib/gcc/arm-none-eabi/13.2.0/../../../../arm-none-eabi/lib/armv6k/fpu\libg.a(libc_a-vfiprintf.o)
 .rodata.__action_table
                0x0011748c       0x6c G:/devkitPro/devkitARM/bin/../lib/gcc/arm-none-eabi/13.2.0/../../../../arm-none-eabi/lib/armv6k/fpu\libg.a(libc_a-svfiprintf.o)
                0x0011748c                __action_table
 .rodata.__state_table
                0x001174f8       0x6c G:/devkitPro/devkitARM/bin/../lib/gcc/arm-none-eabi/13.2.0/../../../../arm-none-eabi/lib/armv6k/fpu\libg.a(libc_a-svfiprintf.o)
                0x001174f8                __state_table
 .rodata.__chclass
                0x00117564      0x100 G:/devkitPro/devkitARM/bin/../lib/gcc/arm-none-eabi/13.2.0/../../../../arm-none-eabi/lib/armv6k/fpu\libg.a(libc_a-svfiprintf.o)
                0x00117564                __chclass
 .rodata._dtoa_r.str1.4
                0x00117664       0x6a G:/devkitPro/devkitARM/bin/../lib/gcc/arm-none-eabi/13.2.0/../../../../arm-none-eabi/lib/armv6k/fpu\libg.a(libc_a-dtoa.o)
 .rodata.__multadd.str1.4
                0x00117664       0x57 G:/devkitPro/devkitARM/bin/../lib/gcc/arm-none-eabi/13.2.0/../../../../arm-none-eabi/lib/armv6k/fpu\libg.a(libc_a-mprec.o)
 .rodata.p05.0  0x00117664        0xc G:/devkitPro/devkitARM/bin/../lib/gcc/arm-none-eabi/13.2.0/../../../../arm-none-eabi/lib/armv6k/fpu\libg.a(libc_a-mprec.o)
 .rodata.__mprec_bigtens
                0x00117670       0x28 G:/devkitPro/devkitARM/bin/../lib/gcc/arm-none-eabi/13.2.0/../../../../arm-none-eabi/lib/armv6k/fpu\libg.a(libc_a-mprec.o)
                0x00117670                __mprec_bigtens
 .rodata.__mprec_tens
                0x00117698       0xc8 G:/devkitPro/devkitARM/bin/../lib/gcc/arm-none-eabi/13.2.0/../../../../arm-none-eabi/lib/armv6k/fpu\libg.a(libc_a-mprec.o)
                0x00117698                __mprec_tens
 .rodata.__assert_func.str1.4
                0x00117760       0x43 G:/devkitPro/devkitARM/bin/../lib/gcc/arm-none-eabi/13.2.0/../../../../arm-none-eabi/lib/armv6k/fpu\libg.a(libc_a-assert.o)
 .rodata.AddDevice.str1.4
                0x00117760        0x8 G:/devkitPro/devkitARM/bin/../lib/gcc/arm-none-eabi/13.2.0/../../../../arm-none-eabi/lib/armv6k/fpu\libsysbase.a(libsysbase_libsysbase_a-iosupport.o)
 .rodata.dotab_stdnull
                0x00117760       0x80 G:/devkitPro/devkitARM/bin/../lib/gcc/arm-none-eabi/13.2.0/../../../../arm-none-eabi/lib/armv6k/fpu\libsysbase.a(libsysbase_libsysbase_a-iosupport.o)
                0x00117760                dotab_stdnull
 *all.rodata*(*)
 *(.gnu.linkonce.r*)
                0x001177e0                        . = ALIGN (0x4)
                0x001177e0                        __tdata_align = .
                0x001177e0        0x4 LONG 0x4 ALIGNOF (.tdata)
                0x001177e4                        . = ALIGN (0x4)

.eh_frame       0x001177e4        0x0
 .eh_frame      0x001177e4        0x0 G:/devkitPro/devkitARM/bin/../lib/gcc/arm-none-eabi/13.2.0/armv6k/fpu/crtbegin.o

.rel.dyn        0x001177e4        0x0
 .rel.iplt      0x001177e4        0x0 G:/devkitPro/devkitARM/bin/../lib/gcc/arm-none-eabi/13.2.0/../../../../arm-none-eabi/lib/armv6k/fpu/3dsx_crt0.o
 .rel.got       0x001177e4        0x0 G:/devkitPro/devkitARM/bin/../lib/gcc/arm-none-eabi/13.2.0/../../../../arm-none-eabi/lib/armv6k/fpu/3dsx_crt0.o

.ARM.extab
 *(.ARM.extab* .gnu.linkonce.armextab.*)
                0x001177e4                        __exidx_start = .

.ARM.exidx
 *(.ARM.exidx* .gnu.linkonce.armexidx.*)
                0x001177e4                        __exidx_end = .
                0x00118000                        . = ALIGN (0x1000)

.data           0x00118000     0x1b6c
 *(.data)
 *(.data.*)
 .data.__stacksize__
                0x00118000        0x4 G:/devkitPro/libctru/lib\libctru.a(stack_adjust.o)
                0x00118000                __stacksize__
 .data.aptChainloadDeliverArgSize
                0x00118004        0x4 G:/devkitPro/libctru/lib\libctru.a(apt.o)
 .data.__malloc_sbrk_base
                0x00118008        0x4 G:/devkitPro/devkitARM/bin/../lib/gcc/arm-none-eabi/13.2.0/../../../../arm-none-eabi/lib/armv6k/fpu\libg.a(libc_a-mallocr.o)
                0x00118008                __malloc_sbrk_base
 .data.__malloc_trim_threshold
                0x0011800c        0x4 G:/devkitPro/devkitARM/bin/../lib/gcc/arm-none-eabi/13.2.0/../../../../arm-none-eabi/lib/armv6k/fpu\libg.a(libc_a-mallocr.o)
                0x0011800c                __malloc_trim_threshold
 .data.__malloc_av_
                0x00118010      0x408 G:/devkitPro/devkitARM/bin/../lib/gcc/arm-none-eabi/13.2.0/../../../../arm-none-eabi/lib/armv6k/fpu\libg.a(libc_a-mallocr.o)
                0x00118010                __malloc_av_
 .data.__sglue  0x00118418        0xc G:/devkitPro/devkitARM/bin/../lib/gcc/arm-none-eabi/13.2.0/../../../../arm-none-eabi/lib/armv6k/fpu\libg.a(libc_a-findfp.o)
                0x00118418                __sglue
 .data.__global_locale
                0x00118424      0x16c G:/devkitPro/devkitARM/bin/../lib/gcc/arm-none-eabi/13.2.0/../../../../arm-none-eabi/lib/armv6k/fpu\libg.a(libc_a-locale.o)
                0x00118424                __global_locale
 .data._impure_ptr
                0x00118590        0x4 G:/devkitPro/devkitARM/bin/../lib/gcc/arm-none-eabi/13.2.0/../../../../arm-none-eabi/lib/armv6k/fpu\libg.a(libc_a-impure.o)
                0x00118590                _impure_ptr
 *fill*         0x00118594        0x4 
 .data._impure_data
                0x00118598      0x120 G:/devkitPro/devkitARM/bin/../lib/gcc/arm-none-eabi/13.2.0/../../../../arm-none-eabi/lib/armv6k/fpu\libg.a(libc_a-impure.o)
                0x00118598                _impure_data
 .data._current_working_directory
                0x001186b8      0x400 G:/devkitPro/devkitARM/bin/../lib/gcc/arm-none-eabi/13.2.0/../../../../arm-none-eabi/lib/armv6k/fpu\libsysbase.a(libsysbase_libsysbase_a-chdir.o)
 .data.handles  0x00118ab8     0x1000 G:/devkitPro/devkitARM/bin/../lib/gcc/arm-none-eabi/13.2.0/../../../../arm-none-eabi/lib/armv6k/fpu\libsysbase.a(libsysbase_libsysbase_a-handle_manager.o)
 .data.__stderr_handle
                0x00119ab8        0xc G:/devkitPro/devkitARM/bin/../lib/gcc/arm-none-eabi/13.2.0/../../../../arm-none-eabi/lib/armv6k/fpu\libsysbase.a(libsysbase_libsysbase_a-handle_manager.o)
 .data.__stdout_handle
                0x00119ac4        0xc G:/devkitPro/devkitARM/bin/../lib/gcc/arm-none-eabi/13.2.0/../../../../arm-none-eabi/lib/armv6k/fpu\libsysbase.a(libsysbase_libsysbase_a-handle_manager.o)
 .data.__stdin_handle
                0x00119ad0        0xc G:/devkitPro/devkitARM/bin/../lib/gcc/arm-none-eabi/13.2.0/../../../../arm-none-eabi/lib/armv6k/fpu\libsysbase.a(libsysbase_libsysbase_a-handle_manager.o)
 .data.devoptab_list
                0x00119adc       0x8c G:/devkitPro/devkitARM/bin/../lib/gcc/arm-none-eabi/13.2.0/../../../../arm-none-eabi/lib/armv6k/fpu\libsysbase.a(libsysbase_libsysbase_a-iosupport.o)
                0x00119adc                devoptab_list
 .data.defaultDevice
                0x00119b68        0x4 G:/devkitPro/devkitARM/bin/../lib/gcc/arm-none-eabi/13.2.0/../../../../arm-none-eabi/lib/armv6k/fpu\libsysbase.a(libsysbase_libsysbase_a-iosupport.o)
 *(.gnu.linkonce.d*)
                0x00119b6c                        . = ALIGN (0x4)

.igot.plt       0x00119b6c        0x0
 .igot.plt      0x00119b6c        0x0 G:/devkitPro/devkitARM/bin/../lib/gcc/arm-none-eabi/13.2.0/../../../../arm-none-eabi/lib/armv6k/fpu/3dsx_crt0.o

.got            0x00119b6c        0x8
 .got           0x00119b6c        0x8 G:/devkitPro/devkitARM/bin/../lib/gcc/arm-none-eabi/13.2.0/../../../../arm-none-eabi/lib/armv6k/fpu/3dsx_crt0.o

.got.plt        0x00119b74        0xc
 .got.plt       0x00119b74        0xc G:/devkitPro/devkitARM/bin/../lib/gcc/arm-none-eabi/13.2.0/../../../../arm-none-eabi/lib/armv6k/fpu/3dsx_crt0.o
                0x00119b74                _GLOBAL_OFFSET_TABLE_

.tdata          0x00119b80        0x0
                0x00119b80                        __tdata_lma = .
 *(.tdata)
 *(.tdata.*)
 *(.gnu.linkonce.td.*)
                0x00119b80                        . = ALIGN (0x4)
                0x00119b80                        __tdata_lma_end = .

.tbss           0x00119b80      0xc08
 *(.tbss)
 *(.tbss.*)
 .tbss.__ctru_dev_utf16_buf
                0x00119b80      0x802 G:/devkitPro/libctru/lib\libctru.a(path_buf.o)
                0x00119b80                __ctru_dev_utf16_buf
 *fill*         0x0011a382        0x2 
 .tbss.__ctru_dev_path_buf
                0x0011a384      0x401 G:/devkitPro/libctru/lib\libctru.a(path_buf.o)
                0x0011a384                __ctru_dev_path_buf
 *(.gnu.linkonce.tb.*)
 *(.tcommon)
                0x0011a788                        . = ALIGN (0x4)
 *fill*         0x0011a785        0x3 

.preinit_array  0x00119b80        0x0
                0x00119b80                        PROVIDE (__preinit_array_start = .)
 *(.preinit_array)
                0x00119b80                        PROVIDE (__preinit_array_end = .)

.init_array     0x00119b80        0x4
                0x00119b80                        PROVIDE (__init_array_start = .)
 *(SORT_BY_NAME(.init_array.*))
 *(.init_array)
 .init_array    0x00119b80        0x4 G:/devkitPro/devkitARM/bin/../lib/gcc/arm-none-eabi/13.2.0/armv6k/fpu/crtbegin.o
                0x00119b84                        PROVIDE (__init_array_end = .)

.fini_array     0x00119b84        0x4
                0x00119b84                        PROVIDE (__fini_array_start = .)
 *(.fini_array)
 .fini_array    0x00119b84        0x4 G:/devkitPro/devkitARM/bin/../lib/gcc/arm-none-eabi/13.2.0/armv6k/fpu/crtbegin.o
 *(SORT_BY_NAME(.fini_array.*))
                0x00119b88                        PROVIDE (__fini_array_end = .)

.ctors
 *crtbegin.o(.ctors)
 *(EXCLUDE_FILE(*crtend.o) .ctors)
 *(SORT_BY_NAME(.ctors.*))
 *(.ctors)

.dtors
 *crtbegin.o(.dtors)
 *(EXCLUDE_FILE(*crtend.o) .dtors)
 *(SORT_BY_NAME(.dtors.*))
 *(.dtors)
                0x00119b88                        __bss_start__ = .

.bss            0x00119b88     0x2c64
 *(.dynbss)
 *(.bss)
 *(.bss.*)
 .bss.completed.1
                0x00119b88        0x1 G:/devkitPro/devkitARM/bin/../lib/gcc/arm-none-eabi/13.2.0/armv6k/fpu/crtbegin.o
 *fill*         0x00119b89        0x3 
 .bss.object.0  0x00119b8c       0x18 G:/devkitPro/devkitARM/bin/../lib/gcc/arm-none-eabi/13.2.0/armv6k/fpu/crtbegin.o
 .bss.__system_argv
                0x00119ba4        0x4 G:/devkitPro/libctru/lib\libctru.a(initArgv.o)
                0x00119ba4                __system_argv
 .bss.__system_argc
                0x00119ba8        0x4 G:/devkitPro/libctru/lib\libctru.a(initArgv.o)
                0x00119ba8                __system_argc
 .bss.saved_stack.42
                0x00119bac        0x8 G:/devkitPro/libctru/lib\libctru.a(stack_adjust.o)
 .bss.__3dslink_host
                0x00119bb4        0x4 G:/devkitPro/libctru/lib\libctru.a(3dslink.o)
                0x00119bb4                __3dslink_host
 .bss.__system_retAddr
                0x00119bb8        0x4 G:/devkitPro/libctru/lib\libctru.a(ctru_init.o)
                0x00119bb8                __system_retAddr
 *fill*         0x00119bbc        0x4 
 .bss.archive_devices
                0x00119bc0      0x5c0 G:/devkitPro/libctru/lib\libctru.a(archive_dev.o)
 .bss.archive_device_cwd
                0x0011a180        0x4 G:/devkitPro/libctru/lib\libctru.a(archive_dev.o)
 .bss.archive_initialized
                0x0011a184        0x1 G:/devkitPro/libctru/lib\libctru.a(archive_dev.o)
 .bss.__ctru_speedup
                0x0011a185        0x1 G:/devkitPro/libctru/lib\libctru.a(os.o)
                0x0011a185                __ctru_speedup
 *fill*         0x0011a186        0x2 
 .bss.srvRefCount
                0x0011a188        0x4 G:/devkitPro/libctru/lib\libctru.a(srv.o)
 .bss.srvHandle
                0x0011a18c        0x4 G:/devkitPro/libctru/lib\libctru.a(srv.o)
 .bss.arbiter   0x0011a190        0x4 G:/devkitPro/libctru/lib\libctru.a(synchronization.o)
 .bss.flagValue.0
                0x0011a194        0x1 G:/devkitPro/libctru/lib\libctru.a(apt.o)
 .bss.flagInit.1
                0x0011a195        0x1 G:/devkitPro/libctru/lib\libctru.a(apt.o)
 *fill*         0x0011a196        0x2 
 .bss.serviceName.6
                0x0011a198        0x4 G:/devkitPro/libctru/lib\libctru.a(apt.o)
 .bss.aptChainloadFlags
                0x0011a19c        0x1 G:/devkitPro/libctru/lib\libctru.a(apt.o)
 .bss.aptChainloadMediatype
                0x0011a19d        0x1 G:/devkitPro/libctru/lib\libctru.a(apt.o)
 *fill*         0x0011a19e        0x2 
 .bss.aptChainloadHmac
                0x0011a1a0       0x20 G:/devkitPro/libctru/lib\libctru.a(apt.o)
 .bss.aptChainloadDeliverArg
                0x0011a1c0      0x300 G:/devkitPro/libctru/lib\libctru.a(apt.o)
 .bss.aptChainloadTid
                0x0011a4c0        0x8 G:/devkitPro/libctru/lib\libctru.a(apt.o)
 .bss.aptParameters
                0x0011a4c8     0x1000 G:/devkitPro/libctru/lib\libctru.a(apt.o)
 .bss.aptFlags  0x0011b4c8        0x4 G:/devkitPro/libctru/lib\libctru.a(apt.o)
 .bss.aptHomeButtonState
                0x0011b4cc        0x1 G:/devkitPro/libctru/lib\libctru.a(apt.o)
 *fill*         0x0011b4cd        0x3 
 .bss.aptMessageFuncData
                0x0011b4d0        0x4 G:/devkitPro/libctru/lib\libctru.a(apt.o)
 .bss.aptMessageFunc
                0x0011b4d4        0x4 G:/devkitPro/libctru/lib\libctru.a(apt.o)
 .bss.aptFirstHook
                0x0011b4d8        0xc G:/devkitPro/libctru/lib\libctru.a(apt.o)
 .bss.aptEventHandlerThreadQuit
                0x0011b4e4        0x1 G:/devkitPro/libctru/lib\libctru.a(apt.o)
 *fill*         0x0011b4e5        0x3 
 .bss.aptEventHandlerThread
                0x0011b4e8        0x4 G:/devkitPro/libctru/lib\libctru.a(apt.o)
 .bss.aptSleepEvent
                0x0011b4ec        0x8 G:/devkitPro/libctru/lib\libctru.a(apt.o)
 .bss.aptReceiveEvent
                0x0011b4f4        0x8 G:/devkitPro/libctru/lib\libctru.a(apt.o)
 .bss.aptEvents
                0x0011b4fc        0x8 G:/devkitPro/libctru/lib\libctru.a(apt.o)
 .bss.aptLockHandle
                0x0011b504        0x4 G:/devkitPro/libctru/lib\libctru.a(apt.o)
 .bss.aptRefCount
                0x0011b508        0x4 G:/devkitPro/libctru/lib\libctru.a(apt.o)
 *fill*         0x0011b50c        0x4 
 .bss.fsExemptArchives
                0x0011b510       0x80 G:/devkitPro/libctru/lib\libctru.a(fs.o)
 .bss.fsuRefCount
                0x0011b590        0x4 G:/devkitPro/libctru/lib\libctru.a(fs.o)
 .bss.fsuHandle
                0x0011b594        0x4 G:/devkitPro/libctru/lib\libctru.a(fs.o)
 .bss.gspGpuRight
                0x0011b598        0x1 G:/devkitPro/libctru/lib\libctru.a(gspgpu.o)
 *fill*         0x0011b599        0x3 
 .bss.gspGpuHandle
                0x0011b59c        0x4 G:/devkitPro/libctru/lib\libctru.a(gspgpu.o)
 .bss.usingIrrst
                0x0011b5a0        0x1 G:/devkitPro/libctru/lib\libctru.a(hid.o)
 *fill*         0x0011b5a1        0x3 
 .bss.hidRefCount
                0x0011b5a4        0x4 G:/devkitPro/libctru/lib\libctru.a(hid.o)
 .bss.kUp       0x0011b5a8        0x4 G:/devkitPro/libctru/lib\libctru.a(hid.o)
 .bss.kDown     0x0011b5ac        0x4 G:/devkitPro/libctru/lib\libctru.a(hid.o)
 .bss.kHeld     0x0011b5b0        0x4 G:/devkitPro/libctru/lib\libctru.a(hid.o)
 .bss.kOld      0x0011b5b4        0x4 G:/devkitPro/libctru/lib\libctru.a(hid.o)
 .bss.hidSharedMem
                0x0011b5b8        0x4 G:/devkitPro/libctru/lib\libctru.a(hid.o)
                0x0011b5b8                hidSharedMem
 .bss.hidEvents
                0x0011b5bc       0x14 G:/devkitPro/libctru/lib\libctru.a(hid.o)
                0x0011b5bc                hidEvents
 .bss.hidMemHandle
                0x0011b5d0        0x4 G:/devkitPro/libctru/lib\libctru.a(hid.o)
                0x0011b5d0                hidMemHandle
 .bss.hidHandle
                0x0011b5d4        0x4 G:/devkitPro/libctru/lib\libctru.a(hid.o)
                0x0011b5d4                hidHandle
 .bss.irrstRefCount
                0x0011b5d8        0x4 G:/devkitPro/libctru/lib\libctru.a(irrst.o)
 .bss.kHeld     0x0011b5dc        0x4 G:/devkitPro/libctru/lib\libctru.a(irrst.o)
 .bss.irrstSharedMem
                0x0011b5e0        0x4 G:/devkitPro/libctru/lib\libctru.a(irrst.o)
                0x0011b5e0                irrstSharedMem
 .bss.irrstEvent
                0x0011b5e4        0x4 G:/devkitPro/libctru/lib\libctru.a(irrst.o)
                0x0011b5e4                irrstEvent
 .bss.irrstMemHandle
                0x0011b5e8        0x4 G:/devkitPro/libctru/lib\libctru.a(irrst.o)
                0x0011b5e8                irrstMemHandle
 .bss.irrstHandle
                0x0011b5ec        0x4 G:/devkitPro/libctru/lib\libctru.a(irrst.o)
                0x0011b5ec                irrstHandle
 .bss.ptmSysmRefCount
                0x0011b5f0        0x4 G:/devkitPro/libctru/lib\libctru.a(ptmsysm.o)
 .bss.ptmSysmHandle
                0x0011b5f4        0x4 G:/devkitPro/libctru/lib\libctru.a(ptmsysm.o)
 .bss.srvPmHandle
                0x0011b5f8        0x4 G:/devkitPro/libctru/lib\libctru.a(srvpm.o)
 .bss.__ctru_linear_heap_size
                0x0011b5fc        0x4 G:/devkitPro/libctru/lib\libctru.a(allocateHeaps.o)
                0x0011b5fc                __ctru_linear_heap_size
 .bss.__ctru_heap_size
                0x0011b600        0x4 G:/devkitPro/libctru/lib\libctru.a(allocateHeaps.o)
                0x0011b600                __ctru_heap_size
 .bss.__ctru_linear_heap
                0x0011b604        0x4 G:/devkitPro/libctru/lib\libctru.a(allocateHeaps.o)
                0x0011b604                __ctru_linear_heap
 .bss.__ctru_heap
                0x0011b608        0x4 G:/devkitPro/libctru/lib\libctru.a(allocateHeaps.o)
                0x0011b608                __ctru_heap
 .bss.currentAddr
                0x0011b60c        0x4 G:/devkitPro/libctru/lib\libctru.a(mappable.o)
 .bss.maxAddr   0x0011b610        0x4 G:/devkitPro/libctru/lib\libctru.a(mappable.o)
 .bss.minAddr   0x0011b614        0x4 G:/devkitPro/libctru/lib\libctru.a(mappable.o)
 .bss.__malloc_current_mallinfo
                0x0011b618       0x28 G:/devkitPro/devkitARM/bin/../lib/gcc/arm-none-eabi/13.2.0/../../../../arm-none-eabi/lib/armv6k/fpu\libg.a(libc_a-mallocr.o)
                0x0011b618                __malloc_current_mallinfo
 .bss.__malloc_max_total_mem
                0x0011b640        0x4 G:/devkitPro/devkitARM/bin/../lib/gcc/arm-none-eabi/13.2.0/../../../../arm-none-eabi/lib/armv6k/fpu\libg.a(libc_a-mallocr.o)
                0x0011b640                __malloc_max_total_mem
 .bss.__malloc_max_sbrked_mem
                0x0011b644        0x4 G:/devkitPro/devkitARM/bin/../lib/gcc/arm-none-eabi/13.2.0/../../../../arm-none-eabi/lib/armv6k/fpu\libg.a(libc_a-mallocr.o)
                0x0011b644                __malloc_max_sbrked_mem
 .bss.__malloc_top_pad
                0x0011b648        0x4 G:/devkitPro/devkitARM/bin/../lib/gcc/arm-none-eabi/13.2.0/../../../../arm-none-eabi/lib/armv6k/fpu\libg.a(libc_a-mallocr.o)
                0x0011b648                __malloc_top_pad
 .bss.__malloc_recursive_mutex
                0x0011b64c        0xc G:/devkitPro/devkitARM/bin/../lib/gcc/arm-none-eabi/13.2.0/../../../../arm-none-eabi/lib/armv6k/fpu\libg.a(libc_a-mlock.o)
 .bss.__sfp_recursive_mutex
                0x0011b658        0xc G:/devkitPro/devkitARM/bin/../lib/gcc/arm-none-eabi/13.2.0/../../../../arm-none-eabi/lib/armv6k/fpu\libg.a(libc_a-findfp.o)
 *fill*         0x0011b664        0x4 
 .bss.__sf      0x0011b668      0x168 G:/devkitPro/devkitARM/bin/../lib/gcc/arm-none-eabi/13.2.0/../../../../arm-none-eabi/lib/armv6k/fpu\libg.a(libc_a-findfp.o)
                0x0011b668                __sf
 .bss.__stdio_exit_handler
                0x0011b7d0        0x4 G:/devkitPro/devkitARM/bin/../lib/gcc/arm-none-eabi/13.2.0/../../../../arm-none-eabi/lib/armv6k/fpu\libg.a(libc_a-findfp.o)
                0x0011b7d0                __stdio_exit_handler
 .bss.temp_cwd  0x0011b7d4      0x400 G:/devkitPro/devkitARM/bin/../lib/gcc/arm-none-eabi/13.2.0/../../../../arm-none-eabi/lib/armv6k/fpu\libsysbase.a(libsysbase_libsysbase_a-chdir.o)
 .bss.__hndl_lock
                0x0011bbd4        0x4 G:/devkitPro/devkitARM/bin/../lib/gcc/arm-none-eabi/13.2.0/../../../../arm-none-eabi/lib/armv6k/fpu\libsysbase.a(libsysbase_libsysbase_a-handle_manager.o)
 .bss.fake_heap_start
                0x0011bbd8        0x4 G:/devkitPro/devkitARM/bin/../lib/gcc/arm-none-eabi/13.2.0/../../../../arm-none-eabi/lib/armv6k/fpu\libsysbase.a(libsysbase_libsysbase_a-malloc_vars.o)
                0x0011bbd8                fake_heap_start
 .bss.fake_heap_end
                0x0011bbdc        0x4 G:/devkitPro/devkitARM/bin/../lib/gcc/arm-none-eabi/13.2.0/../../../../arm-none-eabi/lib/armv6k/fpu\libsysbase.a(libsysbase_libsysbase_a-malloc_vars.o)
                0x0011bbdc                fake_heap_end
 .bss.heap_start.0
                0x0011bbe0        0x4 G:/devkitPro/devkitARM/bin/../lib/gcc/arm-none-eabi/13.2.0/../../../../arm-none-eabi/lib/armv6k/fpu\libsysbase.a(libsysbase_libsysbase_a-sbrk.o)
 *(.gnu.linkonce.b*)
 *(COMMON)
                0x0011bbe4                        . = (0x8 + ABSOLUTE (ALIGN (ABSOLUTE ((. - 0x8)), ALIGNOF (.tdata))))
                0x0011bbe4                        __tls_start = .
                0x0011bbe4                        . = (. + SIZEOF (.tdata))
                0x0011bbe4                        . = ALIGN (ALIGNOF (.tbss))
                0x0011c7ec                        . = (. + SIZEOF (.tbss))
 *fill*         0x0011bbe4      0xc08 
                0x0011c7ec                        __tls_end = .
                0x0011c7ec                        __bss_end__ = .
                0x0011c7ec                        __end__ = ABSOLUTE (.)

/DISCARD/
 *(.group .comment .note)

.stab
 *(.stab)

.stabstr
 *(.stabstr)

.stab.excl
 *(.stab.excl)

.stab.exclstr
 *(.stab.exclstr)

.stab.index
 *(.stab.index)

.stab.indexstr
 *(.stab.indexstr)

.debug
 *(.debug)

.line
 *(.line)

.debug_srcinfo
 *(.debug_srcinfo)

.debug_sfnames
 *(.debug_sfnames)

.debug_aranges  0x00000000     0x1398
 *(.debug_aranges)
 .debug_aranges
                0x00000000       0x30 main.o
 .debug_aranges
                0x00000030       0x20 G:/devkitPro/libctru/lib\libctru.a(initArgv.o)
 .debug_aranges
                0x00000050       0x28 G:/devkitPro/libctru/lib\libctru.a(stack_adjust.o)
 .debug_aranges
                0x00000078       0x20 G:/devkitPro/libctru/lib\libctru.a(3dslink.o)
 .debug_aranges
                0x00000098       0x20 G:/devkitPro/libctru/lib\libctru.a(appExit.o)
 .debug_aranges
                0x000000b8       0x20 G:/devkitPro/libctru/lib\libctru.a(appInit.o)
 .debug_aranges
                0x000000d8       0x20 G:/devkitPro/libctru/lib\libctru.a(ctru_exit.o)
 .debug_aranges
                0x000000f8       0x20 G:/devkitPro/libctru/lib\libctru.a(ctru_init.o)
 .debug_aranges
                0x00000118       0xe0 G:/devkitPro/libctru/lib\libctru.a(syscalls.o)
 .debug_aranges
                0x000001f8      0x330 G:/devkitPro/libctru/lib\libctru.a(svc.o)
 .debug_aranges
                0x00000528      0x140 G:/devkitPro/libctru/lib\libctru.a(archive_dev.o)
 .debug_aranges
                0x00000668       0x28 G:/devkitPro/libctru/lib\libctru.a(env.o)
 .debug_aranges
                0x00000690       0x58 G:/devkitPro/libctru/lib\libctru.a(os.o)
 .debug_aranges
                0x000006e8       0x18 G:/devkitPro/libctru/lib\libctru.a(path_buf.o)
 .debug_aranges
                0x00000700       0xc0 G:/devkitPro/libctru/lib\libctru.a(srv.o)
 .debug_aranges
                0x000007c0       0xf0 G:/devkitPro/libctru/lib\libctru.a(synchronization.o)
 .debug_aranges
                0x000008b0       0x60 G:/devkitPro/libctru/lib\libctru.a(thread.o)
 .debug_aranges
                0x00000910      0x268 G:/devkitPro/libctru/lib\libctru.a(apt.o)
 .debug_aranges
                0x00000b78      0x3b8 G:/devkitPro/libctru/lib\libctru.a(fs.o)
 .debug_aranges
                0x00000f30      0x108 G:/devkitPro/libctru/lib\libctru.a(gspgpu.o)
 .debug_aranges
                0x00001038       0xd0 G:/devkitPro/libctru/lib\libctru.a(hid.o)
 .debug_aranges
                0x00001108       0x68 G:/devkitPro/libctru/lib\libctru.a(irrst.o)
 .debug_aranges
                0x00001170       0xa0 G:/devkitPro/libctru/lib\libctru.a(ptmsysm.o)
 .debug_aranges
                0x00001210       0x50 G:/devkitPro/libctru/lib\libctru.a(srvpm.o)
 .debug_aranges
                0x00001260       0x20 G:/devkitPro/libctru/lib\libctru.a(decode_utf8.o)
 .debug_aranges
                0x00001280       0x20 G:/devkitPro/libctru/lib\libctru.a(utf16_to_utf8.o)
 .debug_aranges
                0x000012a0       0x20 G:/devkitPro/libctru/lib\libctru.a(utf8_to_utf16.o)
 .debug_aranges
                0x000012c0       0x20 G:/devkitPro/libctru/lib\libctru.a(allocateHeaps.o)
 .debug_aranges
                0x000012e0       0x20 G:/devkitPro/libctru/lib\libctru.a(readtp.o)
 .debug_aranges
                0x00001300       0x38 G:/devkitPro/libctru/lib\libctru.a(mappable.o)
 .debug_aranges
                0x00001338       0x20 G:/devkitPro/libctru/lib\libctru.a(decode_utf16.o)
 .debug_aranges
                0x00001358       0x20 G:/devkitPro/libctru/lib\libctru.a(encode_utf16.o)
 .debug_aranges
                0x00001378       0x20 G:/devkitPro/libctru/lib\libctru.a(encode_utf8.o)

.debug_pubnames
 *(.debug_pubnames)

.debug_info     0x00000000    0x25865
 *(.debug_info)
 .debug_info    0x00000000      0x5d7 main.o
 .debug_info    0x000005d7      0x2bc G:/devkitPro/libctru/lib\libctru.a(initArgv.o)
 .debug_info    0x00000893       0x23 G:/devkitPro/libctru/lib\libctru.a(stack_adjust.o)
 .debug_info    0x000008b6      0xa42 G:/devkitPro/libctru/lib\libctru.a(3dslink.o)
 .debug_info    0x000012f8      0x13d G:/devkitPro/libctru/lib\libctru.a(appExit.o)
 .debug_info    0x00001435      0x148 G:/devkitPro/libctru/lib\libctru.a(appInit.o)
 .debug_info    0x0000157d      0x2b7 G:/devkitPro/libctru/lib\libctru.a(ctru_exit.o)
 .debug_info    0x00001834      0x185 G:/devkitPro/libctru/lib\libctru.a(ctru_init.o)
 .debug_info    0x000019b9     0x1765 G:/devkitPro/libctru/lib\libctru.a(syscalls.o)
 .debug_info    0x0000311e       0x23 G:/devkitPro/libctru/lib\libctru.a(svc.o)
 .debug_info    0x00003141     0x42b1 G:/devkitPro/libctru/lib\libctru.a(archive_dev.o)
 .debug_info    0x000073f2      0x2a9 G:/devkitPro/libctru/lib\libctru.a(env.o)
 .debug_info    0x0000769b      0x6cc G:/devkitPro/libctru/lib\libctru.a(os.o)
 .debug_info    0x00007d67       0xd7 G:/devkitPro/libctru/lib\libctru.a(path_buf.o)
 .debug_info    0x00007e3e     0x1af2 G:/devkitPro/libctru/lib\libctru.a(srv.o)
 .debug_info    0x00009930     0x2956 G:/devkitPro/libctru/lib\libctru.a(synchronization.o)
 .debug_info    0x0000c286     0x1152 G:/devkitPro/libctru/lib\libctru.a(thread.o)
 .debug_info    0x0000d3d8     0x5593 G:/devkitPro/libctru/lib\libctru.a(apt.o)
 .debug_info    0x0001296b     0x8f48 G:/devkitPro/libctru/lib\libctru.a(fs.o)
 .debug_info    0x0001b8b3     0x5c04 G:/devkitPro/libctru/lib\libctru.a(gspgpu.o)
 .debug_info    0x000214b7     0x13d8 G:/devkitPro/libctru/lib\libctru.a(hid.o)
 .debug_info    0x0002288f      0xafc G:/devkitPro/libctru/lib\libctru.a(irrst.o)
 .debug_info    0x0002338b      0xb06 G:/devkitPro/libctru/lib\libctru.a(ptmsysm.o)
 .debug_info    0x00023e91      0x872 G:/devkitPro/libctru/lib\libctru.a(srvpm.o)
 .debug_info    0x00024703      0x158 G:/devkitPro/libctru/lib\libctru.a(decode_utf8.o)
 .debug_info    0x0002485b      0x205 G:/devkitPro/libctru/lib\libctru.a(utf16_to_utf8.o)
 .debug_info    0x00024a60      0x205 G:/devkitPro/libctru/lib\libctru.a(utf8_to_utf16.o)
 .debug_info    0x00024c65      0x529 G:/devkitPro/libctru/lib\libctru.a(allocateHeaps.o)
 .debug_info    0x0002518e       0x24 G:/devkitPro/libctru/lib\libctru.a(readtp.o)
 .debug_info    0x000251b2      0x36d G:/devkitPro/libctru/lib\libctru.a(mappable.o)
 .debug_info    0x0002551f      0x134 G:/devkitPro/libctru/lib\libctru.a(decode_utf16.o)
 .debug_info    0x00025653      0x109 G:/devkitPro/libctru/lib\libctru.a(encode_utf16.o)
 .debug_info    0x0002575c      0x109 G:/devkitPro/libctru/lib\libctru.a(encode_utf8.o)

.debug_abbrev   0x00000000     0x51a8
 *(.debug_abbrev)
 .debug_abbrev  0x00000000      0x1fb main.o
 .debug_abbrev  0x000001fb      0x198 G:/devkitPro/libctru/lib\libctru.a(initArgv.o)
 .debug_abbrev  0x00000393       0x12 G:/devkitPro/libctru/lib\libctru.a(stack_adjust.o)
 .debug_abbrev  0x000003a5      0x259 G:/devkitPro/libctru/lib\libctru.a(3dslink.o)
 .debug_abbrev  0x000005fe       0x9e G:/devkitPro/libctru/lib\libctru.a(appExit.o)
 .debug_abbrev  0x0000069c       0x93 G:/devkitPro/libctru/lib\libctru.a(appInit.o)
 .debug_abbrev  0x0000072f      0x15a G:/devkitPro/libctru/lib\libctru.a(ctru_exit.o)
 .debug_abbrev  0x00000889      0x129 G:/devkitPro/libctru/lib\libctru.a(ctru_init.o)
 .debug_abbrev  0x000009b2      0x4f5 G:/devkitPro/libctru/lib\libctru.a(syscalls.o)
 .debug_abbrev  0x00000ea7       0x12 G:/devkitPro/libctru/lib\libctru.a(svc.o)
 .debug_abbrev  0x00000eb9      0x656 G:/devkitPro/libctru/lib\libctru.a(archive_dev.o)
 .debug_abbrev  0x0000150f      0x1bf G:/devkitPro/libctru/lib\libctru.a(env.o)
 .debug_abbrev  0x000016ce      0x2b2 G:/devkitPro/libctru/lib\libctru.a(os.o)
 .debug_abbrev  0x00001980       0x6f G:/devkitPro/libctru/lib\libctru.a(path_buf.o)
 .debug_abbrev  0x000019ef      0x514 G:/devkitPro/libctru/lib\libctru.a(srv.o)
 .debug_abbrev  0x00001f03      0x4f2 G:/devkitPro/libctru/lib\libctru.a(synchronization.o)
 .debug_abbrev  0x000023f5      0x495 G:/devkitPro/libctru/lib\libctru.a(thread.o)
 .debug_abbrev  0x0000288a      0x763 G:/devkitPro/libctru/lib\libctru.a(apt.o)
 .debug_abbrev  0x00002fed      0x620 G:/devkitPro/libctru/lib\libctru.a(fs.o)
 .debug_abbrev  0x0000360d      0x62a G:/devkitPro/libctru/lib\libctru.a(gspgpu.o)
 .debug_abbrev  0x00003c37      0x516 G:/devkitPro/libctru/lib\libctru.a(hid.o)
 .debug_abbrev  0x0000414d      0x38b G:/devkitPro/libctru/lib\libctru.a(irrst.o)
 .debug_abbrev  0x000044d8      0x24f G:/devkitPro/libctru/lib\libctru.a(ptmsysm.o)
 .debug_abbrev  0x00004727      0x2f1 G:/devkitPro/libctru/lib\libctru.a(srvpm.o)
 .debug_abbrev  0x00004a18       0x93 G:/devkitPro/libctru/lib\libctru.a(decode_utf8.o)
 .debug_abbrev  0x00004aab      0x104 G:/devkitPro/libctru/lib\libctru.a(utf16_to_utf8.o)
 .debug_abbrev  0x00004baf      0x104 G:/devkitPro/libctru/lib\libctru.a(utf8_to_utf16.o)
 .debug_abbrev  0x00004cb3      0x193 G:/devkitPro/libctru/lib\libctru.a(allocateHeaps.o)
 .debug_abbrev  0x00004e46       0x14 G:/devkitPro/libctru/lib\libctru.a(readtp.o)
 .debug_abbrev  0x00004e5a      0x1d3 G:/devkitPro/libctru/lib\libctru.a(mappable.o)
 .debug_abbrev  0x0000502d       0x93 G:/devkitPro/libctru/lib\libctru.a(decode_utf16.o)
 .debug_abbrev  0x000050c0       0x74 G:/devkitPro/libctru/lib\libctru.a(encode_utf16.o)
 .debug_abbrev  0x00005134       0x74 G:/devkitPro/libctru/lib\libctru.a(encode_utf8.o)

.debug_line     0x00000000    0x18ec7
 *(.debug_line)
 .debug_line    0x00000000      0x2fd main.o
 .debug_line    0x000002fd      0x42c G:/devkitPro/libctru/lib\libctru.a(initArgv.o)
 .debug_line    0x00000729       0x6f G:/devkitPro/libctru/lib\libctru.a(stack_adjust.o)
 .debug_line    0x00000798      0x443 G:/devkitPro/libctru/lib\libctru.a(3dslink.o)
 .debug_line    0x00000bdb      0x249 G:/devkitPro/libctru/lib\libctru.a(appExit.o)
 .debug_line    0x00000e24      0x246 G:/devkitPro/libctru/lib\libctru.a(appInit.o)
 .debug_line    0x0000106a      0x1cb G:/devkitPro/libctru/lib\libctru.a(ctru_exit.o)
 .debug_line    0x00001235      0x1d9 G:/devkitPro/libctru/lib\libctru.a(ctru_init.o)
 .debug_line    0x0000140e      0x995 G:/devkitPro/libctru/lib\libctru.a(syscalls.o)
 .debug_line    0x00001da3      0x78f G:/devkitPro/libctru/lib\libctru.a(svc.o)
 .debug_line    0x00002532     0x1d61 G:/devkitPro/libctru/lib\libctru.a(archive_dev.o)
 .debug_line    0x00004293      0x273 G:/devkitPro/libctru/lib\libctru.a(env.o)
 .debug_line    0x00004506      0x4b3 G:/devkitPro/libctru/lib\libctru.a(os.o)
 .debug_line    0x000049b9      0x11d G:/devkitPro/libctru/lib\libctru.a(path_buf.o)
 .debug_line    0x00004ad6      0xff5 G:/devkitPro/libctru/lib\libctru.a(srv.o)