Archive member included to satisfy reference by file (symbol)

G:/devkitPro/libctru/lib\libctru.a(console.o)
                              main.o (consoleInit)
G:/devkitPro/libctru/lib\libctru.a(gfx.o)
                              G:/devkitPro/libctru/lib\libctru.a(console.o) (gfxIsWide)
G:/devkitPro/libctru/lib\libctru.a(srv.o)
                              main.o (srvInit)
G:/devkitPro/libctru/lib\libctru.a(apt.o)
                              main.o (aptExit)
G:/devkitPro/libctru/lib\libctru.a(cfgu.o)
                              main.o (cfguExit)
G:/devkitPro/libctru/lib\libctru.a(gspgpu.o)
                              G:/devkitPro/libctru/lib\libctru.a(gfx.o) (gspInit)
G:/devkitPro/libctru/lib\libctru.a(hid.o)
                              main.o (hidScanInput)
G:/devkitPro/libctru/lib\libctru.a(irrst.o)
                              G:/devkitPro/libctru/lib\libctru.a(hid.o) (irrstInit)
G:/devkitPro/libctru/lib\libctru.a(srvpm.o)
                              G:/devkitPro/libctru/lib\libctru.a(srv.o) (srvPmGetSessionHandle)
G:/devkitPro/libctru/lib\libctru.a(soc_init.o)
                              main.o (socExit)
G:/devkitPro/libctru/lib\libctru.a(soc_recvfrom.o)
                              G:/devkitPro/libctru/lib\libctru.a(soc_init.o) (soc_recvfrom)
G:/devkitPro/libctru/lib\libctru.a(soc_sendto.o)
                              G:/devkitPro/libctru/lib\libctru.a(soc_init.o) (soc_sendto)
G:/devkitPro/libctru/lib\libctru.a(ctru_init.o)
                              G:/devkitPro/libctru/lib\libctru.a(apt.o) (__system_retAddr)
G:/devkitPro/libctru/lib\libctru.a(initArgv.o)
                              G:/devkitPro/libctru/lib\libctru.a(ctru_init.o) (__system_initArgv)
G:/devkitPro/libctru/lib\libctru.a(syscalls.o)
                              G:/devkitPro/libctru/lib\libctru.a(ctru_init.o) (__system_initSyscalls)
G:/devkitPro/libctru/lib\libctru.a(svc.o)
                              main.o (svcSleepThread)
G:/devkitPro/libctru/lib\libctru.a(stack_adjust.o)
                              G:/devkitPro/devkitARM/bin/../lib/gcc/arm-none-eabi/13.2.0/../../../../arm-none-eabi/lib/armv6k/fpu/3dsx_crt0.o (initSystem)
G:/devkitPro/libctru/lib\libctru.a(default_font.bin.o)
                              G:/devkitPro/libctru/lib\libctru.a(console.o) (default_font_bin)
G:/devkitPro/libctru/lib\libctru.a(linear.o)
                              G:/devkitPro/libctru/lib\libctru.a(gfx.o) (linearAlloc)
G:/devkitPro/libctru/lib\libctru.a(mem_pool.o)
                              G:/devkitPro/libctru/lib\libctru.a(linear.o) (MemPool::Allocate(MemChunk&, unsigned long, int))
G:/devkitPro/libctru/lib\libctru.a(vram.o)
                              G:/devkitPro/libctru/lib\libctru.a(gfx.o) (vramAlloc)
G:/devkitPro/libctru/lib\libctru.a(3dslink.o)
                              G:/devkitPro/libctru/lib\libctru.a(initArgv.o) (__3dslink_host)
G:/devkitPro/libctru/lib\libctru.a(env.o)
                              G:/devkitPro/libctru/lib\libctru.a(srv.o) (envGetHandle)
G:/devkitPro/libctru/lib\libctru.a(os.o)
                              G:/devkitPro/libctru/lib\libctru.a(syscalls.o) (osGetTime)
G:/devkitPro/libctru/lib\libctru.a(synchronization.o)
                              G:/devkitPro/libctru/lib\libctru.a(ctru_init.o) (__sync_init)
G:/devkitPro/libctru/lib\libctru.a(thread.o)
                              G:/devkitPro/libctru/lib\libctru.a(apt.o) (threadCreate)
G:/devkitPro/libctru/lib\libctru.a(mappable.o)
                              G:/devkitPro/libctru/lib\libctru.a(apt.o) (mappableAlloc)
G:/devkitPro/libctru/lib\libctru.a(ptmsysm.o)
                              G:/devkitPro/libctru/lib\libctru.a(os.o) (ptmSysmInit)
G:/devkitPro/libctru/lib\libctru.a(soc_common.o)
                              G:/devkitPro/libctru/lib\libctru.a(soc_init.o) (_net_convert_error)
G:/devkitPro/libctru/lib\libctru.a(soc_connect.o)
                              G:/devkitPro/libctru/lib\libctru.a(3dslink.o) (connect)
G:/devkitPro/libctru/lib\libctru.a(soc_socket.o)
                              G:/devkitPro/libctru/lib\libctru.a(3dslink.o) (socket)
G:/devkitPro/libctru/lib\libctru.a(rbtree_find.o)
                              G:/devkitPro/libctru/lib\libctru.a(linear.o) (rbtree_find)
G:/devkitPro/libctru/lib\libctru.a(rbtree_init.o)
                              G:/devkitPro/libctru/lib\libctru.a(linear.o) (rbtree_init)
G:/devkitPro/libctru/lib\libctru.a(rbtree_insert.o)
                              G:/devkitPro/libctru/lib\libctru.a(linear.o) (rbtree_insert)
G:/devkitPro/libctru/lib\libctru.a(rbtree_remove.o)
                              G:/devkitPro/libctru/lib\libctru.a(linear.o) (rbtree_remove)
G:/devkitPro/libctru/lib\libctru.a(rbtree_rotate.o)
                              G:/devkitPro/libctru/lib\libctru.a(rbtree_insert.o) (rbtree_rotate)
G:/devkitPro/libctru/lib\libctru.a(allocateHeaps.o)
[...]
Memory Configuration

Name             Origin             Length             Attributes
*default*        0x00000000         0xffffffff

Linker script and memory map

                0x00100000                        PROVIDE (__start__ = 0x100000)
                0x00100000                        . = __start__

.text           0x00100000    0x18d3c
 *(.crt0)
 .crt0          0x00100000       0x94 G:/devkitPro/devkitARM/bin/../lib/gcc/arm-none-eabi/13.2.0/../../../../arm-none-eabi/lib/armv6k/fpu/3dsx_crt0.o
                0x00100000                _start
                0x00100008                __service_ptr
                0x0010000c                __apt_appid
                0x00100010                __heap_size
                0x00100014                __linear_heap_size
                0x00100018                __system_arglist
                0x0010001c                __system_runflags
 *(.init)
 .init          0x00100094        0xc G:/devkitPro/devkitARM/bin/../lib/gcc/arm-none-eabi/13.2.0/armv6k/fpu/crti.o
                0x00100094                _init
 .init          0x001000a0        0xc G:/devkitPro/devkitARM/bin/../lib/gcc/arm-none-eabi/13.2.0/armv6k/fpu/crtn.o
                0x001000ac                        . = ALIGN (0x4)
 *(.text)
 .text          0x001000ac      0x240 G:/devkitPro/devkitARM/bin/../lib/gcc/arm-none-eabi/13.2.0/armv6k/fpu\libgcc.a(_divsi3.o)
                0x001000ac                __divsi3
                0x001000ac                __aeabi_idiv
                0x001002cc                __aeabi_idivmod
 .text          0x001002ec        0x4 G:/devkitPro/devkitARM/bin/../lib/gcc/arm-none-eabi/13.2.0/armv6k/fpu\libgcc.a(_dvmd_tls.o)
                0x001002ec                __aeabi_idiv0
                0x001002ec                __aeabi_ldiv0
 .text          0x001002f0       0x3c G:/devkitPro/devkitARM/bin/../lib/gcc/arm-none-eabi/13.2.0/armv6k/fpu\libgcc.a(_aeabi_uldivmod.o)
                0x001002f0                __aeabi_uldivmod
 *fill*         0x0010032c       0x14 
 .text          0x00100340      0x390 G:/devkitPro/devkitARM/bin/../lib/gcc/arm-none-eabi/13.2.0/../../../../arm-none-eabi/lib/armv6k/fpu\libg.a(libc_a-strcmp.o)
                0x00100348                strcmp
 .text          0x001006d0      0x20c G:/devkitPro/devkitARM/bin/../lib/gcc/arm-none-eabi/13.2.0/armv6k/fpu\libgcc.a(_udivsi3.o)
                0x001006d0                __aeabi_uidiv
                0x001006d0                __udivsi3
                0x001008bc                __aeabi_uidivmod
 *(.text.*)
 .text.__do_global_dtors_aux
                0x001008dc       0x40 G:/devkitPro/devkitARM/bin/../lib/gcc/arm-none-eabi/13.2.0/armv6k/fpu/crtbegin.o
 .text.frame_dummy
                0x0010091c       0x2c G:/devkitPro/devkitARM/bin/../lib/gcc/arm-none-eabi/13.2.0/armv6k/fpu/crtbegin.o
 .text.cleanup  0x00100948       0x20 main.o
                0x00100948                cleanup
 .text.renameAndDeleteFiles
                0x00100968      0x1fc main.o
                0x00100968                renameAndDeleteFiles
 *fill*         0x00100b64        0x4 
 .text.startup.main
                0x00100b68      0x194 main.o
                0x00100b68                main
 .text.consoleHandleColorEsc
                0x00100cfc      0x51c G:/devkitPro/libctru/lib\libctru.a(console.o)
 .text.consoleColorStateShift
                0x00101218       0xb8 G:/devkitPro/libctru/lib\libctru.a(console.o)
 .text.consoleDrawChar
                0x001012d0      0x1ac G:/devkitPro/libctru/lib\libctru.a(console.o)
                0x001012d0                consoleDrawChar
 .text.consolePrintChar
                0x0010147c      0x124 G:/devkitPro/libctru/lib\libctru.a(console.o)
                0x0010147c                consolePrintChar
 .text.con_write
                0x001015a0      0x6f4 G:/devkitPro/libctru/lib\libctru.a(console.o)
                0x001015a0                con_write
 .text.newRow   0x00101c94       0xfc G:/devkitPro/libctru/lib\libctru.a(console.o)
 .text.consoleInit
                0x00101d90      0x18c G:/devkitPro/libctru/lib\libctru.a(console.o)
                0x00101d90                consoleInit
 .text.consoleClear
                0x00101f1c       0xb8 G:/devkitPro/libctru/lib\libctru.a(console.o)
                0x00101f1c                consoleClear
 .text.gfxPresentFramebuffer
                0x00101fd4       0xd0 G:/devkitPro/libctru/lib\libctru.a(gfx.o)
 .text.gfxIsWide
                0x001020a4       0x1c G:/devkitPro/libctru/lib\libctru.a(gfx.o)
                0x001020a4                gfxIsWide
 .text.gfxSetScreenFormat
                0x001020c0       0xec G:/devkitPro/libctru/lib\libctru.a(gfx.o)
                0x001020c0                gfxSetScreenFormat
 .text.gfxSetDoubleBuffering
                0x001021ac       0x10 G:/devkitPro/libctru/lib\libctru.a(gfx.o)
                0x001021ac                gfxSetDoubleBuffering
 .text.gfxInit  0x001021bc       0xe0 G:/devkitPro/libctru/lib\libctru.a(gfx.o)
                0x001021bc                gfxInit
 .text.gfxInitDefault
                0x0010229c       0x10 G:/devkitPro/libctru/lib\libctru.a(gfx.o)
                0x0010229c                gfxInitDefault
 .text.gfxExit  0x001022ac       0xb4 G:/devkitPro/libctru/lib\libctru.a(gfx.o)
                0x001022ac                gfxExit
 .text.gfxGetFramebuffer
                0x00102360       0xa0 G:/devkitPro/libctru/lib\libctru.a(gfx.o)
                0x00102360                gfxGetFramebuffer
 .text.gfxFlushBuffers
                0x00102400      0x104 G:/devkitPro/libctru/lib\libctru.a(gfx.o)
                0x00102400                gfxFlushBuffers
 .text.gfxSwapBuffers
                0x00102504       0x50 G:/devkitPro/libctru/lib\libctru.a(gfx.o)
                0x00102504                gfxSwapBuffers
 .text.gfxSwapBuffersGpu
                0x00102554       0x50 G:/devkitPro/libctru/lib\libctru.a(gfx.o)
                0x00102554                gfxSwapBuffersGpu
 .text.srvInit  0x001025a4      0x12c G:/devkitPro/libctru/lib\libctru.a(srv.o)
                0x001025a4                srvInit
 .text.srvExit  0x001026d0       0x58 G:/devkitPro/libctru/lib\libctru.a(srv.o)
                0x001026d0                srvExit
 .text.srvEnableNotification
                0x00102728       0x60 G:/devkitPro/libctru/lib\libctru.a(srv.o)
                0x00102728                srvEnableNotification
 .text.srvGetServiceHandleDirect
                0x00102788       0xa0 G:/devkitPro/libctru/lib\libctru.a(srv.o)
                0x00102788                srvGetServiceHandleDirect
 .text.srvGetServiceHandle
                0x00102828       0x38 G:/devkitPro/libctru/lib\libctru.a(srv.o)
                0x00102828                srvGetServiceHandle
 .text.srvSubscribe
                0x00102860       0x34 G:/devkitPro/libctru/lib\libctru.a(srv.o)
                0x00102860                srvSubscribe
 .text.srvReceiveNotification
                0x00102894       0x60 G:/devkitPro/libctru/lib\libctru.a(srv.o)
                0x00102894                srvReceiveNotification
 .text.srvPublishToSubscriber
                0x001028f4       0x38 G:/devkitPro/libctru/lib\libctru.a(srv.o)
                0x001028f4                srvPublishToSubscriber
 .text.aptConvertScreenForCapture
                0x0010292c      0x1ac G:/devkitPro/libctru/lib\libctru.a(apt.o)
 .text.aptDspSleep
                0x00102ad8        0x8 G:/devkitPro/libctru/lib\libctru.a(apt.o)
                0x00102ad8                aptDspSleep
 .text.aptDspWakeup
                0x00102ae0        0x4 G:/devkitPro/libctru/lib\libctru.a(apt.o)
                0x00102ae0                aptDspWakeup
 .text.aptDspCancel
                0x00102ae4        0x4 G:/devkitPro/libctru/lib\libctru.a(apt.o)
                0x00102ae4                aptDspCancel
 .text.aptSendCommand
                0x00102ae8      0x158 G:/devkitPro/libctru/lib\libctru.a(apt.o)
                0x00102ae8                aptSendCommand
 .text.aptExitProcess
                0x00102c40       0x44 G:/devkitPro/libctru/lib\libctru.a(apt.o)
 .text.aptExit  0x00102c84      0x38c G:/devkitPro/libctru/lib\libctru.a(apt.o)
                0x00102c84                aptExit
 .text.aptHandleSleep
                0x00103010       0xe0 G:/devkitPro/libctru/lib\libctru.a(apt.o)
                0x00103010                aptHandleSleep
 .text.APT_SleepIfShellClosed
                0x001030f0       0x84 G:/devkitPro/libctru/lib\libctru.a(apt.o)
                0x001030f0                APT_SleepIfShellClosed
 .text.aptSetSleepAllowed
                0x00103174       0x84 G:/devkitPro/libctru/lib\libctru.a(apt.o)
                0x00103174                aptSetSleepAllowed
 .text.APT_UnlockTransition
                0x001031f8       0x84 G:/devkitPro/libctru/lib\libctru.a(apt.o)
                0x001031f8                APT_UnlockTransition
 *fill*         0x0010327c        0x4 
 .text.aptEventHandler
                0x00103280      0x4a4 G:/devkitPro/libctru/lib\libctru.a(apt.o)
 .text.APT_ReceiveParameter
                0x00103724       0xb0 G:/devkitPro/libctru/lib\libctru.a(apt.o)
                0x00103724                APT_ReceiveParameter
 .text.aptReceiveParameter.constprop.0
                0x001037d4       0xac G:/devkitPro/libctru/lib\libctru.a(apt.o)
 .text.aptScreenTransfer
                0x00103880      0x2ac G:/devkitPro/libctru/lib\libctru.a(apt.o)
 .text.aptWaitForWakeUp.isra.0
                0x00103b2c      0x320 G:/devkitPro/libctru/lib\libctru.a(apt.o)
 .text.aptJumpToHomeMenu
                0x00103e4c       0xf8 G:/devkitPro/libctru/lib\libctru.a(apt.o)
                0x00103e4c                aptJumpToHomeMenu
 .text.aptMainLoop
                0x00103f44       0x48 G:/devkitPro/libctru/lib\libctru.a(apt.o)
                0x00103f44                aptMainLoop
 .text.aptInit  0x00103f8c      0x22c G:/devkitPro/libctru/lib\libctru.a(apt.o)
                0x00103f8c                aptInit
 .text.APT_CheckNew3DS
                0x001041b8       0x7c G:/devkitPro/libctru/lib\libctru.a(apt.o)
                0x001041b8                APT_CheckNew3DS
 .text.cfguExit
                0x00104234       0x3c G:/devkitPro/libctru/lib\libctru.a(cfgu.o)
                0x00104234                cfguExit
 .text.gspHardwareInit
                0x00104270      0xc64 G:/devkitPro/libctru/lib\libctru.a(gspgpu.o)
 .text.gspInit  0x00104ed4      0x248 G:/devkitPro/libctru/lib\libctru.a(gspgpu.o)
                0x00104ed4                gspInit
 .text.gspExit  0x0010511c       0xf0 G:/devkitPro/libctru/lib\libctru.a(gspgpu.o)
                0x0010511c                gspExit
 .text.gspHasGpuRight
                0x0010520c       0x10 G:/devkitPro/libctru/lib\libctru.a(gspgpu.o)
                0x0010520c                gspHasGpuRight
 .text.gspPresentBuffer
                0x0010521c       0xa0 G:/devkitPro/libctru/lib\libctru.a(gspgpu.o)
                0x0010521c                gspPresentBuffer
 .text.gspWaitForEvent
                0x001052bc       0x44 G:/devkitPro/libctru/lib\libctru.a(gspgpu.o)
                0x001052bc                gspWaitForEvent
 .text.gxCmdQueueInterrupt
                0x00105300        0x4 G:/devkitPro/libctru/lib\libctru.a(gspgpu.o)
                0x00105300                gxCmdQueueInterrupt
 .text.gspEventThreadMain
                0x00105304      0x158 G:/devkitPro/libctru/lib\libctru.a(gspgpu.o)
 .text.GSPGPU_FlushDataCache
                0x0010545c       0x50 G:/devkitPro/libctru/lib\libctru.a(gspgpu.o)
                0x0010545c                GSPGPU_FlushDataCache
 .text.GSPGPU_SetLcdForceBlack
                0x001054ac       0x34 G:/devkitPro/libctru/lib\libctru.a(gspgpu.o)
                0x001054ac                GSPGPU_SetLcdForceBlack
 .text.GSPGPU_AcquireRight
                0x001054e0       0x68 G:/devkitPro/libctru/lib\libctru.a(gspgpu.o)
                0x001054e0                GSPGPU_AcquireRight
 .text.GSPGPU_ReleaseRight
                0x00105548       0x48 G:/devkitPro/libctru/lib\libctru.a(gspgpu.o)
                0x00105548                GSPGPU_ReleaseRight
 .text.GSPGPU_ImportDisplayCaptureInfo
                0x00105590       0x7c G:/devkitPro/libctru/lib\libctru.a(gspgpu.o)
                0x00105590                GSPGPU_ImportDisplayCaptureInfo
 .text.GSPGPU_SaveVramSysArea
                0x0010560c       0x2c G:/devkitPro/libctru/lib\libctru.a(gspgpu.o)
                0x0010560c                GSPGPU_SaveVramSysArea
 .text.GSPGPU_RestoreVramSysArea
                0x00105638       0x2c G:/devkitPro/libctru/lib\libctru.a(gspgpu.o)
                0x00105638                GSPGPU_RestoreVramSysArea
 .text.hidShouldUseIrrst
                0x00105664       0x24 G:/devkitPro/libctru/lib\libctru.a(hid.o)
                0x00105664                hidShouldUseIrrst
 .text.hidInit  0x00105688      0x18c G:/devkitPro/libctru/lib\libctru.a(hid.o)
                0x00105688                hidInit
 .text.hidExit  0x00105814       0xe8 G:/devkitPro/libctru/lib\libctru.a(hid.o)
                0x00105814                hidExit
 .text.hidScanInput
                0x001058fc      0x2a4 G:/devkitPro/libctru/lib\libctru.a(hid.o)
                0x001058fc                hidScanInput
 .text.hidKeysDown
                0x00105ba0       0x10 G:/devkitPro/libctru/lib\libctru.a(hid.o)
                0x00105ba0                hidKeysDown
 .text.irrstInit
                0x00105bb0      0x160 G:/devkitPro/libctru/lib\libctru.a(irrst.o)
                0x00105bb0                irrstInit
 .text.irrstExit
                0x00105d10       0xcc G:/devkitPro/libctru/lib\libctru.a(irrst.o)
                0x00105d10                irrstExit
 .text.irrstScanInput
                0x00105ddc       0xb4 G:/devkitPro/libctru/lib\libctru.a(irrst.o)
                0x00105ddc                irrstScanInput
 .text.irrstKeysHeld
                0x00105e90       0x24 G:/devkitPro/libctru/lib\libctru.a(irrst.o)
                0x00105e90                irrstKeysHeld
 .text.srvPmGetSessionHandle
                0x00105eb4        0xc G:/devkitPro/libctru/lib\libctru.a(srvpm.o)
                0x00105eb4                srvPmGetSessionHandle
 .text.socExit  0x00105ec0       0x88 G:/devkitPro/libctru/lib\libctru.a(soc_init.o)
                0x00105ec0                socExit
 .text.__libctru_init
                0x00105f48       0x38 G:/devkitPro/libctru/lib\libctru.a(ctru_init.o)
                0x00105f48                __libctru_init
 .text.__system_initArgv
                0x00105f80      0x170 G:/devkitPro/libctru/lib\libctru.a(initArgv.o)
                0x00105f80                __system_initArgv
 .text.__syscall_getreent
                0x001060f0       0x30 G:/devkitPro/libctru/lib\libctru.a(syscalls.o)
                0x001060f0                __syscall_getreent
 .text.__syscall_lock_acquire
                0x00106120        0x4 G:/devkitPro/libctru/lib\libctru.a(syscalls.o)
                0x00106120                __syscall_lock_acquire
 .text.__syscall_lock_release
                0x00106124        0x4 G:/devkitPro/libctru/lib\libctru.a(syscalls.o)
                0x00106124                __syscall_lock_release
 .text.__syscall_lock_acquire_recursive
                0x00106128        0x4 G:/devkitPro/libctru/lib\libctru.a(syscalls.o)
                0x00106128                __syscall_lock_acquire_recursive
 .text.__syscall_lock_release_recursive
                0x0010612c        0x4 G:/devkitPro/libctru/lib\libctru.a(syscalls.o)
                0x0010612c                __syscall_lock_release_recursive
 .text.__syscall_exit
                0x00106130        0x4 G:/devkitPro/libctru/lib\libctru.a(syscalls.o)
                0x00106130                __syscall_exit
 .text.initThreadVars
                0x00106134       0x50 G:/devkitPro/libctru/lib\libctru.a(syscalls.o)
                0x00106134                initThreadVars
 .text.__system_initSyscalls
                0x00106184       0x80 G:/devkitPro/libctru/lib\libctru.a(syscalls.o)
                0x00106184                __system_initSyscalls
 .text.svcControlMemory
                0x00106204       0x20 G:/devkitPro/libctru/lib\libctru.a(svc.o)
                0x00106204                svcControlMemory
 .text.svcQueryMemory
                0x00106224       0x30 G:/devkitPro/libctru/lib\libctru.a(svc.o)
                0x00106224                svcQueryMemory
 .text.svcExitProcess
                0x00106254        0x8 G:/devkitPro/libctru/lib\libctru.a(svc.o)
                0x00106254                svcExitProcess
 .text.svcCreateThread
                0x0010625c       0x20 G:/devkitPro/libctru/lib\libctru.a(svc.o)
                0x0010625c                svcCreateThread
 .text.svcExitThread
                0x0010627c        0x8 G:/devkitPro/libctru/lib\libctru.a(svc.o)
                0x0010627c                svcExitThread
 .text.svcSleepThread
                0x00106284        0x8 G:/devkitPro/libctru/lib\libctru.a(svc.o)
                0x00106284                svcSleepThread
 .text.svcReleaseMutex
                0x0010628c        0x8 G:/devkitPro/libctru/lib\libctru.a(svc.o)
                0x0010628c                svcReleaseMutex
 .text.svcCreateEvent
                0x00106294       0x14 G:/devkitPro/libctru/lib\libctru.a(svc.o)
                0x00106294                svcCreateEvent
 .text.svcSignalEvent
                0x001062a8        0x8 G:/devkitPro/libctru/lib\libctru.a(svc.o)
                0x001062a8                svcSignalEvent
 .text.svcClearEvent
                0x001062b0        0x8 G:/devkitPro/libctru/lib\libctru.a(svc.o)
                0x001062b0                svcClearEvent
 .text.svcMapMemoryBlock
                0x001062b8        0x8 G:/devkitPro/libctru/lib\libctru.a(svc.o)
                0x001062b8                svcMapMemoryBlock
 .text.svcUnmapMemoryBlock
                0x001062c0        0x8 G:/devkitPro/libctru/lib\libctru.a(svc.o)
                0x001062c0                svcUnmapMemoryBlock
 .text.svcCreateAddressArbiter
                0x001062c8       0x14 G:/devkitPro/libctru/lib\libctru.a(svc.o)
                0x001062c8                svcCreateAddressArbiter
 .text.svcArbitrateAddressNoTimeout
                0x001062dc        0x8 G:/devkitPro/libctru/lib\libctru.a(svc.o)
                0x001062dc                svcArbitrateAddressNoTimeout
 .text.svcCloseHandle
                0x001062e4        0x8 G:/devkitPro/libctru/lib\libctru.a(svc.o)
                0x001062e4                svcCloseHandle
 .text.svcWaitSynchronization
                0x001062ec        0x8 G:/devkitPro/libctru/lib\libctru.a(svc.o)
                0x001062ec                svcWaitSynchronization
 .text.svcWaitSynchronizationN
                0x001062f4       0x28 G:/devkitPro/libctru/lib\libctru.a(svc.o)
                0x001062f4                svcWaitSynchronizationN
 .text.svcDuplicateHandle
                0x0010631c       0x14 G:/devkitPro/libctru/lib\libctru.a(svc.o)
                0x0010631c                svcDuplicateHandle
 .text.svcConnectToPort
                0x00106330       0x14 G:/devkitPro/libctru/lib\libctru.a(svc.o)
                0x00106330                svcConnectToPort
 .text.svcSendSyncRequest
                0x00106344        0x8 G:/devkitPro/libctru/lib\libctru.a(svc.o)
                0x00106344                svcSendSyncRequest
 .text.svcGetResourceLimit
                0x0010634c       0x14 G:/devkitPro/libctru/lib\libctru.a(svc.o)
                0x0010634c                svcGetResourceLimit
 .text.svcGetResourceLimitLimitValues
                0x00106360        0x8 G:/devkitPro/libctru/lib\libctru.a(svc.o)
                0x00106360                svcGetResourceLimitLimitValues
 .text.svcGetResourceLimitCurrentValues
                0x00106368        0x8 G:/devkitPro/libctru/lib\libctru.a(svc.o)
                0x00106368                svcGetResourceLimitCurrentValues
 .text.svcBreak
                0x00106370        0x8 G:/devkitPro/libctru/lib\libctru.a(svc.o)
                0x00106370                svcBreak
 .text.initSystem
                0x00106378       0x50 G:/devkitPro/libctru/lib\libctru.a(stack_adjust.o)
                0x00106378                initSystem
 .text.__ctru_exit
                0x001063c8       0x14 G:/devkitPro/libctru/lib\libctru.a(stack_adjust.o)
                0x001063c8                __ctru_exit
 .text._ZL21addrMapNodeComparatorPK11rbtree_nodeS1_
                0x001063dc       0x24 G:/devkitPro/libctru/lib\libctru.a(linear.o)
 .text._ZL21addrMapNodeDestructorP11rbtree_node
                0x00106400        0x4 G:/devkitPro/libctru/lib\libctru.a(linear.o)
 .text.linearMemAlign
                0x00106404      0x120 G:/devkitPro/libctru/lib\libctru.a(linear.o)
                0x00106404                linearMemAlign
 .text.linearAlloc
                0x00106524        0x8 G:/devkitPro/libctru/lib\libctru.a(linear.o)
                0x00106524                linearAlloc
 .text.linearFree
                0x0010652c       0x5c G:/devkitPro/libctru/lib\libctru.a(linear.o)
                0x0010652c                linearFree
 .text._ZN7MemPool13CoalesceRightEP8MemBlock
                0x00106588       0x80 G:/devkitPro/libctru/lib\libctru.a(mem_pool.o)
                0x00106588                MemPool::CoalesceRight(MemBlock*)
 .text._ZN7MemPool8AllocateER8MemChunkmi
                0x00106608      0x16c G:/devkitPro/libctru/lib\libctru.a(mem_pool.o)
                0x00106608                MemPool::Allocate(MemChunk&, unsigned long, int)
 .text._ZN7MemPool10DeallocateERK8MemChunk
                0x00106774       0xfc G:/devkitPro/libctru/lib\libctru.a(mem_pool.o)
                0x00106774                MemPool::Deallocate(MemChunk const&)
 .text._ZN7MemPool12GetFreeSpaceEv
                0x00106870       0x30 G:/devkitPro/libctru/lib\libctru.a(mem_pool.o)
                0x00106870                MemPool::GetFreeSpace()
 .text._ZL21addrMapNodeComparatorPK11rbtree_nodeS1_
                0x001068a0       0x24 G:/devkitPro/libctru/lib\libctru.a(vram.o)
 .text._ZL21addrMapNodeDestructorP11rbtree_node
                0x001068c4        0x4 G:/devkitPro/libctru/lib\libctru.a(vram.o)
 .text.vramMemAlignAt
                0x001068c8      0x24c G:/devkitPro/libctru/lib\libctru.a(vram.o)
                0x001068c8                vramMemAlignAt
 .text.vramAlloc
                0x00106b14        0xc G:/devkitPro/libctru/lib\libctru.a(vram.o)
                0x00106b14                vramAlloc
 .text.vramFree
                0x00106b20       0x90 G:/devkitPro/libctru/lib\libctru.a(vram.o)
                0x00106b20                vramFree
 .text.envGetHandle
                0x00106bb0       0x84 G:/devkitPro/libctru/lib\libctru.a(env.o)
                0x00106bb0                envGetHandle
 .text.envDestroyHandles
                0x00106c34       0x50 G:/devkitPro/libctru/lib\libctru.a(env.o)
                0x00106c34                envDestroyHandles
 .text.__ctru_speedup_config
                0x00106c84       0x34 G:/devkitPro/libctru/lib\libctru.a(os.o)
                0x00106c84                __ctru_speedup_config
 .text.__sync_init
                0x00106cb8        0xc G:/devkitPro/libctru/lib\libctru.a(synchronization.o)
                0x00106cb8                __sync_init
 .text.__sync_fini
                0x00106cc4       0x18 G:/devkitPro/libctru/lib\libctru.a(synchronization.o)
                0x00106cc4                __sync_fini
 .text.syncArbitrateAddress
                0x00106cdc       0x2c G:/devkitPro/libctru/lib\libctru.a(synchronization.o)
                0x00106cdc                syncArbitrateAddress
 .text.LightLock_Lock
                0x00106d08       0xac G:/devkitPro/libctru/lib\libctru.a(synchronization.o)
                0x00106d08                LightLock_Lock
 .text.LightLock_Unlock
                0x00106db4       0x40 G:/devkitPro/libctru/lib\libctru.a(synchronization.o)
                0x00106db4                LightLock_Unlock
 .text.RecursiveLock_Lock
                0x00106df4       0x30 G:/devkitPro/libctru/lib\libctru.a(synchronization.o)
                0x00106df4                RecursiveLock_Lock
 .text.RecursiveLock_Unlock
                0x00106e24       0x54 G:/devkitPro/libctru/lib\libctru.a(synchronization.o)
                0x00106e24                RecursiveLock_Unlock
 .text.LightEvent_Init
                0x00106e78       0x40 G:/devkitPro/libctru/lib\libctru.a(synchronization.o)
                0x00106e78                LightEvent_Init
 .text.LightEvent_Clear
                0x00106eb8       0xa4 G:/devkitPro/libctru/lib\libctru.a(synchronization.o)
                0x00106eb8                LightEvent_Clear
 .text.LightEvent_Signal
                0x00106f5c       0xc8 G:/devkitPro/libctru/lib\libctru.a(synchronization.o)
                0x00106f5c                LightEvent_Signal
 .text.LightEvent_TryWait
                0x00107024       0x50 G:/devkitPro/libctru/lib\libctru.a(synchronization.o)
                0x00107024                LightEvent_TryWait
 .text.LightEvent_Wait
                0x00107074       0xa0 G:/devkitPro/libctru/lib\libctru.a(synchronization.o)
                0x00107074                LightEvent_Wait
 .text.threadCreate
                0x00107114      0x1d8 G:/devkitPro/libctru/lib\libctru.a(thread.o)
                0x00107114                threadCreate
 .text.threadFree
                0x001072ec       0x2c G:/devkitPro/libctru/lib\libctru.a(thread.o)
                0x001072ec                threadFree
 .text.threadJoin
                0x00107318       0x24 G:/devkitPro/libctru/lib\libctru.a(thread.o)
                0x00107318                threadJoin
 .text.threadGetCurrent
                0x0010733c       0x30 G:/devkitPro/libctru/lib\libctru.a(thread.o)
                0x0010733c                threadGetCurrent
 .text.threadExit
                0x0010736c       0x40 G:/devkitPro/libctru/lib\libctru.a(thread.o)
                0x0010736c                threadExit
 .text._thread_begin
                0x001073ac       0x20 G:/devkitPro/libctru/lib\libctru.a(thread.o)
 .text.mappableFindAddressWithin
                0x001073cc       0xb4 G:/devkitPro/libctru/lib\libctru.a(mappable.o)
 .text.mappableInit
                0x00107480       0x28 G:/devkitPro/libctru/lib\libctru.a(mappable.o)
                0x00107480                mappableInit
 .text.mappableAlloc
                0x001074a8       0x80 G:/devkitPro/libctru/lib\libctru.a(mappable.o)
                0x001074a8                mappableAlloc
 .text.mappableFree
                0x00107528        0x4 G:/devkitPro/libctru/lib\libctru.a(mappable.o)
                0x00107528                mappableFree
 .text.ptmSysmInit
                0x0010752c       0x74 G:/devkitPro/libctru/lib\libctru.a(ptmsysm.o)
                0x0010752c                ptmSysmInit
 .text.ptmSysmExit
                0x001075a0       0x3c G:/devkitPro/libctru/lib\libctru.a(ptmsysm.o)
                0x001075a0                ptmSysmExit
 .text.PTMSYSM_ConfigureNew3DSCPU
                0x001075dc       0x34 G:/devkitPro/libctru/lib\libctru.a(ptmsysm.o)
                0x001075dc                PTMSYSM_ConfigureNew3DSCPU
 .text.rbtree_find
                0x00107610       0x74 G:/devkitPro/libctru/lib\libctru.a(rbtree_find.o)
                0x00107610                rbtree_find
 .text.rbtree_init
                0x00107684       0x10 G:/devkitPro/libctru/lib\libctru.a(rbtree_init.o)
                0x00107684                rbtree_init
 .text.do_insert
                0x00107694      0x1b0 G:/devkitPro/libctru/lib\libctru.a(rbtree_insert.o)
 .text.rbtree_insert
                0x00107844        0x8 G:/devkitPro/libctru/lib\libctru.a(rbtree_insert.o)
                0x00107844                rbtree_insert
 .text.rbtree_remove
                0x0010784c      0x318 G:/devkitPro/libctru/lib\libctru.a(rbtree_remove.o)
                0x0010784c                rbtree_remove
 .text.rbtree_rotate
                0x00107b64       0x90 G:/devkitPro/libctru/lib\libctru.a(rbtree_rotate.o)
                0x00107b64                rbtree_rotate
 *fill*         0x00107bf4        0x4 
 .text.__system_allocateHeaps
                0x00107bf8      0x1e0 G:/devkitPro/libctru/lib\libctru.a(allocateHeaps.o)
                0x00107bf8                __system_allocateHeaps
 .text.__appExit
                0x00107dd8       0x30 G:/devkitPro/libctru/lib\libctru.a(appExit.o)
                0x00107dd8                __appExit
 .text.__appInit
                0x00107e08       0x30 G:/devkitPro/libctru/lib\libctru.a(appInit.o)
                0x00107e08                __appInit
 .text.__libctru_exit
                0x00107e38       0x90 G:/devkitPro/libctru/lib\libctru.a(ctru_exit.o)
                0x00107e38                __libctru_exit
 .text.archive_link
                0x00107ec8       0x14 G:/devkitPro/libctru/lib\libctru.a(archive_dev.o)
 .text.archive_dirreset
                0x00107edc       0x14 G:/devkitPro/libctru/lib\libctru.a(archive_dev.o)
 .text.archive_chmod
                0x00107ef0       0x14 G:/devkitPro/libctru/lib\libctru.a(archive_dev.o)
 .text.error_cmp
                0x00107f04       0x24 G:/devkitPro/libctru/lib\libctru.a(archive_dev.o)
 .text.archive_translate_error
                0x00107f28       0x50 G:/devkitPro/libctru/lib\libctru.a(archive_dev.o)
 .text.archive_seek
                0x00107f78       0xc8 G:/devkitPro/libctru/lib\libctru.a(archive_dev.o)
 .text._archiveInit.part.0
                0x00108040       0x7c G:/devkitPro/libctru/lib\libctru.a(archive_dev.o)
 .text.archiveFindDevice.part.0
                0x001080bc       0xc4 G:/devkitPro/libctru/lib\libctru.a(archive_dev.o)
 .text.archive_utf16path
                0x00108180      0x280 G:/devkitPro/libctru/lib\libctru.a(archive_dev.o)
 .text._archiveUnmountDeviceStruct.part.0
                0x00108400       0x9c G:/devkitPro/libctru/lib\libctru.a(archive_dev.o)
 .text.archive_fchmod
                0x0010849c       0x14 G:/devkitPro/libctru/lib\libctru.a(archive_dev.o)
 .text.archive_statvfs
                0x001084b0       0x14 G:/devkitPro/libctru/lib\libctru.a(archive_dev.o)
 .text._archiveMountDevice
                0x001084c4      0x164 G:/devkitPro/libctru/lib\libctru.a(archive_dev.o)
 .text.archive_diropen
                0x00108628       0xe8 G:/devkitPro/libctru/lib\libctru.a(archive_dev.o)
 .text.archive_fstat
                0x00108710       0xa4 G:/devkitPro/libctru/lib\libctru.a(archive_dev.o)
 .text.archive_fsync
                0x001087b4       0x6c G:/devkitPro/libctru/lib\libctru.a(archive_dev.o)
 .text.archive_close
                0x00108820       0x6c G:/devkitPro/libctru/lib\libctru.a(archive_dev.o)
 .text.archive_dirclose
                0x0010888c       0x70 G:/devkitPro/libctru/lib\libctru.a(archive_dev.o)
 .text.sdmc_statvfs
                0x001088fc       0xe8 G:/devkitPro/libctru/lib\libctru.a(archive_dev.o)
 .text.archive_chdir
                0x001089e4       0xec G:/devkitPro/libctru/lib\libctru.a(archive_dev.o)
 .text.archive_ftruncate
                0x00108ad0       0x7c G:/devkitPro/libctru/lib\libctru.a(archive_dev.o)
 .text.archive_read
                0x00108b4c       0xac G:/devkitPro/libctru/lib\libctru.a(archive_dev.o)
 .text.archive_unlink
                0x00108bf8       0xa4 G:/devkitPro/libctru/lib\libctru.a(archive_dev.o)
 .text.archive_rmdir
                0x00108c9c       0xbc G:/devkitPro/libctru/lib\libctru.a(archive_dev.o)
 .text.archive_mkdir
                0x00108d58       0xdc G:/devkitPro/libctru/lib\libctru.a(archive_dev.o)
 .text.archive_stat
                0x00108e34      0x194 G:/devkitPro/libctru/lib\libctru.a(archive_dev.o)
 .text.archive_dirnext
                0x00108fc8      0x160 G:/devkitPro/libctru/lib\libctru.a(archive_dev.o)
 .text.archive_write
                0x00109128      0x124 G:/devkitPro/libctru/lib\libctru.a(archive_dev.o)
 .text.archive_open
                0x0010924c      0x20c G:/devkitPro/libctru/lib\libctru.a(archive_dev.o)
 .text.archive_rename
                0x00109458      0x278 G:/devkitPro/libctru/lib\libctru.a(archive_dev.o)
 .text.archiveMountSdmc
                0x001096d0      0x19c G:/devkitPro/libctru/lib\libctru.a(archive_dev.o)
                0x001096d0                archiveMountSdmc
 .text.archiveUnmountAll
                0x0010986c       0x54 G:/devkitPro/libctru/lib\libctru.a(archive_dev.o)
                0x0010986c                archiveUnmountAll
 .text.fsInit   0x001098c0       0xcc G:/devkitPro/libctru/lib\libctru.a(fs.o)
                0x001098c0                fsInit
 .text.fsExit   0x0010998c       0x3c G:/devkitPro/libctru/lib\libctru.a(fs.o)
                0x0010998c                fsExit
 .text.fsExemptFromSession
                0x001099c8       0x60 G:/devkitPro/libctru/lib\libctru.a(fs.o)
                0x001099c8                fsExemptFromSession
 .text.fsUnexemptFromSession
                0x00109a28       0x50 G:/devkitPro/libctru/lib\libctru.a(fs.o)
                0x00109a28                fsUnexemptFromSession
 .text.FSUSER_OpenFile
                0x00109a78       0xcc G:/devkitPro/libctru/lib\libctru.a(fs.o)
                0x00109a78                FSUSER_OpenFile
 .text.FSUSER_DeleteFile
                0x00109b44       0xbc G:/devkitPro/libctru/lib\libctru.a(fs.o)
                0x00109b44                FSUSER_DeleteFile
 .text.FSUSER_RenameFile
                0x00109c00       0xf8 G:/devkitPro/libctru/lib\libctru.a(fs.o)
                0x00109c00                FSUSER_RenameFile
 .text.FSUSER_DeleteDirectory
                0x00109cf8       0xbc G:/devkitPro/libctru/lib\libctru.a(fs.o)
                0x00109cf8                FSUSER_DeleteDirectory
 .text.FSUSER_CreateFile
                0x00109db4       0xd4 G:/devkitPro/libctru/lib\libctru.a(fs.o)
                0x00109db4                FSUSER_CreateFile
 .text.FSUSER_CreateDirectory
                0x00109e88       0xc4 G:/devkitPro/libctru/lib\libctru.a(fs.o)
                0x00109e88                FSUSER_CreateDirectory
 .text.FSUSER_RenameDirectory
                0x00109f4c       0xf8 G:/devkitPro/libctru/lib\libctru.a(fs.o)
                0x00109f4c                FSUSER_RenameDirectory
 .text.FSUSER_OpenDirectory
                0x0010a044       0xb4 G:/devkitPro/libctru/lib\libctru.a(fs.o)
                0x0010a044                FSUSER_OpenDirectory
 .text.FSUSER_OpenArchive
                0x0010a0f8       0x94 G:/devkitPro/libctru/lib\libctru.a(fs.o)
                0x0010a0f8                FSUSER_OpenArchive
 .text.FSUSER_CloseArchive
                0x0010a18c       0x8c G:/devkitPro/libctru/lib\libctru.a(fs.o)
                0x0010a18c                FSUSER_CloseArchive
 .text.FSUSER_GetSdmcArchiveResource
                0x0010a218       0x74 G:/devkitPro/libctru/lib\libctru.a(fs.o)
                0x0010a218                FSUSER_GetSdmcArchiveResource
 .text.FSUSER_IsSdmcWritable
                0x0010a28c       0x64 G:/devkitPro/libctru/lib\libctru.a(fs.o)
                0x0010a28c                FSUSER_IsSdmcWritable
 .text.FSFILE_Read
                0x0010a2f0       0x58 G:/devkitPro/libctru/lib\libctru.a(fs.o)
                0x0010a2f0                FSFILE_Read
 .text.FSFILE_Write
                0x0010a348       0x60 G:/devkitPro/libctru/lib\libctru.a(fs.o)
                0x0010a348                FSFILE_Write
 .text.FSFILE_GetSize
                0x0010a3a8       0x38 G:/devkitPro/libctru/lib\libctru.a(fs.o)
                0x0010a3a8                FSFILE_GetSize
 .text.FSFILE_SetSize
                0x0010a3e0       0x28 G:/devkitPro/libctru/lib\libctru.a(fs.o)
                0x0010a3e0                FSFILE_SetSize
 .text.FSFILE_Close
                0x0010a408       0x3c G:/devkitPro/libctru/lib\libctru.a(fs.o)
                0x0010a408                FSFILE_Close
 .text.FSFILE_Flush
                0x0010a444       0x24 G:/devkitPro/libctru/lib\libctru.a(fs.o)
                0x0010a444                FSFILE_Flush
 .text.FSDIR_Read
                0x0010a468       0x50 G:/devkitPro/libctru/lib\libctru.a(fs.o)
                0x0010a468                FSDIR_Read
 .text.FSDIR_Close
                0x0010a4b8       0x3c G:/devkitPro/libctru/lib\libctru.a(fs.o)
                0x0010a4b8                FSDIR_Close
 .text.rbtree_node_next
                0x0010a4f4       0x5c G:/devkitPro/libctru/lib\libctru.a(rbtree_iterator.o)
                0x0010a4f4                rbtree_node_next
 .text.decode_utf8
                0x0010a550      0x13c G:/devkitPro/libctru/lib\libctru.a(decode_utf8.o)
                0x0010a550                decode_utf8
 .text.utf16_to_utf8
                0x0010a68c       0xe8 G:/devkitPro/libctru/lib\libctru.a(utf16_to_utf8.o)
                0x0010a68c                utf16_to_utf8
 .text.utf8_to_utf16
                0x0010a774       0xc0 G:/devkitPro/libctru/lib\libctru.a(utf8_to_utf16.o)
                0x0010a774                utf8_to_utf16
 .text.__aeabi_read_tp
                0x0010a834        0xc G:/devkitPro/libctru/lib\libctru.a(readtp.o)
                0x0010a834                __aeabi_read_tp
 .text.decode_utf16
                0x0010a840       0x64 G:/devkitPro/libctru/lib\libctru.a(decode_utf16.o)
                0x0010a840                decode_utf16
 .text.encode_utf16
                0x0010a8a4       0x54 G:/devkitPro/libctru/lib\libctru.a(encode_utf16.o)
                0x0010a8a4                encode_utf16
 .text.encode_utf8
                0x0010a8f8       0xe0 G:/devkitPro/libctru/lib\libctru.a(encode_utf8.o)
                0x0010a8f8                encode_utf8
 .text.__udivmoddi4
                0x0010a9d8      0x120 G:/devkitPro/devkitARM/bin/../lib/gcc/arm-none-eabi/13.2.0/armv6k/fpu\libgcc.a(_udivmoddi4.o)
                0x0010a9d8                __udivmoddi4
 .text._perror_r
                0x0010aaf8      0x1e0 G:/devkitPro/devkitARM/bin/../lib/gcc/arm-none-eabi/13.2.0/../../../../arm-none-eabi/lib/armv6k/fpu\libg.a(libc_a-perror.o)
                0x0010aaf8                _perror_r
 .text.perror   0x0010acd8       0x18 G:/devkitPro/devkitARM/bin/../lib/gcc/arm-none-eabi/13.2.0/../../../../arm-none-eabi/lib/armv6k/fpu\libg.a(libc_a-perror.o)
                0x0010acd8                perror
 .text.remove   0x0010acf0       0x58 G:/devkitPro/devkitARM/bin/../lib/gcc/arm-none-eabi/13.2.0/../../../../arm-none-eabi/lib/armv6k/fpu\libg.a(libc_a-remove.o)
                0x0010acf0                remove
 .text.printf   0x0010ad48       0x34 G:/devkitPro/devkitARM/bin/../lib/gcc/arm-none-eabi/13.2.0/../../../../arm-none-eabi/lib/armv6k/fpu\libg.a(libc_a-printf.o)
                0x0010ad48                printf
 .text.memalign
                0x0010ad7c       0x20 G:/devkitPro/devkitARM/bin/../lib/gcc/arm-none-eabi/13.2.0/../../../../arm-none-eabi/lib/armv6k/fpu\libg.a(libc_a-malign.o)
                0x0010ad7c                memalign
 .text.rename   0x0010ad9c       0x20 G:/devkitPro/devkitARM/bin/../lib/gcc/arm-none-eabi/13.2.0/../../../../arm-none-eabi/lib/armv6k/fpu\libg.a(libc_a-rename.o)
                0x0010ad9c                rename
 .text._memalign_r
                0x0010adbc      0x14c G:/devkitPro/devkitARM/bin/../lib/gcc/arm-none-eabi/13.2.0/../../../../arm-none-eabi/lib/armv6k/fpu\libg.a(libc_a-malignr.o)
                0x0010adbc                _memalign_r
 .text.putchar  0x0010af08       0x1c G:/devkitPro/devkitARM/bin/../lib/gcc/arm-none-eabi/13.2.0/../../../../arm-none-eabi/lib/armv6k/fpu\libg.a(libc_a-putchar.o)
                0x0010af08                putchar
 .text.atexit   0x0010af24       0x14 G:/devkitPro/devkitARM/bin/../lib/gcc/arm-none-eabi/13.2.0/../../../../arm-none-eabi/lib/armv6k/fpu\libg.a(libc_a-atexit.o)
                0x0010af24                atexit
 .text._puts_r  0x0010af38       0xe0 G:/devkitPro/devkitARM/bin/../lib/gcc/arm-none-eabi/13.2.0/../../../../arm-none-eabi/lib/armv6k/fpu\libg.a(libc_a-puts.o)
                0x0010af38                _puts_r
 .text.puts     0x0010b018       0x18 G:/devkitPro/devkitARM/bin/../lib/gcc/arm-none-eabi/13.2.0/../../../../arm-none-eabi/lib/armv6k/fpu\libg.a(libc_a-puts.o)
                0x0010b018                puts
 .text.bsearch  0x0010b030       0x78 G:/devkitPro/devkitARM/bin/../lib/gcc/arm-none-eabi/13.2.0/../../../../arm-none-eabi/lib/armv6k/fpu\libg.a(libc_a-bsearch.o)
                0x0010b030                bsearch
 .text.setvbuf  0x0010b0a8      0x25c G:/devkitPro/devkitARM/bin/../lib/gcc/arm-none-eabi/13.2.0/../../../../arm-none-eabi/lib/armv6k/fpu\libg.a(libc_a-setvbuf.o)
                0x0010b0a8                setvbuf
 .text.exit     0x0010b304       0x30 G:/devkitPro/devkitARM/bin/../lib/gcc/arm-none-eabi/13.2.0/../../../../arm-none-eabi/lib/armv6k/fpu\libg.a(libc_a-exit.o)
                0x0010b304                exit
 .text._malloc_trim_r
                0x0010b334       0xf8 G:/devkitPro/devkitARM/bin/../lib/gcc/arm-none-eabi/13.2.0/../../../../arm-none-eabi/lib/armv6k/fpu\libg.a(libc_a-freer.o)
                0x0010b334                _malloc_trim_r
 .text._free_r  0x0010b42c      0x2e8 G:/devkitPro/devkitARM/bin/../lib/gcc/arm-none-eabi/13.2.0/../../../../arm-none-eabi/lib/armv6k/fpu\libg.a(libc_a-freer.o)
                0x0010b42c                _free_r
 .text.malloc   0x0010b714       0x18 G:/devkitPro/devkitARM/bin/../lib/gcc/arm-none-eabi/13.2.0/../../../../arm-none-eabi/lib/armv6k/fpu\libg.a(libc_a-malloc.o)
                0x0010b714                malloc
 .text.free     0x0010b72c       0x18 G:/devkitPro/devkitARM/bin/../lib/gcc/arm-none-eabi/13.2.0/../../../../arm-none-eabi/lib/armv6k/fpu\libg.a(libc_a-malloc.o)
                0x0010b72c                free
 .text._malloc_r
                0x0010b744      0x79c G:/devkitPro/devkitARM/bin/../lib/gcc/arm-none-eabi/13.2.0/../../../../arm-none-eabi/lib/armv6k/fpu\libg.a(libc_a-mallocr.o)
                0x0010b744                _malloc_r
 .text.memset   0x0010bee0       0xf4 G:/devkitPro/devkitARM/bin/../lib/gcc/arm-none-eabi/13.2.0/../../../../arm-none-eabi/lib/armv6k/fpu\libg.a(libc_a-memset.o)
                0x0010bee0                memset
 .text.__malloc_lock
                0x0010bfd4        0xc G:/devkitPro/devkitARM/bin/../lib/gcc/arm-none-eabi/13.2.0/../../../../arm-none-eabi/lib/armv6k/fpu\libg.a(libc_a-mlock.o)
                0x0010bfd4                __malloc_lock
 .text.__malloc_unlock
                0x0010bfe0        0xc G:/devkitPro/devkitARM/bin/../lib/gcc/arm-none-eabi/13.2.0/../../../../arm-none-eabi/lib/armv6k/fpu\libg.a(libc_a-mlock.o)
                0x0010bfe0                __malloc_unlock
 .text.get_arg  0x0010bfec      0x64c G:/devkitPro/devkitARM/bin/../lib/gcc/arm-none-eabi/13.2.0/../../../../arm-none-eabi/lib/armv6k/fpu\libg.a(libc_a-vfprintf.o)
 .text._vfprintf_r
                0x0010c638     0x3378 G:/devkitPro/devkitARM/bin/../lib/gcc/arm-none-eabi/13.2.0/../../../../arm-none-eabi/lib/armv6k/fpu\libg.a(libc_a-vfprintf.o)
                0x0010c638                _vfprintf_r
 .text.__sbprintf
                0x0010f9b0       0xb8 G:/devkitPro/devkitARM/bin/../lib/gcc/arm-none-eabi/13.2.0/../../../../arm-none-eabi/lib/armv6k/fpu\libg.a(libc_a-vfprintf.o)
 .text.strlen   0x0010fa68       0x90 G:/devkitPro/devkitARM/bin/../lib/gcc/arm-none-eabi/13.2.0/../../../../arm-none-eabi/lib/armv6k/fpu\libg.a(libc_a-strlen.o)
                0x0010fa68                strlen
 .text.__sflush_r
                0x0010faf8      0x22c G:/devkitPro/devkitARM/bin/../lib/gcc/arm-none-eabi/13.2.0/../../../../arm-none-eabi/lib/armv6k/fpu\libg.a(libc_a-fflush.o)
                0x0010faf8                __sflush_r
 .text._fflush_r
                0x0010fd24       0x94 G:/devkitPro/devkitARM/bin/../lib/gcc/arm-none-eabi/13.2.0/../../../../arm-none-eabi/lib/armv6k/fpu\libg.a(libc_a-fflush.o)
                0x0010fd24                _fflush_r
 .text.fflush   0x0010fdb8       0x3c G:/devkitPro/devkitARM/bin/../lib/gcc/arm-none-eabi/13.2.0/../../../../arm-none-eabi/lib/armv6k/fpu\libg.a(libc_a-fflush.o)
                0x0010fdb8                fflush
 .text.strncat  0x0010fdf4       0xe4 G:/devkitPro/devkitARM/bin/../lib/gcc/arm-none-eabi/13.2.0/../../../../arm-none-eabi/lib/armv6k/fpu\libg.a(libc_a-strncat.o)
                0x0010fdf4                strncat
 .text._strerror_r
                0x0010fed8      0x63c G:/devkitPro/devkitARM/bin/../lib/gcc/arm-none-eabi/13.2.0/../../../../arm-none-eabi/lib/armv6k/fpu\libg.a(libc_a-strerror.o)
                0x0010fed8                _strerror_r
 .text.__sfvwrite_r
                0x00110514      0x4b4 G:/devkitPro/devkitARM/bin/../lib/gcc/arm-none-eabi/13.2.0/../../../../arm-none-eabi/lib/armv6k/fpu\libg.a(libc_a-fvwrite.o)
                0x00110514                __sfvwrite_r
 .text.strncmp  0x001109c8       0xe4 G:/devkitPro/devkitARM/bin/../lib/gcc/arm-none-eabi/13.2.0/../../../../arm-none-eabi/lib/armv6k/fpu\libg.a(libc_a-strncmp.o)
                0x001109c8                strncmp
 .text._fwalk_sglue
                0x00110aac       0x70 G:/devkitPro/devkitARM/bin/../lib/gcc/arm-none-eabi/13.2.0/../../../../arm-none-eabi/lib/armv6k/fpu\libg.a(libc_a-fwalk.o)
                0x00110aac                _fwalk_sglue
 .text.fileno   0x00110b1c       0xb4 G:/devkitPro/devkitARM/bin/../lib/gcc/arm-none-eabi/13.2.0/../../../../arm-none-eabi/lib/armv6k/fpu\libg.a(libc_a-fileno.o)
                0x00110b1c                fileno
 .text._realloc_r
                0x00110bd0      0x4a0 G:/devkitPro/devkitARM/bin/../lib/gcc/arm-none-eabi/13.2.0/../../../../arm-none-eabi/lib/armv6k/fpu\libg.a(libc_a-reallocr.o)
                0x00110bd0                _realloc_r
 .text.strncpy  0x00111070       0xc4 G:/devkitPro/devkitARM/bin/../lib/gcc/arm-none-eabi/13.2.0/../../../../arm-none-eabi/lib/armv6k/fpu\libg.a(libc_a-strncpy.o)
                0x00111070                strncpy
 .text.stdio_exit_handler
                0x00111134       0x1c G:/devkitPro/devkitARM/bin/../lib/gcc/arm-none-eabi/13.2.0/../../../../arm-none-eabi/lib/armv6k/fpu\libg.a(libc_a-findfp.o)
 .text.cleanup_stdio
                0x00111150       0x5c G:/devkitPro/devkitARM/bin/../lib/gcc/arm-none-eabi/13.2.0/../../../../arm-none-eabi/lib/armv6k/fpu\libg.a(libc_a-findfp.o)
 .text.global_stdio_init.part.0
                0x001111ac      0x154 G:/devkitPro/devkitARM/bin/../lib/gcc/arm-none-eabi/13.2.0/../../../../arm-none-eabi/lib/armv6k/fpu\libg.a(libc_a-findfp.o)
 .text.__sinit  0x00111300       0x5c G:/devkitPro/devkitARM/bin/../lib/gcc/arm-none-eabi/13.2.0/../../../../arm-none-eabi/lib/armv6k/fpu\libg.a(libc_a-findfp.o)
                0x00111300                __sinit
 .text.__sfp_lock_acquire
                0x0011135c        0xc G:/devkitPro/devkitARM/bin/../lib/gcc/arm-none-eabi/13.2.0/../../../../arm-none-eabi/lib/armv6k/fpu\libg.a(libc_a-findfp.o)
                0x0011135c                __sfp_lock_acquire
 .text.__sfp_lock_release
                0x00111368        0xc G:/devkitPro/devkitARM/bin/../lib/gcc/arm-none-eabi/13.2.0/../../../../arm-none-eabi/lib/armv6k/fpu\libg.a(libc_a-findfp.o)
                0x00111368                __sfp_lock_release
 .text.strnlen  0x00111374       0x48 G:/devkitPro/devkitARM/bin/../lib/gcc/arm-none-eabi/13.2.0/../../../../arm-none-eabi/lib/armv6k/fpu\libg.a(libc_a-strnlen.o)
                0x00111374                strnlen
 .text._user_strerror
                0x001113bc        0x8 G:/devkitPro/devkitARM/bin/../lib/gcc/arm-none-eabi/13.2.0/../../../../arm-none-eabi/lib/armv6k/fpu\libg.a(libc_a-u_strerr.o)
                0x001113bc                _user_strerror
 .text._strtoul_l.isra.0
                0x001113c4      0x1d8 G:/devkitPro/devkitARM/bin/../lib/gcc/arm-none-eabi/13.2.0/../../../../arm-none-eabi/lib/armv6k/fpu\libg.a(libc_a-strtoul.o)
 .text.strtoul  0x0011159c       0x34 G:/devkitPro/devkitARM/bin/../lib/gcc/arm-none-eabi/13.2.0/../../../../arm-none-eabi/lib/armv6k/fpu\libg.a(libc_a-strtoul.o)
                0x0011159c                strtoul
 .text.__locale_mb_cur_max
                0x001115d0       0x24 G:/devkitPro/devkitARM/bin/../lib/gcc/arm-none-eabi/13.2.0/../../../../arm-none-eabi/lib/armv6k/fpu\libg.a(libc_a-locale.o)
                0x001115d0                __locale_mb_cur_max
 .text.critical_factorization
                0x001115f4      0x128 G:/devkitPro/devkitARM/bin/../lib/gcc/arm-none-eabi/13.2.0/../../../../arm-none-eabi/lib/armv6k/fpu\libg.a(libc_a-strstr.o)
 .text.two_way_long_needle
                0x0011171c      0x364 G:/devkitPro/devkitARM/bin/../lib/gcc/arm-none-eabi/13.2.0/../../../../arm-none-eabi/lib/armv6k/fpu\libg.a(libc_a-strstr.o)
 .text.strstr   0x00111a80      0x248 G:/devkitPro/devkitARM/bin/../lib/gcc/arm-none-eabi/13.2.0/../../../../arm-none-eabi/lib/armv6k/fpu\libg.a(libc_a-strstr.o)
                0x00111a80                strstr
 .text._localeconv_r
                0x00111cc8       0x24 G:/devkitPro/devkitARM/bin/../lib/gcc/arm-none-eabi/13.2.0/../../../../arm-none-eabi/lib/armv6k/fpu\libg.a(libc_a-localeconv.o)
                0x00111cc8                _localeconv_r
 .text.memchr   0x00111cec       0xe0 G:/devkitPro/devkitARM/bin/../lib/gcc/arm-none-eabi/13.2.0/../../../../arm-none-eabi/lib/armv6k/fpu\libg.a(libc_a-memchr-stub.o)
                0x00111cec                memchr
 .text.__utf8_wctomb
                0x00111dcc       0xf0 G:/devkitPro/devkitARM/bin/../lib/gcc/arm-none-eabi/13.2.0/../../../../arm-none-eabi/lib/armv6k/fpu\libg.a(libc_a-wctomb_r.o)
                0x00111dcc                __utf8_wctomb
 .text.memcpy   0x00111ebc      0x11c G:/devkitPro/devkitARM/bin/../lib/gcc/arm-none-eabi/13.2.0/../../../../arm-none-eabi/lib/armv6k/fpu\libg.a(libc_a-memcpy-stub.o)
                0x00111ebc                memcpy
 .text.stpcpy   0x00111fd8       0x70 G:/devkitPro/devkitARM/bin/../lib/gcc/arm-none-eabi/13.2.0/../../../../arm-none-eabi/lib/armv6k/fpu\libg.a(libc_a-stpcpy.o)
                0x00111fd8                stpcpy
 .text.__libc_init_array
                0x00112048       0x84 G:/devkitPro/devkitARM/bin/../lib/gcc/arm-none-eabi/13.2.0/../../../../arm-none-eabi/lib/armv6k/fpu\libg.a(libc_a-init.o)
                0x00112048                __libc_init_array
 .text.__errno  0x001120cc        0xc G:/devkitPro/devkitARM/bin/../lib/gcc/arm-none-eabi/13.2.0/../../../../arm-none-eabi/lib/armv6k/fpu\libg.a(libc_a-errno.o)
                0x001120cc                __errno
 .text.stat     0x001120d8       0x20 G:/devkitPro/devkitARM/bin/../lib/gcc/arm-none-eabi/13.2.0/../../../../arm-none-eabi/lib/armv6k/fpu\libg.a(libc_a-sysstat.o)
                0x001120d8                stat
 .text.frexp    0x001120f8       0x88 G:/devkitPro/devkitARM/bin/../lib/gcc/arm-none-eabi/13.2.0/../../../../arm-none-eabi/lib/armv6k/fpu\libg.a(libm_a-s_frexp.o)
                0x001120f8                frexp
 .text.__smakebuf_r
                0x00112180      0x12c G:/devkitPro/devkitARM/bin/../lib/gcc/arm-none-eabi/13.2.0/../../../../arm-none-eabi/lib/armv6k/fpu\libg.a(libc_a-makebuf.o)
                0x00112180                __smakebuf_r
 .text.__swhatbuf_r
                0x001122ac       0x8c G:/devkitPro/devkitARM/bin/../lib/gcc/arm-none-eabi/13.2.0/../../../../arm-none-eabi/lib/armv6k/fpu\libg.a(libc_a-makebuf.o)
                0x001122ac                __swhatbuf_r
 .text._wcrtomb_r
                0x00112338       0xa0 G:/devkitPro/devkitARM/bin/../lib/gcc/arm-none-eabi/13.2.0/../../../../arm-none-eabi/lib/armv6k/fpu\libg.a(libc_a-wcrtomb.o)
                0x00112338                _wcrtomb_r
 .text._wcsrtombs_r
                0x001123d8       0x28 G:/devkitPro/devkitARM/bin/../lib/gcc/arm-none-eabi/13.2.0/../../../../arm-none-eabi/lib/armv6k/fpu\libg.a(libc_a-wcsrtombs.o)
                0x001123d8                _wcsrtombs_r
 .text.__register_exitproc
                0x00112400       0xb0 G:/devkitPro/devkitARM/bin/../lib/gcc/arm-none-eabi/13.2.0/../../../../arm-none-eabi/lib/armv6k/fpu\libg.a(libc_a-__atexit.o)
                0x00112400                __register_exitproc
 .text._putc_r  0x001124b0       0xdc G:/devkitPro/devkitARM/bin/../lib/gcc/arm-none-eabi/13.2.0/../../../../arm-none-eabi/lib/armv6k/fpu\libg.a(libc_a-putc.o)
                0x001124b0                _putc_r
 .text.__call_exitprocs
                0x0011258c      0x12c G:/devkitPro/devkitARM/bin/../lib/gcc/arm-none-eabi/13.2.0/../../../../arm-none-eabi/lib/armv6k/fpu\libg.a(libc_a-__call_atexit.o)
                0x0011258c                __call_exitprocs
 .text.__sread  0x001126b8       0x44 G:/devkitPro/devkitARM/bin/../lib/gcc/arm-none-eabi/13.2.0/../../../../arm-none-eabi/lib/armv6k/fpu\libg.a(libc_a-stdio.o)
                0x001126b8                __sread
 .text.__swrite
                0x001126fc       0x68 G:/devkitPro/devkitARM/bin/../lib/gcc/arm-none-eabi/13.2.0/../../../../arm-none-eabi/lib/armv6k/fpu\libg.a(libc_a-stdio.o)
                0x001126fc                __swrite
 .text.__sseek  0x00112764       0x44 G:/devkitPro/devkitARM/bin/../lib/gcc/arm-none-eabi/13.2.0/../../../../arm-none-eabi/lib/armv6k/fpu\libg.a(libc_a-stdio.o)
                0x00112764                __sseek
 .text.__sclose
                0x001127a8        0x8 G:/devkitPro/devkitARM/bin/../lib/gcc/arm-none-eabi/13.2.0/../../../../arm-none-eabi/lib/armv6k/fpu\libg.a(libc_a-stdio.o)
                0x001127a8                __sclose
 .text.get_arg  0x001127b0      0x64c G:/devkitPro/devkitARM/bin/../lib/gcc/arm-none-eabi/13.2.0/../../../../arm-none-eabi/lib/armv6k/fpu\libg.a(libc_a-vfiprintf.o)
 .text.__sprint_r
                0x00112dfc       0x30 G:/devkitPro/devkitARM/bin/../lib/gcc/arm-none-eabi/13.2.0/../../../../arm-none-eabi/lib/armv6k/fpu\libg.a(libc_a-vfiprintf.o)
                0x00112dfc                __sprint_r
 .text._vfiprintf_r
                0x00112e2c     0x2304 G:/devkitPro/devkitARM/bin/../lib/gcc/arm-none-eabi/13.2.0/../../../../arm-none-eabi/lib/armv6k/fpu\libg.a(libc_a-vfiprintf.o)
                0x00112e2c                _vfiprintf_r
 .text.__sbprintf
                0x00115130       0xb8 G:/devkitPro/devkitARM/bin/../lib/gcc/arm-none-eabi/13.2.0/../../../../arm-none-eabi/lib/armv6k/fpu\libg.a(libc_a-vfiprintf.o)
 .text.__swbuf_r
                0x001151e8      0x108 G:/devkitPro/devkitARM/bin/../lib/gcc/arm-none-eabi/13.2.0/../../../../arm-none-eabi/lib/armv6k/fpu\libg.a(libc_a-wbuf.o)
                0x001151e8                __swbuf_r
 .text.__swsetup_r
                0x001152f0      0x138 G:/devkitPro/devkitARM/bin/../lib/gcc/arm-none-eabi/13.2.0/../../../../arm-none-eabi/lib/armv6k/fpu\libg.a(libc_a-wsetup.o)
                0x001152f0                __swsetup_r
 .text.quorem   0x00115428      0x1b4 G:/devkitPro/devkitARM/bin/../lib/gcc/arm-none-eabi/13.2.0/../../../../arm-none-eabi/lib/armv6k/fpu\libg.a(libc_a-dtoa.o)
 *fill*         0x001155dc        0x4 
 .text._dtoa_r  0x001155e0     0x1218 G:/devkitPro/devkitARM/bin/../lib/gcc/arm-none-eabi/13.2.0/../../../../arm-none-eabi/lib/armv6k/fpu\libg.a(libc_a-dtoa.o)
                0x001155e0                _dtoa_r
 .text.strchr   0x001167f8      0x130 G:/devkitPro/devkitARM/bin/../lib/gcc/arm-none-eabi/13.2.0/../../../../arm-none-eabi/lib/armv6k/fpu\libg.a(libc_a-strchr.o)
                0x001167f8                strchr
 .text.memcmp   0x00116928       0xd8 G:/devkitPro/devkitARM/bin/../lib/gcc/arm-none-eabi/13.2.0/../../../../arm-none-eabi/lib/armv6k/fpu\libg.a(libc_a-memcmp.o)
                0x00116928                memcmp
 .text._fclose_r
                0x00116a00      0x148 G:/devkitPro/devkitARM/bin/../lib/gcc/arm-none-eabi/13.2.0/../../../../arm-none-eabi/lib/armv6k/fpu\libg.a(libc_a-fclose.o)
                0x00116a00                _fclose_r
 .text.memmove  0x00116b48      0x150 G:/devkitPro/devkitARM/bin/../lib/gcc/arm-none-eabi/13.2.0/../../../../arm-none-eabi/lib/armv6k/fpu\libg.a(libc_a-memmove.o)
                0x00116b48                memmove
 .text._Balloc  0x00116c98       0x88 G:/devkitPro/devkitARM/bin/../lib/gcc/arm-none-eabi/13.2.0/../../../../arm-none-eabi/lib/armv6k/fpu\libg.a(libc_a-mprec.o)
                0x00116c98                _Balloc
 .text._Bfree   0x00116d20       0x1c G:/devkitPro/devkitARM/bin/../lib/gcc/arm-none-eabi/13.2.0/../../../../arm-none-eabi/lib/armv6k/fpu\libg.a(libc_a-mprec.o)
                0x00116d20                _Bfree
 .text.__multadd
                0x00116d3c       0xf4 G:/devkitPro/devkitARM/bin/../lib/gcc/arm-none-eabi/13.2.0/../../../../arm-none-eabi/lib/armv6k/fpu\libg.a(libc_a-mprec.o)
                0x00116d3c                __multadd
 .text.__hi0bits
                0x00116e30       0x60 G:/devkitPro/devkitARM/bin/../lib/gcc/arm-none-eabi/13.2.0/../../../../arm-none-eabi/lib/armv6k/fpu\libg.a(libc_a-mprec.o)
                0x00116e30                __hi0bits
 .text.__lo0bits
                0x00116e90       0x9c G:/devkitPro/devkitARM/bin/../lib/gcc/arm-none-eabi/13.2.0/../../../../arm-none-eabi/lib/armv6k/fpu\libg.a(libc_a-mprec.o)
                0x00116e90                __lo0bits
 .text.__i2b    0x00116f2c       0xa4 G:/devkitPro/devkitARM/bin/../lib/gcc/arm-none-eabi/13.2.0/../../../../arm-none-eabi/lib/armv6k/fpu\libg.a(libc_a-mprec.o)
                0x00116f2c                __i2b
 .text.__multiply
                0x00116fd0      0x204 G:/devkitPro/devkitARM/bin/../lib/gcc/arm-none-eabi/13.2.0/../../../../arm-none-eabi/lib/armv6k/fpu\libg.a(libc_a-mprec.o)
                0x00116fd0                __multiply
 .text.__pow5mult
                0x001171d4      0x128 G:/devkitPro/devkitARM/bin/../lib/gcc/arm-none-eabi/13.2.0/../../../../arm-none-eabi/lib/armv6k/fpu\libg.a(libc_a-mprec.o)
                0x001171d4                __pow5mult
 .text.__lshift
                0x001172fc      0x140 G:/devkitPro/devkitARM/bin/../lib/gcc/arm-none-eabi/13.2.0/../../../../arm-none-eabi/lib/armv6k/fpu\libg.a(libc_a-mprec.o)
                0x001172fc                __lshift
 .text.__mcmp   0x0011743c       0x58 G:/devkitPro/devkitARM/bin/../lib/gcc/arm-none-eabi/13.2.0/../../../../arm-none-eabi/lib/armv6k/fpu\libg.a(libc_a-mprec.o)
                0x0011743c                __mcmp
 .text.__mdiff  0x00117494      0x1fc G:/devkitPro/devkitARM/bin/../lib/gcc/arm-none-eabi/13.2.0/../../../../arm-none-eabi/lib/armv6k/fpu\libg.a(libc_a-mprec.o)
                0x00117494                __mdiff
 .text.__d2b    0x00117690      0x124 G:/devkitPro/devkitARM/bin/../lib/gcc/arm-none-eabi/13.2.0/../../../../arm-none-eabi/lib/armv6k/fpu\libg.a(libc_a-mprec.o)
                0x00117690                __d2b
 .text.__utf8_mbtowc
                0x001177b4      0x2f8 G:/devkitPro/devkitARM/bin/../lib/gcc/arm-none-eabi/13.2.0/../../../../arm-none-eabi/lib/armv6k/fpu\libg.a(libc_a-mbtowc_r.o)
                0x001177b4                __utf8_mbtowc
 .text._wcsnrtombs_l
                0x00117aac      0x188 G:/devkitPro/devkitARM/bin/../lib/gcc/arm-none-eabi/13.2.0/../../../../arm-none-eabi/lib/armv6k/fpu\libg.a(libc_a-wcsnrtombs.o)
                0x00117aac                _wcsnrtombs_l
 .text._wcsnrtombs_r
                0x00117c34       0x64 G:/devkitPro/devkitARM/bin/../lib/gcc/arm-none-eabi/13.2.0/../../../../arm-none-eabi/lib/armv6k/fpu\libg.a(libc_a-wcsnrtombs.o)
                0x00117c34                _wcsnrtombs_r
 .text._calloc_r
                0x00117c98       0xc0 G:/devkitPro/devkitARM/bin/../lib/gcc/arm-none-eabi/13.2.0/../../../../arm-none-eabi/lib/armv6k/fpu\libg.a(libc_a-callocr.o)
                0x00117c98                _calloc_r
 .text.__assert_func
                0x00117d58       0x5c G:/devkitPro/devkitARM/bin/../lib/gcc/arm-none-eabi/13.2.0/../../../../arm-none-eabi/lib/armv6k/fpu\libg.a(libc_a-assert.o)
                0x00117d58                __assert_func
 .text.fiprintf
                0x00117db4       0x3c G:/devkitPro/devkitARM/bin/../lib/gcc/arm-none-eabi/13.2.0/../../../../arm-none-eabi/lib/armv6k/fpu\libg.a(libc_a-fiprintf.o)
                0x00117db4                fiprintf
 .text.abort    0x00117df0       0x14 G:/devkitPro/devkitARM/bin/../lib/gcc/arm-none-eabi/13.2.0/../../../../arm-none-eabi/lib/armv6k/fpu\libg.a(libc_a-abort.o)
                0x00117df0                abort
 .text._raise_r
                0x00117e04       0x90 G:/devkitPro/devkitARM/bin/../lib/gcc/arm-none-eabi/13.2.0/../../../../arm-none-eabi/lib/armv6k/fpu\libg.a(libc_a-signal.o)
                0x00117e04                _raise_r
 .text.raise    0x00117e94       0x18 G:/devkitPro/devkitARM/bin/../lib/gcc/arm-none-eabi/13.2.0/../../../../arm-none-eabi/lib/armv6k/fpu\libg.a(libc_a-signal.o)
                0x00117e94                raise
 .text._exit    0x00117eac       0x20 G:/devkitPro/devkitARM/bin/../lib/gcc/arm-none-eabi/13.2.0/../../../../arm-none-eabi/lib/armv6k/fpu\libsysbase.a(libsysbase_libsysbase_a-_exit.o)
                0x00117eac                _exit
 .text.chdir    0x00117ecc      0x13c G:/devkitPro/devkitARM/bin/../lib/gcc/arm-none-eabi/13.2.0/../../../../arm-none-eabi/lib/armv6k/fpu\libsysbase.a(libsysbase_libsysbase_a-chdir.o)
                0x00117ecc                chdir
 .text._concatenate_path
                0x00118008      0x1cc G:/devkitPro/devkitARM/bin/../lib/gcc/arm-none-eabi/13.2.0/../../../../arm-none-eabi/lib/armv6k/fpu\libsysbase.a(libsysbase_libsysbase_a-concatenate.o)
                0x00118008                _concatenate_path
 .text.__dirnext
                0x001181d4       0x68 G:/devkitPro/devkitARM/bin/../lib/gcc/arm-none-eabi/13.2.0/../../../../arm-none-eabi/lib/armv6k/fpu\libsysbase.a(libsysbase_libsysbase_a-dirent.o)
 .text.opendir  0x0011823c       0xf4 G:/devkitPro/devkitARM/bin/../lib/gcc/arm-none-eabi/13.2.0/../../../../arm-none-eabi/lib/armv6k/fpu\libsysbase.a(libsysbase_libsysbase_a-dirent.o)
                0x0011823c                opendir
 .text.closedir
                0x00118330       0x90 G:/devkitPro/devkitARM/bin/../lib/gcc/arm-none-eabi/13.2.0/../../../../arm-none-eabi/lib/armv6k/fpu\libsysbase.a(libsysbase_libsysbase_a-dirent.o)
                0x00118330                closedir
 .text.readdir  0x001183c0       0xc4 G:/devkitPro/devkitARM/bin/../lib/gcc/arm-none-eabi/13.2.0/../../../../arm-none-eabi/lib/armv6k/fpu\libsysbase.a(libsysbase_libsysbase_a-dirent.o)
                0x001183c0                readdir
 .text._fstat_r
                0x00118484       0x78 G:/devkitPro/devkitARM/bin/../lib/gcc/arm-none-eabi/13.2.0/../../../../arm-none-eabi/lib/armv6k/fpu\libsysbase.a(libsysbase_libsysbase_a-fstat.o)
                0x00118484                _fstat_r
 .text._getpid_r
                0x001184fc       0x14 G:/devkitPro/devkitARM/bin/../lib/gcc/arm-none-eabi/13.2.0/../../../../arm-none-eabi/lib/armv6k/fpu\libsysbase.a(libsysbase_libsysbase_a-getpid.o)
                0x001184fc                _getpid_r
 .text.__getreent
                0x00118510       0x2c G:/devkitPro/devkitARM/bin/../lib/gcc/arm-none-eabi/13.2.0/../../../../arm-none-eabi/lib/armv6k/fpu\libsysbase.a(libsysbase_libsysbase_a-getreent.o)
                0x00118510                __getreent
 .text.__get_handle
                0x0011853c       0x3c G:/devkitPro/devkitARM/bin/../lib/gcc/arm-none-eabi/13.2.0/../../../../arm-none-eabi/lib/armv6k/fpu\libsysbase.a(libsysbase_libsysbase_a-handle_manager.o)
                0x0011853c                __get_handle
 .text._close_r
                0x00118578       0xf4 G:/devkitPro/devkitARM/bin/../lib/gcc/arm-none-eabi/13.2.0/../../../../arm-none-eabi/lib/armv6k/fpu\libsysbase.a(libsysbase_libsysbase_a-handle_manager.o)
                0x00118578                _close_r
 .text.null_write
                0x0011866c        0x8 G:/devkitPro/devkitARM/bin/../lib/gcc/arm-none-eabi/13.2.0/../../../../arm-none-eabi/lib/armv6k/fpu\libsysbase.a(libsysbase_libsysbase_a-iosupport.o)
 .text.setDefaultDevice
                0x00118674       0x18 G:/devkitPro/devkitARM/bin/../lib/gcc/arm-none-eabi/13.2.0/../../../../arm-none-eabi/lib/armv6k/fpu\libsysbase.a(libsysbase_libsysbase_a-iosupport.o)
                0x00118674                setDefaultDevice
 .text.FindDevice
                0x0011868c       0xc8 G:/devkitPro/devkitARM/bin/../lib/gcc/arm-none-eabi/13.2.0/../../../../arm-none-eabi/lib/armv6k/fpu\libsysbase.a(libsysbase_libsysbase_a-iosupport.o)
                0x0011868c                FindDevice
 .text.RemoveDevice
                0x00118754       0x28 G:/devkitPro/devkitARM/bin/../lib/gcc/arm-none-eabi/13.2.0/../../../../arm-none-eabi/lib/armv6k/fpu\libsysbase.a(libsysbase_libsysbase_a-iosupport.o)
                0x00118754                RemoveDevice
 .text.AddDevice
                0x0011877c       0x9c G:/devkitPro/devkitARM/bin/../lib/gcc/arm-none-eabi/13.2.0/../../../../arm-none-eabi/lib/armv6k/fpu\libsysbase.a(libsysbase_libsysbase_a-iosupport.o)
                0x0011877c                AddDevice
 .text.GetDeviceOpTab
                0x00118818       0x20 G:/devkitPro/devkitARM/bin/../lib/gcc/arm-none-eabi/13.2.0/../../../../arm-none-eabi/lib/armv6k/fpu\libsysbase.a(libsysbase_libsysbase_a-iosupport.o)
                0x00118818                GetDeviceOpTab
 .text._isatty_r
                0x00118838        0x8 G:/devkitPro/devkitARM/bin/../lib/gcc/arm-none-eabi/13.2.0/../../../../arm-none-eabi/lib/armv6k/fpu\libsysbase.a(libsysbase_libsysbase_a-isatty.o)
                0x00118838                _isatty_r
 .text._kill_r  0x00118840       0x14 G:/devkitPro/devkitARM/bin/../lib/gcc/arm-none-eabi/13.2.0/../../../../arm-none-eabi/lib/armv6k/fpu\libsysbase.a(libsysbase_libsysbase_a-kill.o)
                0x00118840                _kill_r
 .text._lseek_r
                0x00118854       0x84 G:/devkitPro/devkitARM/bin/../lib/gcc/arm-none-eabi/13.2.0/../../../../arm-none-eabi/lib/armv6k/fpu\libsysbase.a(libsysbase_libsysbase_a-lseek.o)
                0x00118854                _lseek_r
 .text.mkdir    0x001188d8       0x60 G:/devkitPro/devkitARM/bin/../lib/gcc/arm-none-eabi/13.2.0/../../../../arm-none-eabi/lib/armv6k/fpu\libsysbase.a(libsysbase_libsysbase_a-mkdir.o)
                0x001188d8                mkdir
 .text._read_r  0x00118938       0x80 G:/devkitPro/devkitARM/bin/../lib/gcc/arm-none-eabi/13.2.0/../../../../arm-none-eabi/lib/armv6k/fpu\libsysbase.a(libsysbase_libsysbase_a-read.o)
                0x00118938                _read_r
 .text._rename_r
                0x001189b8       0x80 G:/devkitPro/devkitARM/bin/../lib/gcc/arm-none-eabi/13.2.0/../../../../arm-none-eabi/lib/armv6k/fpu\libsysbase.a(libsysbase_libsysbase_a-rename.o)
                0x001189b8                _rename_r
 .text._rmdir_r
                0x00118a38       0x68 G:/devkitPro/devkitARM/bin/../lib/gcc/arm-none-eabi/13.2.0/../../../../arm-none-eabi/lib/armv6k/fpu\libsysbase.a(libsysbase_libsysbase_a-rmdir.o)
                0x00118a38                _rmdir_r
 .text._sbrk_r  0x00118aa0       0x78 G:/devkitPro/devkitARM/bin/../lib/gcc/arm-none-eabi/13.2.0/../../../../arm-none-eabi/lib/armv6k/fpu\libsysbase.a(libsysbase_libsysbase_a-sbrk.o)
                0x00118aa0                _sbrk_r
 .text._stat_r  0x00118b18       0x70 G:/devkitPro/devkitARM/bin/../lib/gcc/arm-none-eabi/13.2.0/../../../../arm-none-eabi/lib/armv6k/fpu\libsysbase.a(libsysbase_libsysbase_a-stat.o)
                0x00118b18                _stat_r
 .text.__libc_lock_acquire
                0x00118b88       0x1c G:/devkitPro/devkitARM/bin/../lib/gcc/arm-none-eabi/13.2.0/../../../../arm-none-eabi/lib/armv6k/fpu\libsysbase.a(libsysbase_libsysbase_a-syscall_support.o)
                0x00118b88                __libc_lock_acquire
 .text.__libc_lock_release
                0x00118ba4       0x1c G:/devkitPro/devkitARM/bin/../lib/gcc/arm-none-eabi/13.2.0/../../../../arm-none-eabi/lib/armv6k/fpu\libsysbase.a(libsysbase_libsysbase_a-syscall_support.o)
                0x00118ba4                __libc_lock_release
 .text.__libc_lock_acquire_recursive
                0x00118bc0       0x1c G:/devkitPro/devkitARM/bin/../lib/gcc/arm-none-eabi/13.2.0/../../../../arm-none-eabi/lib/armv6k/fpu\libsysbase.a(libsysbase_libsysbase_a-syscall_support.o)
                0x00118bc0                __libc_lock_acquire_recursive
 .text.__libc_lock_release_recursive
                0x00118bdc       0x1c G:/devkitPro/devkitARM/bin/../lib/gcc/arm-none-eabi/13.2.0/../../../../arm-none-eabi/lib/armv6k/fpu\libsysbase.a(libsysbase_libsysbase_a-syscall_support.o)
                0x00118bdc                __libc_lock_release_recursive
 .text._unlink_r
                0x00118bf8       0x64 G:/devkitPro/devkitARM/bin/../lib/gcc/arm-none-eabi/13.2.0/../../../../arm-none-eabi/lib/armv6k/fpu\libsysbase.a(libsysbase_libsysbase_a-unlink.o)
                0x00118bf8                _unlink_r
 .text._write_r
                0x00118c5c       0x80 G:/devkitPro/devkitARM/bin/../lib/gcc/arm-none-eabi/13.2.0/../../../../arm-none-eabi/lib/armv6k/fpu\libsysbase.a(libsysbase_libsysbase_a-write.o)
                0x00118c5c                _write_r
 .text.strrchr  0x00118cdc       0x48 G:/devkitPro/devkitARM/bin/../lib/gcc/arm-none-eabi/13.2.0/../../../../arm-none-eabi/lib/armv6k/fpu\libg.a(libc_a-strrchr.o)
                0x00118cdc                strrchr
 *(.glue_7)
 .glue_7        0x00118d24        0x0 linker stubs
 *(.glue_7t)
 .glue_7t       0x00118d24        0x0 linker stubs
 *(.stub)
 *(.gnu.warning)
 *(.gnu.linkonce.t*)
                0x00118d24                        . = ALIGN (0x4)
 *(.fini)
 .fini          0x00118d24        0xc G:/devkitPro/devkitARM/bin/../lib/gcc/arm-none-eabi/13.2.0/armv6k/fpu/crti.o
                0x00118d24                _fini
 .fini          0x00118d30        0xc G:/devkitPro/devkitARM/bin/../lib/gcc/arm-none-eabi/13.2.0/armv6k/fpu/crtn.o
                0x00118d3c                        . = ALIGN (0x4)

.vfp11_veneer   0x00118d3c        0x0
 .vfp11_veneer  0x00118d3c        0x0 linker stubs

.v4_bx          0x00118d3c        0x0
 .v4_bx         0x00118d3c        0x0 linker stubs

.iplt           0x00118d3c        0x0
 .iplt          0x00118d3c        0x0 G:/devkitPro/devkitARM/bin/../lib/gcc/arm-none-eabi/13.2.0/../../../../arm-none-eabi/lib/armv6k/fpu/3dsx_crt0.o
                0x00119000                        . = ALIGN (0x1000)

.rodata         0x00119000     0x18f4
 *(.rodata)
 .rodata        0x00119000       0x18 main.o
 .rodata        0x00119018        0xc G:/devkitPro/libctru/lib\libctru.a(archive_dev.o)
 *(.roda)
 *(.rodata.*)
 .rodata.str1.4
                0x00119024      0xa5f main.o
                                0x179 (size before relaxing)
 .rodata.str1.4
                0x00119a83       0x10 G:/devkitPro/libctru/lib\libctru.a(console.o)
 *fill*         0x00119a83        0x1 
 .rodata.dotab_stdout
                0x00119a84       0x80 G:/devkitPro/libctru/lib\libctru.a(console.o)
 .rodata.grayScale
                0x00119b04       0x18 G:/devkitPro/libctru/lib\libctru.a(console.o)
 .rodata.colorCube
                0x00119b1c        0x6 G:/devkitPro/libctru/lib\libctru.a(console.o)
 *fill*         0x00119b22        0x2 
 .rodata.colorTable
                0x00119b24       0x30 G:/devkitPro/libctru/lib\libctru.a(console.o)
 .rodata.srvInit.str1.4
                0x00119b54        0x5 G:/devkitPro/libctru/lib\libctru.a(srv.o)
 .rodata.aptSendCommand.str1.4
                0x00119b54       0x16 G:/devkitPro/libctru/lib\libctru.a(apt.o)
 .rodata.morton_y.2
                0x00119b54        0x8 G:/devkitPro/libctru/lib\libctru.a(apt.o)
 .rodata.morton_x.3
                0x00119b5c        0x8 G:/devkitPro/libctru/lib\libctru.a(apt.o)
 .rodata.s_sleepWakeEvents.4
                0x00119b64        0x8 G:/devkitPro/libctru/lib\libctru.a(apt.o)
 .rodata.gspInit.str1.4
                0x00119b6c        0x9 G:/devkitPro/libctru/lib\libctru.a(gspgpu.o)
 .rodata.hidInit.str1.4
                0x00119b6c       0x15 G:/devkitPro/libctru/lib\libctru.a(hid.o)
 .rodata.irrstInit.str1.4
                0x00119b6c        0x7 G:/devkitPro/libctru/lib\libctru.a(irrst.o)
 .rodata.socInit.str1.4
                0x00119b6c        0xe G:/devkitPro/libctru/lib\libctru.a(soc_init.o)
 .rodata.__system_initArgv.str1.4
                0x00119b6c        0xa G:/devkitPro/libctru/lib\libctru.a(initArgv.o)
 .rodata.default_font_bin
                0x00119b6c      0x800 G:/devkitPro/libctru/lib\libctru.a(default_font.bin.o)
                0x00119b6c                default_font_bin
                0x0011a36c                default_font_bin_end
 .rodata.ptmSysmInit.str1.4
                0x0011a36c        0x9 G:/devkitPro/libctru/lib\libctru.a(ptmsysm.o)
 .rodata.archive_utf16path.str1.4
                0x0011a36c        0x2 G:/devkitPro/libctru/lib\libctru.a(archive_dev.o)
 .rodata._archiveUnmountDeviceStruct.part.0.str1.4
                0x0011a36c        0x2 G:/devkitPro/libctru/lib\libctru.a(archive_dev.o)
 .rodata._archiveMountDevice.str1.4
                0x0011a36c        0xc G:/devkitPro/libctru/lib\libctru.a(archive_dev.o)
 .rodata.archiveMountSdmc.str1.4
                0x0011a36c        0x5 G:/devkitPro/libctru/lib\libctru.a(archive_dev.o)
 .rodata.error_table
                0x0011a36c       0x30 G:/devkitPro/libctru/lib\libctru.a(archive_dev.o)
 .rodata.str1.4
                0x0011a39c        0x8 G:/devkitPro/libctru/lib\libctru.a(archive_dev.o)
 .rodata.archive_devoptab
                0x0011a39c       0x80 G:/devkitPro/libctru/lib\libctru.a(archive_dev.o)
 .rodata.fsInit.str1.4
                0x0011a41c        0x8 G:/devkitPro/libctru/lib\libctru.a(fs.o)
 .rodata._perror_r.str1.4
                0x0011a41c        0x6 G:/devkitPro/devkitARM/bin/../lib/gcc/arm-none-eabi/13.2.0/../../../../arm-none-eabi/lib/armv6k/fpu\libg.a(libc_a-perror.o)
 .rodata._puts_r.str1.4
                0x0011a41c        0x2 G:/devkitPro/devkitARM/bin/../lib/gcc/arm-none-eabi/13.2.0/../../../../arm-none-eabi/lib/armv6k/fpu\libg.a(libc_a-puts.o)
 .rodata._vfprintf_r.str1.1
                0x0011a41c       0x3b G:/devkitPro/devkitARM/bin/../lib/gcc/arm-none-eabi/13.2.0/../../../../arm-none-eabi/lib/armv6k/fpu\libg.a(libc_a-vfprintf.o)
 *fill*         0x0011a457        0x1 
 .rodata.zeroes.0
                0x0011a458       0x10 G:/devkitPro/devkitARM/bin/../lib/gcc/arm-none-eabi/13.2.0/../../../../arm-none-eabi/lib/armv6k/fpu\libg.a(libc_a-vfprintf.o)
 .rodata.blanks.1
                0x0011a468       0x10 G:/devkitPro/devkitARM/bin/../lib/gcc/arm-none-eabi/13.2.0/../../../../arm-none-eabi/lib/armv6k/fpu\libg.a(libc_a-vfprintf.o)
 .rodata._strerror_r.str1.4
                0x0011a478      0x701 G:/devkitPro/devkitARM/bin/../lib/gcc/arm-none-eabi/13.2.0/../../../../arm-none-eabi/lib/armv6k/fpu\libg.a(libc_a-strerror.o)
 .rodata.str1.4
                0x0011a478       0x4c G:/devkitPro/devkitARM/bin/../lib/gcc/arm-none-eabi/13.2.0/../../../../arm-none-eabi/lib/armv6k/fpu\libg.a(libc_a-locale.o)
 .rodata._ctype_
                0x0011a478      0x101 G:/devkitPro/devkitARM/bin/../lib/gcc/arm-none-eabi/13.2.0/../../../../arm-none-eabi/lib/armv6k/fpu\libg.a(libc_a-ctype_.o)
                0x0011a478                _ctype_
 .rodata._vfiprintf_r.str1.1
                0x0011a579       0x29 G:/devkitPro/devkitARM/bin/../lib/gcc/arm-none-eabi/13.2.0/../../../../arm-none-eabi/lib/armv6k/fpu\libg.a(libc_a-vfiprintf.o)
 *fill*         0x0011a579        0x3 
 .rodata.zeroes.0
                0x0011a57c       0x10 G:/devkitPro/devkitARM/bin/../lib/gcc/arm-none-eabi/13.2.0/../../../../arm-none-eabi/lib/armv6k/fpu\libg.a(libc_a-vfiprintf.o)
 .rodata.blanks.1
                0x0011a58c       0x10 G:/devkitPro/devkitARM/bin/../lib/gcc/arm-none-eabi/13.2.0/../../../../arm-none-eabi/lib/armv6k/fpu\libg.a(libc_a-vfiprintf.o)
 .rodata.__action_table
                0x0011a59c       0x6c G:/devkitPro/devkitARM/bin/../lib/gcc/arm-none-eabi/13.2.0/../../../../arm-none-eabi/lib/armv6k/fpu\libg.a(libc_a-svfiprintf.o)
                0x0011a59c                __action_table
 .rodata.__state_table
                0x0011a608       0x6c G:/devkitPro/devkitARM/bin/../lib/gcc/arm-none-eabi/13.2.0/../../../../arm-none-eabi/lib/armv6k/fpu\libg.a(libc_a-svfiprintf.o)
                0x0011a608                __state_table
 .rodata.__chclass
                0x0011a674      0x100 G:/devkitPro/devkitARM/bin/../lib/gcc/arm-none-eabi/13.2.0/../../../../arm-none-eabi/lib/armv6k/fpu\libg.a(libc_a-svfiprintf.o)
                0x0011a674                __chclass
 .rodata._dtoa_r.str1.4
                0x0011a774       0x6a G:/devkitPro/devkitARM/bin/../lib/gcc/arm-none-eabi/13.2.0/../../../../arm-none-eabi/lib/armv6k/fpu\libg.a(libc_a-dtoa.o)
 .rodata.__multadd.str1.4
                0x0011a774       0x57 G:/devkitPro/devkitARM/bin/../lib/gcc/arm-none-eabi/13.2.0/../../../../arm-none-eabi/lib/armv6k/fpu\libg.a(libc_a-mprec.o)
 .rodata.p05.0  0x0011a774        0xc G:/devkitPro/devkitARM/bin/../lib/gcc/arm-none-eabi/13.2.0/../../../../arm-none-eabi/lib/armv6k/fpu\libg.a(libc_a-mprec.o)
 .rodata.__mprec_bigtens
                0x0011a780       0x28 G:/devkitPro/devkitARM/bin/../lib/gcc/arm-none-eabi/13.2.0/../../../../arm-none-eabi/lib/armv6k/fpu\libg.a(libc_a-mprec.o)
                0x0011a780                __mprec_bigtens
 .rodata.__mprec_tens
                0x0011a7a8       0xc8 G:/devkitPro/devkitARM/bin/../lib/gcc/arm-none-eabi/13.2.0/../../../../arm-none-eabi/lib/armv6k/fpu\libg.a(libc_a-mprec.o)
                0x0011a7a8                __mprec_tens
 .rodata.__assert_func.str1.4
                0x0011a870       0x43 G:/devkitPro/devkitARM/bin/../lib/gcc/arm-none-eabi/13.2.0/../../../../arm-none-eabi/lib/armv6k/fpu\libg.a(libc_a-assert.o)
 .rodata.AddDevice.str1.4
                0x0011a870        0x8 G:/devkitPro/devkitARM/bin/../lib/gcc/arm-none-eabi/13.2.0/../../../../arm-none-eabi/lib/armv6k/fpu\libsysbase.a(libsysbase_libsysbase_a-iosupport.o)
 .rodata.dotab_stdnull
                0x0011a870       0x80 G:/devkitPro/devkitARM/bin/../lib/gcc/arm-none-eabi/13.2.0/../../../../arm-none-eabi/lib/armv6k/fpu\libsysbase.a(libsysbase_libsysbase_a-iosupport.o)
                0x0011a870                dotab_stdnull
 *all.rodata*(*)
 *(.gnu.linkonce.r*)
                0x0011a8f0                        . = ALIGN (0x4)
                0x0011a8f0                        __tdata_align = .
                0x0011a8f0        0x4 LONG 0x4 ALIGNOF (.tdata)
                0x0011a8f4                        . = ALIGN (0x4)

.eh_frame       0x0011a8f4        0x0
 .eh_frame      0x0011a8f4        0x0 G:/devkitPro/devkitARM/bin/../lib/gcc/arm-none-eabi/13.2.0/armv6k/fpu/crtbegin.o

.rel.dyn        0x0011a8f4        0x0
 .rel.iplt      0x0011a8f4        0x0 G:/devkitPro/devkitARM/bin/../lib/gcc/arm-none-eabi/13.2.0/../../../../arm-none-eabi/lib/armv6k/fpu/3dsx_crt0.o
 .rel.got       0x0011a8f4        0x0 G:/devkitPro/devkitARM/bin/../lib/gcc/arm-none-eabi/13.2.0/../../../../arm-none-eabi/lib/armv6k/fpu/3dsx_crt0.o

.ARM.extab
 *(.ARM.extab* .gnu.linkonce.armextab.*)
                0x0011a8f4                        __exidx_start = .

.ARM.exidx
 *(.ARM.exidx* .gnu.linkonce.armexidx.*)
                0x0011a8f4                        __exidx_end = .
                0x0011b000                        . = ALIGN (0x1000)

.data           0x0011b000     0x1bcc
 *(.data)
 *(.data.*)
 .data.firstConsoleInit.0
                0x0011b000        0x1 G:/devkitPro/libctru/lib\libctru.a(console.o)
 *fill*         0x0011b001        0x3 
 .data.currentConsole
                0x0011b004        0x4 G:/devkitPro/libctru/lib\libctru.a(console.o)
                0x0011b004                currentConsole
 .data.defaultConsole
                0x0011b008       0x48 G:/devkitPro/libctru/lib\libctru.a(console.o)
                0x0011b008                defaultConsole
 .data.aptChainloadDeliverArgSize
                0x0011b050        0x4 G:/devkitPro/libctru/lib\libctru.a(apt.o)
 .data.kCount   0x0011b054        0x4 G:/devkitPro/libctru/lib\libctru.a(hid.o)
 .data.kInterval
                0x0011b058        0x4 G:/devkitPro/libctru/lib\libctru.a(hid.o)
 .data.kDelay   0x0011b05c        0x4 G:/devkitPro/libctru/lib\libctru.a(hid.o)
 .data.__stacksize__
                0x0011b060        0x4 G:/devkitPro/libctru/lib\libctru.a(stack_adjust.o)
                0x0011b060                __stacksize__
 .data.__malloc_sbrk_base
                0x0011b064        0x4 G:/devkitPro/devkitARM/bin/../lib/gcc/arm-none-eabi/13.2.0/../../../../arm-none-eabi/lib/armv6k/fpu\libg.a(libc_a-mallocr.o)
                0x0011b064                __malloc_sbrk_base
 .data.__malloc_trim_threshold
                0x0011b068        0x4 G:/devkitPro/devkitARM/bin/../lib/gcc/arm-none-eabi/13.2.0/../../../../arm-none-eabi/lib/armv6k/fpu\libg.a(libc_a-mallocr.o)
                0x0011b068                __malloc_trim_threshold
 *fill*         0x0011b06c        0x4 
 .data.__malloc_av_
                0x0011b070      0x408 G:/devkitPro/devkitARM/bin/../lib/gcc/arm-none-eabi/13.2.0/../../../../arm-none-eabi/lib/armv6k/fpu\libg.a(libc_a-mallocr.o)
                0x0011b070                __malloc_av_
 .data.__sglue  0x0011b478        0xc G:/devkitPro/devkitARM/bin/../lib/gcc/arm-none-eabi/13.2.0/../../../../arm-none-eabi/lib/armv6k/fpu\libg.a(libc_a-findfp.o)
                0x0011b478                __sglue
 .data.__global_locale
                0x0011b484      0x16c G:/devkitPro/devkitARM/bin/../lib/gcc/arm-none-eabi/13.2.0/../../../../arm-none-eabi/lib/armv6k/fpu\libg.a(libc_a-locale.o)
                0x0011b484                __global_locale
 .data._impure_ptr
                0x0011b5f0        0x4 G:/devkitPro/devkitARM/bin/../lib/gcc/arm-none-eabi/13.2.0/../../../../arm-none-eabi/lib/armv6k/fpu\libg.a(libc_a-impure.o)
                0x0011b5f0                _impure_ptr
 *fill*         0x0011b5f4        0x4 
 .data._impure_data
                0x0011b5f8      0x120 G:/devkitPro/devkitARM/bin/../lib/gcc/arm-none-eabi/13.2.0/../../../../arm-none-eabi/lib/armv6k/fpu\libg.a(libc_a-impure.o)
                0x0011b5f8                _impure_data
 .data._current_working_directory
                0x0011b718      0x400 G:/devkitPro/devkitARM/bin/../lib/gcc/arm-none-eabi/13.2.0/../../../../arm-none-eabi/lib/armv6k/fpu\libsysbase.a(libsysbase_libsysbase_a-chdir.o)
 .data.handles  0x0011bb18     0x1000 G:/devkitPro/devkitARM/bin/../lib/gcc/arm-none-eabi/13.2.0/../../../../arm-none-eabi/lib/armv6k/fpu\libsysbase.a(libsysbase_libsysbase_a-handle_manager.o)
 .data.__stderr_handle
                0x0011cb18        0xc G:/devkitPro/devkitARM/bin/../lib/gcc/arm-none-eabi/13.2.0/../../../../arm-none-eabi/lib/armv6k/fpu\libsysbase.a(libsysbase_libsysbase_a-handle_manager.o)
 .data.__stdout_handle
                0x0011cb24        0xc G:/devkitPro/devkitARM/bin/../lib/gcc/arm-none-eabi/13.2.0/../../../../arm-none-eabi/lib/armv6k/fpu\libsysbase.a(libsysbase_libsysbase_a-handle_manager.o)
 .data.__stdin_handle
                0x0011cb30        0xc G:/devkitPro/devkitARM/bin/../lib/gcc/arm-none-eabi/13.2.0/../../../../arm-none-eabi/lib/armv6k/fpu\libsysbase.a(libsysbase_libsysbase_a-handle_manager.o)
 .data.devoptab_list
                0x0011cb3c       0x8c G:/devkitPro/devkitARM/bin/../lib/gcc/arm-none-eabi/13.2.0/../../../../arm-none-eabi/lib/armv6k/fpu\libsysbase.a(libsysbase_libsysbase_a-iosupport.o)
                0x0011cb3c                devoptab_list
 .data.defaultDevice
                0x0011cbc8        0x4 G:/devkitPro/devkitARM/bin/../lib/gcc/arm-none-eabi/13.2.0/../../../../arm-none-eabi/lib/armv6k/fpu\libsysbase.a(libsysbase_libsysbase_a-iosupport.o)
 *(.gnu.linkonce.d*)
                0x0011cbcc                        . = ALIGN (0x4)

.igot.plt       0x0011cbcc        0x0
 .igot.plt      0x0011cbcc        0x0 G:/devkitPro/devkitARM/bin/../lib/gcc/arm-none-eabi/13.2.0/../../../../arm-none-eabi/lib/armv6k/fpu/3dsx_crt0.o

.got            0x0011cbcc        0x8
 .got           0x0011cbcc        0x8 G:/devkitPro/devkitARM/bin/../lib/gcc/arm-none-eabi/13.2.0/../../../../arm-none-eabi/lib/armv6k/fpu/3dsx_crt0.o

.got.plt        0x0011cbd4        0xc
 .got.plt       0x0011cbd4        0xc G:/devkitPro/devkitARM/bin/../lib/gcc/arm-none-eabi/13.2.0/../../../../arm-none-eabi/lib/armv6k/fpu/3dsx_crt0.o
                0x0011cbd4                _GLOBAL_OFFSET_TABLE_

.tdata          0x0011cbe0        0x0
                0x0011cbe0                        __tdata_lma = .
 *(.tdata)
 *(.tdata.*)
 *(.gnu.linkonce.td.*)
                0x0011cbe0                        . = ALIGN (0x4)
                0x0011cbe0                        __tdata_lma_end = .

.tbss           0x0011cbe0      0xc08
 *(.tbss)
 *(.tbss.*)
 .tbss.__ctru_dev_utf16_buf
                0x0011cbe0      0x802 G:/devkitPro/libctru/lib\libctru.a(path_buf.o)
                0x0011cbe0                __ctru_dev_utf16_buf
 *fill*         0x0011d3e2        0x2 
 .tbss.__ctru_dev_path_buf
                0x0011d3e4      0x401 G:/devkitPro/libctru/lib\libctru.a(path_buf.o)
                0x0011d3e4                __ctru_dev_path_buf
 *(.gnu.linkonce.tb.*)
 *(.tcommon)
                0x0011d7e8                        . = ALIGN (0x4)
 *fill*         0x0011d7e5        0x3 

.preinit_array  0x0011cbe0        0x0
                0x0011cbe0                        PROVIDE (__preinit_array_start = .)
 *(.preinit_array)
                0x0011cbe0                        PROVIDE (__preinit_array_end = .)

.init_array     0x0011cbe0        0x4
                0x0011cbe0                        PROVIDE (__init_array_start = .)
 *(SORT_BY_NAME(.init_array.*))
 *(.init_array)
 .init_array    0x0011cbe0        0x4 G:/devkitPro/devkitARM/bin/../lib/gcc/arm-none-eabi/13.2.0/armv6k/fpu/crtbegin.o
                0x0011cbe4                        PROVIDE (__init_array_end = .)

.fini_array     0x0011cbe4        0x4
                0x0011cbe4                        PROVIDE (__fini_array_start = .)
 *(.fini_array)
 .fini_array    0x0011cbe4        0x4 G:/devkitPro/devkitARM/bin/../lib/gcc/arm-none-eabi/13.2.0/armv6k/fpu/crtbegin.o
 *(SORT_BY_NAME(.fini_array.*))
                0x0011cbe8                        PROVIDE (__fini_array_end = .)

.ctors
 *crtbegin.o(.ctors)
 *(EXCLUDE_FILE(*crtend.o) .ctors)
 *(SORT_BY_NAME(.ctors.*))
 *(.ctors)

.dtors
 *crtbegin.o(.dtors)
 *(EXCLUDE_FILE(*crtend.o) .dtors)
 *(SORT_BY_NAME(.dtors.*))
 *(.dtors)
                0x0011cbe8                        __bss_start__ = .

.bss            0x0011cbe8     0x2f94
 *(.dynbss)
 *(.bss)
 *(.bss.*)
 .bss.completed.1
                0x0011cbe8        0x1 G:/devkitPro/devkitARM/bin/../lib/gcc/arm-none-eabi/13.2.0/armv6k/fpu/crtbegin.o
 *fill*         0x0011cbe9        0x3 
 .bss.object.0  0x0011cbec       0x18 G:/devkitPro/devkitARM/bin/../lib/gcc/arm-none-eabi/13.2.0/armv6k/fpu/crtbegin.o
 .bss.escapeSeq
                0x0011cc04       0x1c G:/devkitPro/libctru/lib\libctru.a(console.o)
 .bss.currentCopy
                0x0011cc20       0x48 G:/devkitPro/libctru/lib\libctru.a(console.o)
                0x0011cc20                currentCopy
 .bss.screenAlloc
                0x0011cc68        0x4 G:/devkitPro/libctru/lib\libctru.a(gfx.o)
 .bss.screenFree
                0x0011cc6c        0x4 G:/devkitPro/libctru/lib\libctru.a(gfx.o)
 .bss.gfxIsDoubleBuf
                0x0011cc70        0x2 G:/devkitPro/libctru/lib\libctru.a(gfx.o)
 *fill*         0x0011cc72        0x2 
 .bss.gfxCurBuf
                0x0011cc74        0x2 G:/devkitPro/libctru/lib\libctru.a(gfx.o)
 .bss.gfxIsVram
                0x0011cc76        0x1 G:/devkitPro/libctru/lib\libctru.a(gfx.o)
 .bss.gfxTopMode
                0x0011cc77        0x1 G:/devkitPro/libctru/lib\libctru.a(gfx.o)
 .bss.gfxFramebufferFormats
                0x0011cc78        0x2 G:/devkitPro/libctru/lib\libctru.a(gfx.o)
 *fill*         0x0011cc7a        0x2 
 .bss.gfxBottomFramebufferMaxSize
                0x0011cc7c        0x4 G:/devkitPro/libctru/lib\libctru.a(gfx.o)
 .bss.gfxTopFramebufferMaxSize
                0x0011cc80        0x4 G:/devkitPro/libctru/lib\libctru.a(gfx.o)
 *fill*         0x0011cc84        0x4 
 .bss.gfxBottomFramebuffers
                0x0011cc88        0x8 G:/devkitPro/libctru/lib\libctru.a(gfx.o)
 .bss.gfxTopFramebuffers
                0x0011cc90        0x8 G:/devkitPro/libctru/lib\libctru.a(gfx.o)
 .bss.srvRefCount
                0x0011cc98        0x4 G:/devkitPro/libctru/lib\libctru.a(srv.o)
 .bss.srvHandle
                0x0011cc9c        0x4 G:/devkitPro/libctru/lib\libctru.a(srv.o)
 .bss.flagValue.0
                0x0011cca0        0x1 G:/devkitPro/libctru/lib\libctru.a(apt.o)
 .bss.flagInit.1
                0x0011cca1        0x1 G:/devkitPro/libctru/lib\libctru.a(apt.o)
 *fill*         0x0011cca2        0x2 
 .bss.serviceName.6
                0x0011cca4        0x4 G:/devkitPro/libctru/lib\libctru.a(apt.o)
 .bss.aptChainloadFlags
                0x0011cca8        0x1 G:/devkitPro/libctru/lib\libctru.a(apt.o)
 .bss.aptChainloadMediatype
                0x0011cca9        0x1 G:/devkitPro/libctru/lib\libctru.a(apt.o)
 *fill*         0x0011ccaa        0x2 
 .bss.aptChainloadHmac
                0x0011ccac       0x20 G:/devkitPro/libctru/lib\libctru.a(apt.o)
 .bss.aptChainloadDeliverArg
                0x0011cccc      0x300 G:/devkitPro/libctru/lib\libctru.a(apt.o)
 *fill*         0x0011cfcc        0x4 
 .bss.aptChainloadTid
                0x0011cfd0        0x8 G:/devkitPro/libctru/lib\libctru.a(apt.o)
 .bss.aptParameters
                0x0011cfd8     0x1000 G:/devkitPro/libctru/lib\libctru.a(apt.o)
 .bss.aptFlags  0x0011dfd8        0x4 G:/devkitPro/libctru/lib\libctru.a(apt.o)
 .bss.aptHomeButtonState
                0x0011dfdc        0x1 G:/devkitPro/libctru/lib\libctru.a(apt.o)
 *fill*         0x0011dfdd        0x3 
 .bss.aptMessageFuncData
                0x0011dfe0        0x4 G:/devkitPro/libctru/lib\libctru.a(apt.o)
 .bss.aptMessageFunc
                0x0011dfe4        0x4 G:/devkitPro/libctru/lib\libctru.a(apt.o)
 .bss.aptFirstHook
                0x0011dfe8        0xc G:/devkitPro/libctru/lib\libctru.a(apt.o)
 .bss.aptEventHandlerThreadQuit
                0x0011dff4        0x1 G:/devkitPro/libctru/lib\libctru.a(apt.o)
 *fill*         0x0011dff5        0x3 
 .bss.aptEventHandlerThread
                0x0011dff8        0x4 G:/devkitPro/libctru/lib\libctru.a(apt.o)
 .bss.aptSleepEvent
                0x0011dffc        0x8 G:/devkitPro/libctru/lib\libctru.a(apt.o)
 .bss.aptReceiveEvent
                0x0011e004        0x8 G:/devkitPro/libctru/lib\libctru.a(apt.o)
 .bss.aptEvents
                0x0011e00c        0x8 G:/devkitPro/libctru/lib\libctru.a(apt.o)
 .bss.aptLockHandle
                0x0011e014        0x4 G:/devkitPro/libctru/lib\libctru.a(apt.o)
 .bss.aptRefCount
                0x0011e018        0x4 G:/devkitPro/libctru/lib\libctru.a(apt.o)
 .bss.cfguRefCount
                0x0011e01c        0x4 G:/devkitPro/libctru/lib\libctru.a(cfgu.o)
 .bss.cfguHandle
                0x0011e020        0x4 G:/devkitPro/libctru/lib\libctru.a(cfgu.o)
 .bss.gspEventCbOneShot
                0x0011e024        0x7 G:/devkitPro/libctru/lib\libctru.a(gspgpu.o)
 *fill*         0x0011e02b        0x1 
 .bss.gspEventCbData
                0x0011e02c       0x1c G:/devkitPro/libctru/lib\libctru.a(gspgpu.o)
 .bss.gspEventCb
                0x0011e048       0x1c G:/devkitPro/libctru/lib\libctru.a(gspgpu.o)
 .bss.gspEvents
                0x0011e064       0x38 G:/devkitPro/libctru/lib\libctru.a(gspgpu.o)
 .bss.gspLastEvent
                0x0011e09c        0x4 G:/devkitPro/libctru/lib\libctru.a(gspgpu.o)
 .bss.gspRunEvents
                0x0011e0a0        0x1 G:/devkitPro/libctru/lib\libctru.a(gspgpu.o)
 *fill*         0x0011e0a1        0x3 
 .bss.gspEventThread
                0x0011e0a4        0x4 G:/devkitPro/libctru/lib\libctru.a(gspgpu.o)
 .bss.gspEvent  0x0011e0a8        0x4 G:/devkitPro/libctru/lib\libctru.a(gspgpu.o)
 .bss.gspGpuRight
                0x0011e0ac        0x1 G:/devkitPro/libctru/lib\libctru.a(gspgpu.o)
 .bss.gspThreadId
                0x0011e0ad        0x1 G:/devkitPro/libctru/lib\libctru.a(gspgpu.o)
 *fill*         0x0011e0ae        0x2 
 .bss.gspSharedMem
                0x0011e0b0        0x4 G:/devkitPro/libctru/lib\libctru.a(gspgpu.o)
 .bss.gspSharedMemHandle
                0x0011e0b4        0x4 G:/devkitPro/libctru/lib\libctru.a(gspgpu.o)
 .bss.gspRefCount
                0x0011e0b8        0x4 G:/devkitPro/libctru/lib\libctru.a(gspgpu.o)
 .bss.gspGpuHandle
                0x0011e0bc        0x4 G:/devkitPro/libctru/lib\libctru.a(gspgpu.o)
 .bss.usingIrrst
                0x0011e0c0        0x1 G:/devkitPro/libctru/lib\libctru.a(hid.o)
 *fill*         0x0011e0c1        0x3 
 .bss.hidRefCount
                0x0011e0c4        0x4 G:/devkitPro/libctru/lib\libctru.a(hid.o)
 .bss.gRate     0x0011e0c8        0x6 G:/devkitPro/libctru/lib\libctru.a(hid.o)
 *fill*         0x0011e0ce        0x2 
 .bss.aVec      0x0011e0d0        0x6 G:/devkitPro/libctru/lib\libctru.a(hid.o)
 *fill*         0x0011e0d6        0x2 
 .bss.cPos      0x0011e0d8        0x4 G:/devkitPro/libctru/lib\libctru.a(hid.o)
 .bss.tPos      0x0011e0dc        0x4 G:/devkitPro/libctru/lib\libctru.a(hid.o)
 .bss.kRepeat   0x0011e0e0        0x4 G:/devkitPro/libctru/lib\libctru.a(hid.o)