Archive member included to satisfy reference by file (symbol)

G:/devkitPro/libctru/lib\libctru.a(console.o)
                              main.o (consoleInit)
G:/devkitPro/libctru/lib\libctru.a(gfx.o)
                              G:/devkitPro/libctru/lib\libctru.a(console.o) (gfxIsWide)
G:/devkitPro/libctru/lib\libctru.a(srv.o)
                              main.o (srvInit)
G:/devkitPro/libctru/lib\libctru.a(apt.o)
                              main.o (aptExit)
G:/devkitPro/libctru/lib\libctru.a(gspgpu.o)
                              G:/devkitPro/libctru/lib\libctru.a(gfx.o) (gspInit)
G:/devkitPro/libctru/lib\libctru.a(hid.o)
                              main.o (hidExit)
G:/devkitPro/libctru/lib\libctru.a(irrst.o)
                              G:/devkitPro/libctru/lib\libctru.a(hid.o) (irrstInit)
G:/devkitPro/libctru/lib\libctru.a(srvpm.o)
                              G:/devkitPro/libctru/lib\libctru.a(srv.o) (srvPmGetSessionHandle)
G:/devkitPro/libctru/lib\libctru.a(ctru_init.o)
                              G:/devkitPro/libctru/lib\libctru.a(apt.o) (__system_retAddr)
G:/devkitPro/libctru/lib\libctru.a(initArgv.o)
                              G:/devkitPro/libctru/lib\libctru.a(ctru_init.o) (__system_initArgv)
G:/devkitPro/libctru/lib\libctru.a(syscalls.o)
                              G:/devkitPro/libctru/lib\libctru.a(ctru_init.o) (__system_initSyscalls)
G:/devkitPro/libctru/lib\libctru.a(svc.o)
                              main.o (svcSleepThread)
G:/devkitPro/libctru/lib\libctru.a(stack_adjust.o)
                              G:/devkitPro/devkitARM/bin/../lib/gcc/arm-none-eabi/13.2.0/../../../../arm-none-eabi/lib/armv6k/fpu/3dsx_crt0.o (initSystem)
G:/devkitPro/libctru/lib\libctru.a(default_font.bin.o)
                              G:/devkitPro/libctru/lib\libctru.a(console.o) (default_font_bin)
G:/devkitPro/libctru/lib\libctru.a(linear.o)
                              G:/devkitPro/libctru/lib\libctru.a(gfx.o) (linearAlloc)
G:/devkitPro/libctru/lib\libctru.a(mem_pool.o)
                              G:/devkitPro/libctru/lib\libctru.a(linear.o) (MemPool::Allocate(MemChunk&, unsigned long, int))
G:/devkitPro/libctru/lib\libctru.a(vram.o)
                              G:/devkitPro/libctru/lib\libctru.a(gfx.o) (vramAlloc)
G:/devkitPro/libctru/lib\libctru.a(3dslink.o)
                              G:/devkitPro/libctru/lib\libctru.a(initArgv.o) (__3dslink_host)
G:/devkitPro/libctru/lib\libctru.a(env.o)
                              G:/devkitPro/libctru/lib\libctru.a(srv.o) (envGetHandle)
G:/devkitPro/libctru/lib\libctru.a(os.o)
                              G:/devkitPro/libctru/lib\libctru.a(syscalls.o) (osGetTime)
G:/devkitPro/libctru/lib\libctru.a(synchronization.o)
                              G:/devkitPro/libctru/lib\libctru.a(ctru_init.o) (__sync_init)
G:/devkitPro/libctru/lib\libctru.a(thread.o)
                              G:/devkitPro/libctru/lib\libctru.a(apt.o) (threadCreate)
G:/devkitPro/libctru/lib\libctru.a(mappable.o)
                              G:/devkitPro/libctru/lib\libctru.a(apt.o) (mappableAlloc)
G:/devkitPro/libctru/lib\libctru.a(ptmsysm.o)
                              G:/devkitPro/libctru/lib\libctru.a(os.o) (ptmSysmInit)
G:/devkitPro/libctru/lib\libctru.a(soc_connect.o)
                              G:/devkitPro/libctru/lib\libctru.a(3dslink.o) (connect)
G:/devkitPro/libctru/lib\libctru.a(soc_socket.o)
                              G:/devkitPro/libctru/lib\libctru.a(3dslink.o) (socket)
G:/devkitPro/libctru/lib\libctru.a(rbtree_find.o)
                              G:/devkitPro/libctru/lib\libctru.a(linear.o) (rbtree_find)
G:/devkitPro/libctru/lib\libctru.a(rbtree_init.o)
                              G:/devkitPro/libctru/lib\libctru.a(linear.o) (rbtree_init)
G:/devkitPro/libctru/lib\libctru.a(rbtree_insert.o)
                              G:/devkitPro/libctru/lib\libctru.a(linear.o) (rbtree_insert)
G:/devkitPro/libctru/lib\libctru.a(rbtree_remove.o)
                              G:/devkitPro/libctru/lib\libctru.a(linear.o) (rbtree_remove)
G:/devkitPro/libctru/lib\libctru.a(rbtree_rotate.o)
                              G:/devkitPro/libctru/lib\libctru.a(rbtree_insert.o) (rbtree_rotate)
G:/devkitPro/libctru/lib\libctru.a(allocateHeaps.o)
                              G:/devkitPro/libctru/lib\libctru.a(ctru_init.o) (__system_allocateHeaps)
G:/devkitPro/libctru/lib\libctru.a(appExit.o)
                              G:/devkitPro/libctru/lib\libctru.a(stack_adjust.o) (__appExit)
G:/devkitPro/libctru/lib\libctru.a(appInit.o)
                              G:/devkitPro/libctru/lib\libctru.a(stack_adjust.o) (__appInit)
G:/devkitPro/libctru/lib\libctru.a(ctru_exit.o)
                              G:/devkitPro/libctru/lib\libctru.a(stack_adjust.o) (__libctru_exit)
G:/devkitPro/libctru/lib\libctru.a(archive_dev.o)
                              G:/devkitPro/libctru/lib\libctru.a(appInit.o) (archiveMountSdmc)
[...]
Memory Configuration

Name             Origin             Length             Attributes
*default*        0x00000000         0xffffffff

Linker script and memory map

                0x00100000                        PROVIDE (__start__ = 0x100000)
                0x00100000                        . = __start__

.text           0x00100000    0x18a9c
 *(.crt0)
 .crt0          0x00100000       0x94 G:/devkitPro/devkitARM/bin/../lib/gcc/arm-none-eabi/13.2.0/../../../../arm-none-eabi/lib/armv6k/fpu/3dsx_crt0.o
                0x00100000                _start
                0x00100008                __service_ptr
                0x0010000c                __apt_appid
                0x00100010                __heap_size
                0x00100014                __linear_heap_size
                0x00100018                __system_arglist
                0x0010001c                __system_runflags
 *(.init)
 .init          0x00100094        0xc G:/devkitPro/devkitARM/bin/../lib/gcc/arm-none-eabi/13.2.0/armv6k/fpu/crti.o
                0x00100094                _init
 .init          0x001000a0        0xc G:/devkitPro/devkitARM/bin/../lib/gcc/arm-none-eabi/13.2.0/armv6k/fpu/crtn.o
                0x001000ac                        . = ALIGN (0x4)
 *(.text)
 .text          0x001000ac      0x240 G:/devkitPro/devkitARM/bin/../lib/gcc/arm-none-eabi/13.2.0/armv6k/fpu\libgcc.a(_divsi3.o)
                0x001000ac                __divsi3
                0x001000ac                __aeabi_idiv
                0x001002cc                __aeabi_idivmod
 .text          0x001002ec        0x4 G:/devkitPro/devkitARM/bin/../lib/gcc/arm-none-eabi/13.2.0/armv6k/fpu\libgcc.a(_dvmd_tls.o)
                0x001002ec                __aeabi_idiv0
                0x001002ec                __aeabi_ldiv0
 .text          0x001002f0       0x3c G:/devkitPro/devkitARM/bin/../lib/gcc/arm-none-eabi/13.2.0/armv6k/fpu\libgcc.a(_aeabi_uldivmod.o)
                0x001002f0                __aeabi_uldivmod
 *fill*         0x0010032c       0x14 
 .text          0x00100340      0x390 G:/devkitPro/devkitARM/bin/../lib/gcc/arm-none-eabi/13.2.0/../../../../arm-none-eabi/lib/armv6k/fpu\libg.a(libc_a-strcmp.o)
                0x00100348                strcmp
 .text          0x001006d0      0x20c G:/devkitPro/devkitARM/bin/../lib/gcc/arm-none-eabi/13.2.0/armv6k/fpu\libgcc.a(_udivsi3.o)
                0x001006d0                __aeabi_uidiv
                0x001006d0                __udivsi3
                0x001008bc                __aeabi_uidivmod
 *(.text.*)
 .text.__do_global_dtors_aux
                0x001008dc       0x40 G:/devkitPro/devkitARM/bin/../lib/gcc/arm-none-eabi/13.2.0/armv6k/fpu/crtbegin.o
 .text.frame_dummy
                0x0010091c       0x2c G:/devkitPro/devkitARM/bin/../lib/gcc/arm-none-eabi/13.2.0/armv6k/fpu/crtbegin.o
 .text.renameAndDeleteFiles
                0x00100948      0x1f0 main.o
                0x00100948                renameAndDeleteFiles
 .text.startup.main
                0x00100b38      0x198 main.o
                0x00100b38                main
 .text.consoleHandleColorEsc
                0x00100cd0      0x51c G:/devkitPro/libctru/lib\libctru.a(console.o)
 .text.consoleColorStateShift
                0x001011ec       0xb8 G:/devkitPro/libctru/lib\libctru.a(console.o)
 .text.consoleDrawChar
                0x001012a4      0x1ac G:/devkitPro/libctru/lib\libctru.a(console.o)
                0x001012a4                consoleDrawChar
 .text.consolePrintChar
                0x00101450      0x124 G:/devkitPro/libctru/lib\libctru.a(console.o)
                0x00101450                consolePrintChar
 .text.con_write
                0x00101574      0x6f4 G:/devkitPro/libctru/lib\libctru.a(console.o)
                0x00101574                con_write
 .text.newRow   0x00101c68       0xfc G:/devkitPro/libctru/lib\libctru.a(console.o)
 .text.consoleInit
                0x00101d64      0x18c G:/devkitPro/libctru/lib\libctru.a(console.o)
                0x00101d64                consoleInit
 .text.consoleClear
                0x00101ef0       0xb8 G:/devkitPro/libctru/lib\libctru.a(console.o)
                0x00101ef0                consoleClear
 .text.gfxPresentFramebuffer
                0x00101fa8       0xd0 G:/devkitPro/libctru/lib\libctru.a(gfx.o)
 .text.gfxIsWide
                0x00102078       0x1c G:/devkitPro/libctru/lib\libctru.a(gfx.o)
                0x00102078                gfxIsWide
 .text.gfxSetScreenFormat
                0x00102094       0xec G:/devkitPro/libctru/lib\libctru.a(gfx.o)
                0x00102094                gfxSetScreenFormat
 .text.gfxSetDoubleBuffering
                0x00102180       0x10 G:/devkitPro/libctru/lib\libctru.a(gfx.o)
                0x00102180                gfxSetDoubleBuffering
 .text.gfxInit  0x00102190       0xe0 G:/devkitPro/libctru/lib\libctru.a(gfx.o)
                0x00102190                gfxInit
 .text.gfxInitDefault
                0x00102270       0x10 G:/devkitPro/libctru/lib\libctru.a(gfx.o)
                0x00102270                gfxInitDefault
 .text.gfxExit  0x00102280       0xb4 G:/devkitPro/libctru/lib\libctru.a(gfx.o)
                0x00102280                gfxExit
 .text.gfxGetFramebuffer
                0x00102334       0xa0 G:/devkitPro/libctru/lib\libctru.a(gfx.o)
                0x00102334                gfxGetFramebuffer
 .text.gfxFlushBuffers
                0x001023d4      0x104 G:/devkitPro/libctru/lib\libctru.a(gfx.o)
                0x001023d4                gfxFlushBuffers
 .text.gfxSwapBuffers
                0x001024d8       0x50 G:/devkitPro/libctru/lib\libctru.a(gfx.o)
                0x001024d8                gfxSwapBuffers
 .text.gfxSwapBuffersGpu
                0x00102528       0x50 G:/devkitPro/libctru/lib\libctru.a(gfx.o)
                0x00102528                gfxSwapBuffersGpu
 .text.srvInit  0x00102578      0x12c G:/devkitPro/libctru/lib\libctru.a(srv.o)
                0x00102578                srvInit
 .text.srvExit  0x001026a4       0x58 G:/devkitPro/libctru/lib\libctru.a(srv.o)
                0x001026a4                srvExit
 .text.srvEnableNotification
                0x001026fc       0x60 G:/devkitPro/libctru/lib\libctru.a(srv.o)
                0x001026fc                srvEnableNotification
 .text.srvGetServiceHandleDirect
                0x0010275c       0xa0 G:/devkitPro/libctru/lib\libctru.a(srv.o)
                0x0010275c                srvGetServiceHandleDirect
 .text.srvGetServiceHandle
                0x001027fc       0x38 G:/devkitPro/libctru/lib\libctru.a(srv.o)
                0x001027fc                srvGetServiceHandle
 .text.srvSubscribe
                0x00102834       0x34 G:/devkitPro/libctru/lib\libctru.a(srv.o)
                0x00102834                srvSubscribe
 .text.srvReceiveNotification
                0x00102868       0x60 G:/devkitPro/libctru/lib\libctru.a(srv.o)
                0x00102868                srvReceiveNotification
 .text.srvPublishToSubscriber
                0x001028c8       0x38 G:/devkitPro/libctru/lib\libctru.a(srv.o)
                0x001028c8                srvPublishToSubscriber
 .text.aptConvertScreenForCapture
                0x00102900      0x1ac G:/devkitPro/libctru/lib\libctru.a(apt.o)
 .text.aptDspSleep
                0x00102aac        0x8 G:/devkitPro/libctru/lib\libctru.a(apt.o)
                0x00102aac                aptDspSleep
 .text.aptDspWakeup
                0x00102ab4        0x4 G:/devkitPro/libctru/lib\libctru.a(apt.o)
                0x00102ab4                aptDspWakeup
 .text.aptDspCancel
                0x00102ab8        0x4 G:/devkitPro/libctru/lib\libctru.a(apt.o)
                0x00102ab8                aptDspCancel
 .text.aptSendCommand
                0x00102abc      0x158 G:/devkitPro/libctru/lib\libctru.a(apt.o)
                0x00102abc                aptSendCommand
 *fill*         0x00102c14        0x4 
 .text.aptExitProcess
                0x00102c18       0x44 G:/devkitPro/libctru/lib\libctru.a(apt.o)
 .text.aptExit  0x00102c5c      0x38c G:/devkitPro/libctru/lib\libctru.a(apt.o)
                0x00102c5c                aptExit
 .text.aptHandleSleep
                0x00102fe8       0xe0 G:/devkitPro/libctru/lib\libctru.a(apt.o)
                0x00102fe8                aptHandleSleep
 .text.APT_SleepIfShellClosed
                0x001030c8       0x84 G:/devkitPro/libctru/lib\libctru.a(apt.o)
                0x001030c8                APT_SleepIfShellClosed
 .text.aptSetSleepAllowed
                0x0010314c       0x84 G:/devkitPro/libctru/lib\libctru.a(apt.o)
                0x0010314c                aptSetSleepAllowed
 .text.APT_UnlockTransition
                0x001031d0       0x84 G:/devkitPro/libctru/lib\libctru.a(apt.o)
                0x001031d0                APT_UnlockTransition
 *fill*         0x00103254        0x4 
 .text.aptEventHandler
                0x00103258      0x4a4 G:/devkitPro/libctru/lib\libctru.a(apt.o)
 .text.APT_ReceiveParameter
                0x001036fc       0xb0 G:/devkitPro/libctru/lib\libctru.a(apt.o)
                0x001036fc                APT_ReceiveParameter
 .text.aptReceiveParameter.constprop.0
                0x001037ac       0xac G:/devkitPro/libctru/lib\libctru.a(apt.o)
 .text.aptScreenTransfer
                0x00103858      0x2ac G:/devkitPro/libctru/lib\libctru.a(apt.o)
 .text.aptWaitForWakeUp.isra.0
                0x00103b04      0x320 G:/devkitPro/libctru/lib\libctru.a(apt.o)
 .text.aptJumpToHomeMenu
                0x00103e24       0xf8 G:/devkitPro/libctru/lib\libctru.a(apt.o)
                0x00103e24                aptJumpToHomeMenu
 .text.aptMainLoop
                0x00103f1c       0x48 G:/devkitPro/libctru/lib\libctru.a(apt.o)
                0x00103f1c                aptMainLoop
 .text.aptInit  0x00103f64      0x22c G:/devkitPro/libctru/lib\libctru.a(apt.o)
                0x00103f64                aptInit
 .text.APT_CheckNew3DS
                0x00104190       0x7c G:/devkitPro/libctru/lib\libctru.a(apt.o)
                0x00104190                APT_CheckNew3DS
 .text.gspHardwareInit
                0x0010420c      0xc64 G:/devkitPro/libctru/lib\libctru.a(gspgpu.o)
 .text.gspInit  0x00104e70      0x248 G:/devkitPro/libctru/lib\libctru.a(gspgpu.o)
                0x00104e70                gspInit
 .text.gspExit  0x001050b8       0xf0 G:/devkitPro/libctru/lib\libctru.a(gspgpu.o)
                0x001050b8                gspExit
 .text.gspHasGpuRight
                0x001051a8       0x10 G:/devkitPro/libctru/lib\libctru.a(gspgpu.o)
                0x001051a8                gspHasGpuRight
 .text.gspPresentBuffer
                0x001051b8       0xa0 G:/devkitPro/libctru/lib\libctru.a(gspgpu.o)
                0x001051b8                gspPresentBuffer
 .text.gspWaitForEvent
                0x00105258       0x44 G:/devkitPro/libctru/lib\libctru.a(gspgpu.o)
                0x00105258                gspWaitForEvent
 .text.gxCmdQueueInterrupt
                0x0010529c        0x4 G:/devkitPro/libctru/lib\libctru.a(gspgpu.o)
                0x0010529c                gxCmdQueueInterrupt
 .text.gspEventThreadMain
                0x001052a0      0x158 G:/devkitPro/libctru/lib\libctru.a(gspgpu.o)
 .text.GSPGPU_FlushDataCache
                0x001053f8       0x50 G:/devkitPro/libctru/lib\libctru.a(gspgpu.o)
                0x001053f8                GSPGPU_FlushDataCache
 .text.GSPGPU_SetLcdForceBlack
                0x00105448       0x34 G:/devkitPro/libctru/lib\libctru.a(gspgpu.o)
                0x00105448                GSPGPU_SetLcdForceBlack
 .text.GSPGPU_AcquireRight
                0x0010547c       0x68 G:/devkitPro/libctru/lib\libctru.a(gspgpu.o)
                0x0010547c                GSPGPU_AcquireRight
 .text.GSPGPU_ReleaseRight
                0x001054e4       0x48 G:/devkitPro/libctru/lib\libctru.a(gspgpu.o)
                0x001054e4                GSPGPU_ReleaseRight
 .text.GSPGPU_ImportDisplayCaptureInfo
                0x0010552c       0x7c G:/devkitPro/libctru/lib\libctru.a(gspgpu.o)
                0x0010552c                GSPGPU_ImportDisplayCaptureInfo
 .text.GSPGPU_SaveVramSysArea
                0x001055a8       0x2c G:/devkitPro/libctru/lib\libctru.a(gspgpu.o)
                0x001055a8                GSPGPU_SaveVramSysArea
 .text.GSPGPU_RestoreVramSysArea
                0x001055d4       0x2c G:/devkitPro/libctru/lib\libctru.a(gspgpu.o)
                0x001055d4                GSPGPU_RestoreVramSysArea
 .text.hidShouldUseIrrst
                0x00105600       0x24 G:/devkitPro/libctru/lib\libctru.a(hid.o)
                0x00105600                hidShouldUseIrrst
 .text.hidInit  0x00105624      0x18c G:/devkitPro/libctru/lib\libctru.a(hid.o)
                0x00105624                hidInit
 .text.hidExit  0x001057b0       0xe8 G:/devkitPro/libctru/lib\libctru.a(hid.o)
                0x001057b0                hidExit
 .text.hidScanInput
                0x00105898      0x2a4 G:/devkitPro/libctru/lib\libctru.a(hid.o)
                0x00105898                hidScanInput
 .text.hidKeysDown
                0x00105b3c       0x10 G:/devkitPro/libctru/lib\libctru.a(hid.o)
                0x00105b3c                hidKeysDown
 .text.irrstInit
                0x00105b4c      0x160 G:/devkitPro/libctru/lib\libctru.a(irrst.o)
                0x00105b4c                irrstInit
 .text.irrstExit
                0x00105cac       0xcc G:/devkitPro/libctru/lib\libctru.a(irrst.o)
                0x00105cac                irrstExit
 .text.irrstScanInput
                0x00105d78       0xb4 G:/devkitPro/libctru/lib\libctru.a(irrst.o)
                0x00105d78                irrstScanInput
 .text.irrstKeysHeld
                0x00105e2c       0x24 G:/devkitPro/libctru/lib\libctru.a(irrst.o)
                0x00105e2c                irrstKeysHeld
 .text.srvPmGetSessionHandle
                0x00105e50        0xc G:/devkitPro/libctru/lib\libctru.a(srvpm.o)
                0x00105e50                srvPmGetSessionHandle
 .text.__libctru_init
                0x00105e5c       0x38 G:/devkitPro/libctru/lib\libctru.a(ctru_init.o)
                0x00105e5c                __libctru_init
 .text.__system_initArgv
                0x00105e94      0x170 G:/devkitPro/libctru/lib\libctru.a(initArgv.o)
                0x00105e94                __system_initArgv
 .text.__syscall_getreent
                0x00106004       0x30 G:/devkitPro/libctru/lib\libctru.a(syscalls.o)
                0x00106004                __syscall_getreent
 .text.__syscall_lock_acquire
                0x00106034        0x4 G:/devkitPro/libctru/lib\libctru.a(syscalls.o)
                0x00106034                __syscall_lock_acquire
 .text.__syscall_lock_release
                0x00106038        0x4 G:/devkitPro/libctru/lib\libctru.a(syscalls.o)
                0x00106038                __syscall_lock_release
 .text.__syscall_lock_acquire_recursive
                0x0010603c        0x4 G:/devkitPro/libctru/lib\libctru.a(syscalls.o)
                0x0010603c                __syscall_lock_acquire_recursive
 .text.__syscall_lock_release_recursive
                0x00106040        0x4 G:/devkitPro/libctru/lib\libctru.a(syscalls.o)
                0x00106040                __syscall_lock_release_recursive
 .text.__syscall_exit
                0x00106044        0x4 G:/devkitPro/libctru/lib\libctru.a(syscalls.o)
                0x00106044                __syscall_exit
 .text.initThreadVars
                0x00106048       0x50 G:/devkitPro/libctru/lib\libctru.a(syscalls.o)
                0x00106048                initThreadVars
 .text.__system_initSyscalls
                0x00106098       0x80 G:/devkitPro/libctru/lib\libctru.a(syscalls.o)
                0x00106098                __system_initSyscalls
 .text.svcControlMemory
                0x00106118       0x20 G:/devkitPro/libctru/lib\libctru.a(svc.o)
                0x00106118                svcControlMemory
 .text.svcQueryMemory
                0x00106138       0x30 G:/devkitPro/libctru/lib\libctru.a(svc.o)
                0x00106138                svcQueryMemory
 .text.svcExitProcess
                0x00106168        0x8 G:/devkitPro/libctru/lib\libctru.a(svc.o)
                0x00106168                svcExitProcess
 .text.svcCreateThread
                0x00106170       0x20 G:/devkitPro/libctru/lib\libctru.a(svc.o)
                0x00106170                svcCreateThread
 .text.svcExitThread
                0x00106190        0x8 G:/devkitPro/libctru/lib\libctru.a(svc.o)
                0x00106190                svcExitThread
 .text.svcSleepThread
                0x00106198        0x8 G:/devkitPro/libctru/lib\libctru.a(svc.o)
                0x00106198                svcSleepThread
 .text.svcReleaseMutex
                0x001061a0        0x8 G:/devkitPro/libctru/lib\libctru.a(svc.o)
                0x001061a0                svcReleaseMutex
 .text.svcCreateEvent
                0x001061a8       0x14 G:/devkitPro/libctru/lib\libctru.a(svc.o)
                0x001061a8                svcCreateEvent
 .text.svcSignalEvent
                0x001061bc        0x8 G:/devkitPro/libctru/lib\libctru.a(svc.o)
                0x001061bc                svcSignalEvent
 .text.svcClearEvent
                0x001061c4        0x8 G:/devkitPro/libctru/lib\libctru.a(svc.o)
                0x001061c4                svcClearEvent
 .text.svcMapMemoryBlock
                0x001061cc        0x8 G:/devkitPro/libctru/lib\libctru.a(svc.o)
                0x001061cc                svcMapMemoryBlock
 .text.svcUnmapMemoryBlock
                0x001061d4        0x8 G:/devkitPro/libctru/lib\libctru.a(svc.o)
                0x001061d4                svcUnmapMemoryBlock
 .text.svcCreateAddressArbiter
                0x001061dc       0x14 G:/devkitPro/libctru/lib\libctru.a(svc.o)
                0x001061dc                svcCreateAddressArbiter
 .text.svcArbitrateAddressNoTimeout
                0x001061f0        0x8 G:/devkitPro/libctru/lib\libctru.a(svc.o)
                0x001061f0                svcArbitrateAddressNoTimeout
 .text.svcCloseHandle
                0x001061f8        0x8 G:/devkitPro/libctru/lib\libctru.a(svc.o)
                0x001061f8                svcCloseHandle
 .text.svcWaitSynchronization
                0x00106200        0x8 G:/devkitPro/libctru/lib\libctru.a(svc.o)
                0x00106200                svcWaitSynchronization
 .text.svcWaitSynchronizationN
                0x00106208       0x28 G:/devkitPro/libctru/lib\libctru.a(svc.o)
                0x00106208                svcWaitSynchronizationN
 .text.svcDuplicateHandle
                0x00106230       0x14 G:/devkitPro/libctru/lib\libctru.a(svc.o)
                0x00106230                svcDuplicateHandle
 .text.svcConnectToPort
                0x00106244       0x14 G:/devkitPro/libctru/lib\libctru.a(svc.o)
                0x00106244                svcConnectToPort
 .text.svcSendSyncRequest
                0x00106258        0x8 G:/devkitPro/libctru/lib\libctru.a(svc.o)
                0x00106258                svcSendSyncRequest
 .text.svcGetResourceLimit
                0x00106260       0x14 G:/devkitPro/libctru/lib\libctru.a(svc.o)
                0x00106260                svcGetResourceLimit
 .text.svcGetResourceLimitLimitValues
                0x00106274        0x8 G:/devkitPro/libctru/lib\libctru.a(svc.o)
                0x00106274                svcGetResourceLimitLimitValues
 .text.svcGetResourceLimitCurrentValues
                0x0010627c        0x8 G:/devkitPro/libctru/lib\libctru.a(svc.o)
                0x0010627c                svcGetResourceLimitCurrentValues
 .text.svcBreak
                0x00106284        0x8 G:/devkitPro/libctru/lib\libctru.a(svc.o)
                0x00106284                svcBreak
 .text.initSystem
                0x0010628c       0x50 G:/devkitPro/libctru/lib\libctru.a(stack_adjust.o)
                0x0010628c                initSystem
 .text.__ctru_exit
                0x001062dc       0x14 G:/devkitPro/libctru/lib\libctru.a(stack_adjust.o)
                0x001062dc                __ctru_exit
 .text._ZL21addrMapNodeComparatorPK11rbtree_nodeS1_
                0x001062f0       0x24 G:/devkitPro/libctru/lib\libctru.a(linear.o)
 .text._ZL21addrMapNodeDestructorP11rbtree_node
                0x00106314        0x4 G:/devkitPro/libctru/lib\libctru.a(linear.o)
 .text.linearMemAlign
                0x00106318      0x120 G:/devkitPro/libctru/lib\libctru.a(linear.o)
                0x00106318                linearMemAlign
 .text.linearAlloc
                0x00106438        0x8 G:/devkitPro/libctru/lib\libctru.a(linear.o)
                0x00106438                linearAlloc
 .text.linearFree
                0x00106440       0x5c G:/devkitPro/libctru/lib\libctru.a(linear.o)
                0x00106440                linearFree
 .text._ZN7MemPool13CoalesceRightEP8MemBlock
                0x0010649c       0x80 G:/devkitPro/libctru/lib\libctru.a(mem_pool.o)
                0x0010649c                MemPool::CoalesceRight(MemBlock*)
 .text._ZN7MemPool8AllocateER8MemChunkmi
                0x0010651c      0x16c G:/devkitPro/libctru/lib\libctru.a(mem_pool.o)
                0x0010651c                MemPool::Allocate(MemChunk&, unsigned long, int)
 .text._ZN7MemPool10DeallocateERK8MemChunk
                0x00106688       0xfc G:/devkitPro/libctru/lib\libctru.a(mem_pool.o)
                0x00106688                MemPool::Deallocate(MemChunk const&)
 .text._ZN7MemPool12GetFreeSpaceEv
                0x00106784       0x30 G:/devkitPro/libctru/lib\libctru.a(mem_pool.o)
                0x00106784                MemPool::GetFreeSpace()
 .text._ZL21addrMapNodeComparatorPK11rbtree_nodeS1_
                0x001067b4       0x24 G:/devkitPro/libctru/lib\libctru.a(vram.o)
 .text._ZL21addrMapNodeDestructorP11rbtree_node
                0x001067d8        0x4 G:/devkitPro/libctru/lib\libctru.a(vram.o)
 .text.vramMemAlignAt
                0x001067dc      0x24c G:/devkitPro/libctru/lib\libctru.a(vram.o)
                0x001067dc                vramMemAlignAt
 .text.vramAlloc
                0x00106a28        0xc G:/devkitPro/libctru/lib\libctru.a(vram.o)
                0x00106a28                vramAlloc
 .text.vramFree
                0x00106a34       0x90 G:/devkitPro/libctru/lib\libctru.a(vram.o)
                0x00106a34                vramFree
 .text.envGetHandle
                0x00106ac4       0x84 G:/devkitPro/libctru/lib\libctru.a(env.o)
                0x00106ac4                envGetHandle
 .text.envDestroyHandles
                0x00106b48       0x50 G:/devkitPro/libctru/lib\libctru.a(env.o)
                0x00106b48                envDestroyHandles
 .text.__ctru_speedup_config
                0x00106b98       0x34 G:/devkitPro/libctru/lib\libctru.a(os.o)
                0x00106b98                __ctru_speedup_config
 .text.__sync_init
                0x00106bcc        0xc G:/devkitPro/libctru/lib\libctru.a(synchronization.o)
                0x00106bcc                __sync_init
 .text.__sync_fini
                0x00106bd8       0x18 G:/devkitPro/libctru/lib\libctru.a(synchronization.o)
                0x00106bd8                __sync_fini
 .text.syncArbitrateAddress
                0x00106bf0       0x2c G:/devkitPro/libctru/lib\libctru.a(synchronization.o)
                0x00106bf0                syncArbitrateAddress
 .text.LightLock_Lock
                0x00106c1c       0xac G:/devkitPro/libctru/lib\libctru.a(synchronization.o)
                0x00106c1c                LightLock_Lock
 .text.LightLock_Unlock
                0x00106cc8       0x40 G:/devkitPro/libctru/lib\libctru.a(synchronization.o)
                0x00106cc8                LightLock_Unlock
 .text.RecursiveLock_Lock
                0x00106d08       0x30 G:/devkitPro/libctru/lib\libctru.a(synchronization.o)
                0x00106d08                RecursiveLock_Lock
 .text.RecursiveLock_Unlock
                0x00106d38       0x54 G:/devkitPro/libctru/lib\libctru.a(synchronization.o)
                0x00106d38                RecursiveLock_Unlock
 .text.LightEvent_Init
                0x00106d8c       0x40 G:/devkitPro/libctru/lib\libctru.a(synchronization.o)
                0x00106d8c                LightEvent_Init
 .text.LightEvent_Clear
                0x00106dcc       0xa4 G:/devkitPro/libctru/lib\libctru.a(synchronization.o)
                0x00106dcc                LightEvent_Clear
 .text.LightEvent_Signal
                0x00106e70       0xc8 G:/devkitPro/libctru/lib\libctru.a(synchronization.o)
                0x00106e70                LightEvent_Signal
 .text.LightEvent_TryWait
                0x00106f38       0x50 G:/devkitPro/libctru/lib\libctru.a(synchronization.o)
                0x00106f38                LightEvent_TryWait
 .text.LightEvent_Wait
                0x00106f88       0xa0 G:/devkitPro/libctru/lib\libctru.a(synchronization.o)
                0x00106f88                LightEvent_Wait
 .text.threadCreate
                0x00107028      0x1d8 G:/devkitPro/libctru/lib\libctru.a(thread.o)
                0x00107028                threadCreate
 .text.threadFree
                0x00107200       0x2c G:/devkitPro/libctru/lib\libctru.a(thread.o)
                0x00107200                threadFree
 .text.threadJoin
                0x0010722c       0x24 G:/devkitPro/libctru/lib\libctru.a(thread.o)
                0x0010722c                threadJoin
 .text.threadGetCurrent
                0x00107250       0x30 G:/devkitPro/libctru/lib\libctru.a(thread.o)
                0x00107250                threadGetCurrent
 .text.threadExit
                0x00107280       0x40 G:/devkitPro/libctru/lib\libctru.a(thread.o)
                0x00107280                threadExit
 .text._thread_begin
                0x001072c0       0x20 G:/devkitPro/libctru/lib\libctru.a(thread.o)
 .text.mappableFindAddressWithin
                0x001072e0       0xb4 G:/devkitPro/libctru/lib\libctru.a(mappable.o)
 .text.mappableInit
                0x00107394       0x28 G:/devkitPro/libctru/lib\libctru.a(mappable.o)
                0x00107394                mappableInit
 .text.mappableAlloc
                0x001073bc       0x80 G:/devkitPro/libctru/lib\libctru.a(mappable.o)
                0x001073bc                mappableAlloc
 .text.mappableFree
                0x0010743c        0x4 G:/devkitPro/libctru/lib\libctru.a(mappable.o)
                0x0010743c                mappableFree
 .text.ptmSysmInit
                0x00107440       0x74 G:/devkitPro/libctru/lib\libctru.a(ptmsysm.o)
                0x00107440                ptmSysmInit
 .text.ptmSysmExit
                0x001074b4       0x3c G:/devkitPro/libctru/lib\libctru.a(ptmsysm.o)
                0x001074b4                ptmSysmExit
 .text.PTMSYSM_ConfigureNew3DSCPU
                0x001074f0       0x34 G:/devkitPro/libctru/lib\libctru.a(ptmsysm.o)
                0x001074f0                PTMSYSM_ConfigureNew3DSCPU
 .text.rbtree_find
                0x00107524       0x74 G:/devkitPro/libctru/lib\libctru.a(rbtree_find.o)
                0x00107524                rbtree_find
 .text.rbtree_init
                0x00107598       0x10 G:/devkitPro/libctru/lib\libctru.a(rbtree_init.o)
                0x00107598                rbtree_init
 .text.do_insert
                0x001075a8      0x1b0 G:/devkitPro/libctru/lib\libctru.a(rbtree_insert.o)
 .text.rbtree_insert
                0x00107758        0x8 G:/devkitPro/libctru/lib\libctru.a(rbtree_insert.o)
                0x00107758                rbtree_insert
 .text.rbtree_remove
                0x00107760      0x318 G:/devkitPro/libctru/lib\libctru.a(rbtree_remove.o)
                0x00107760                rbtree_remove
 .text.rbtree_rotate
                0x00107a78       0x90 G:/devkitPro/libctru/lib\libctru.a(rbtree_rotate.o)
                0x00107a78                rbtree_rotate
 .text.__system_allocateHeaps
                0x00107b08      0x1e0 G:/devkitPro/libctru/lib\libctru.a(allocateHeaps.o)
                0x00107b08                __system_allocateHeaps
 .text.__appExit
                0x00107ce8       0x30 G:/devkitPro/libctru/lib\libctru.a(appExit.o)
                0x00107ce8                __appExit
 .text.__appInit
                0x00107d18       0x30 G:/devkitPro/libctru/lib\libctru.a(appInit.o)
                0x00107d18                __appInit
 .text.__libctru_exit
                0x00107d48       0x90 G:/devkitPro/libctru/lib\libctru.a(ctru_exit.o)
                0x00107d48                __libctru_exit
 .text.archive_link
                0x00107dd8       0x14 G:/devkitPro/libctru/lib\libctru.a(archive_dev.o)
 .text.archive_dirreset
                0x00107dec       0x14 G:/devkitPro/libctru/lib\libctru.a(archive_dev.o)
 .text.archive_chmod
                0x00107e00       0x14 G:/devkitPro/libctru/lib\libctru.a(archive_dev.o)
 .text.error_cmp
                0x00107e14       0x24 G:/devkitPro/libctru/lib\libctru.a(archive_dev.o)
 .text.archive_translate_error
                0x00107e38       0x50 G:/devkitPro/libctru/lib\libctru.a(archive_dev.o)
 .text.archive_seek
                0x00107e88       0xc8 G:/devkitPro/libctru/lib\libctru.a(archive_dev.o)
 .text._archiveInit.part.0
                0x00107f50       0x7c G:/devkitPro/libctru/lib\libctru.a(archive_dev.o)
 .text.archiveFindDevice.part.0
                0x00107fcc       0xc4 G:/devkitPro/libctru/lib\libctru.a(archive_dev.o)
 .text.archive_utf16path
                0x00108090      0x280 G:/devkitPro/libctru/lib\libctru.a(archive_dev.o)
 .text._archiveUnmountDeviceStruct.part.0
                0x00108310       0x9c G:/devkitPro/libctru/lib\libctru.a(archive_dev.o)
 .text.archive_fchmod
                0x001083ac       0x14 G:/devkitPro/libctru/lib\libctru.a(archive_dev.o)
 .text.archive_statvfs
                0x001083c0       0x14 G:/devkitPro/libctru/lib\libctru.a(archive_dev.o)
 .text._archiveMountDevice
                0x001083d4      0x164 G:/devkitPro/libctru/lib\libctru.a(archive_dev.o)
 .text.archive_diropen
                0x00108538       0xe8 G:/devkitPro/libctru/lib\libctru.a(archive_dev.o)
 .text.archive_fstat
                0x00108620       0xa4 G:/devkitPro/libctru/lib\libctru.a(archive_dev.o)
 .text.archive_fsync
                0x001086c4       0x6c G:/devkitPro/libctru/lib\libctru.a(archive_dev.o)
 .text.archive_close
                0x00108730       0x6c G:/devkitPro/libctru/lib\libctru.a(archive_dev.o)
 .text.archive_dirclose
                0x0010879c       0x70 G:/devkitPro/libctru/lib\libctru.a(archive_dev.o)
 .text.sdmc_statvfs
                0x0010880c       0xe8 G:/devkitPro/libctru/lib\libctru.a(archive_dev.o)
 .text.archive_chdir
                0x001088f4       0xec G:/devkitPro/libctru/lib\libctru.a(archive_dev.o)
 .text.archive_ftruncate
                0x001089e0       0x7c G:/devkitPro/libctru/lib\libctru.a(archive_dev.o)
 .text.archive_read
                0x00108a5c       0xac G:/devkitPro/libctru/lib\libctru.a(archive_dev.o)
 .text.archive_unlink
                0x00108b08       0xa4 G:/devkitPro/libctru/lib\libctru.a(archive_dev.o)
 .text.archive_rmdir
                0x00108bac       0xbc G:/devkitPro/libctru/lib\libctru.a(archive_dev.o)
 .text.archive_mkdir
                0x00108c68       0xdc G:/devkitPro/libctru/lib\libctru.a(archive_dev.o)
 .text.archive_stat
                0x00108d44      0x194 G:/devkitPro/libctru/lib\libctru.a(archive_dev.o)
 .text.archive_dirnext
                0x00108ed8      0x160 G:/devkitPro/libctru/lib\libctru.a(archive_dev.o)
 .text.archive_write
                0x00109038      0x124 G:/devkitPro/libctru/lib\libctru.a(archive_dev.o)
 .text.archive_open
                0x0010915c      0x20c G:/devkitPro/libctru/lib\libctru.a(archive_dev.o)
 .text.archive_rename
                0x00109368      0x278 G:/devkitPro/libctru/lib\libctru.a(archive_dev.o)
 .text.archiveMountSdmc
                0x001095e0      0x19c G:/devkitPro/libctru/lib\libctru.a(archive_dev.o)
                0x001095e0                archiveMountSdmc
 .text.archiveUnmountAll
                0x0010977c       0x54 G:/devkitPro/libctru/lib\libctru.a(archive_dev.o)
                0x0010977c                archiveUnmountAll
 .text.fsInit   0x001097d0       0xcc G:/devkitPro/libctru/lib\libctru.a(fs.o)
                0x001097d0                fsInit
 .text.fsExit   0x0010989c       0x3c G:/devkitPro/libctru/lib\libctru.a(fs.o)
                0x0010989c                fsExit
 .text.fsExemptFromSession
                0x001098d8       0x60 G:/devkitPro/libctru/lib\libctru.a(fs.o)
                0x001098d8                fsExemptFromSession
 .text.fsUnexemptFromSession
                0x00109938       0x50 G:/devkitPro/libctru/lib\libctru.a(fs.o)
                0x00109938                fsUnexemptFromSession
 .text.FSUSER_OpenFile
                0x00109988       0xcc G:/devkitPro/libctru/lib\libctru.a(fs.o)
                0x00109988                FSUSER_OpenFile
 .text.FSUSER_DeleteFile
                0x00109a54       0xbc G:/devkitPro/libctru/lib\libctru.a(fs.o)
                0x00109a54                FSUSER_DeleteFile
 .text.FSUSER_RenameFile
                0x00109b10       0xf8 G:/devkitPro/libctru/lib\libctru.a(fs.o)
                0x00109b10                FSUSER_RenameFile
 .text.FSUSER_DeleteDirectory
                0x00109c08       0xbc G:/devkitPro/libctru/lib\libctru.a(fs.o)
                0x00109c08                FSUSER_DeleteDirectory
 .text.FSUSER_CreateFile
                0x00109cc4       0xd4 G:/devkitPro/libctru/lib\libctru.a(fs.o)
                0x00109cc4                FSUSER_CreateFile
 .text.FSUSER_CreateDirectory
                0x00109d98       0xc4 G:/devkitPro/libctru/lib\libctru.a(fs.o)
                0x00109d98                FSUSER_CreateDirectory
 .text.FSUSER_RenameDirectory
                0x00109e5c       0xf8 G:/devkitPro/libctru/lib\libctru.a(fs.o)
                0x00109e5c                FSUSER_RenameDirectory
 .text.FSUSER_OpenDirectory
                0x00109f54       0xb4 G:/devkitPro/libctru/lib\libctru.a(fs.o)
                0x00109f54                FSUSER_OpenDirectory
 .text.FSUSER_OpenArchive
                0x0010a008       0x94 G:/devkitPro/libctru/lib\libctru.a(fs.o)
                0x0010a008                FSUSER_OpenArchive
 .text.FSUSER_CloseArchive
                0x0010a09c       0x8c G:/devkitPro/libctru/lib\libctru.a(fs.o)
                0x0010a09c                FSUSER_CloseArchive
 .text.FSUSER_GetSdmcArchiveResource
                0x0010a128       0x74 G:/devkitPro/libctru/lib\libctru.a(fs.o)
                0x0010a128                FSUSER_GetSdmcArchiveResource
 .text.FSUSER_IsSdmcWritable
                0x0010a19c       0x64 G:/devkitPro/libctru/lib\libctru.a(fs.o)
                0x0010a19c                FSUSER_IsSdmcWritable
 .text.FSFILE_Read
                0x0010a200       0x58 G:/devkitPro/libctru/lib\libctru.a(fs.o)
                0x0010a200                FSFILE_Read
 .text.FSFILE_Write
                0x0010a258       0x60 G:/devkitPro/libctru/lib\libctru.a(fs.o)
                0x0010a258                FSFILE_Write
 .text.FSFILE_GetSize
                0x0010a2b8       0x38 G:/devkitPro/libctru/lib\libctru.a(fs.o)
                0x0010a2b8                FSFILE_GetSize
 .text.FSFILE_SetSize
                0x0010a2f0       0x28 G:/devkitPro/libctru/lib\libctru.a(fs.o)
                0x0010a2f0                FSFILE_SetSize
 .text.FSFILE_Close
                0x0010a318       0x3c G:/devkitPro/libctru/lib\libctru.a(fs.o)
                0x0010a318                FSFILE_Close
 .text.FSFILE_Flush
                0x0010a354       0x24 G:/devkitPro/libctru/lib\libctru.a(fs.o)
                0x0010a354                FSFILE_Flush
 .text.FSDIR_Read
                0x0010a378       0x50 G:/devkitPro/libctru/lib\libctru.a(fs.o)
                0x0010a378                FSDIR_Read
 .text.FSDIR_Close
                0x0010a3c8       0x3c G:/devkitPro/libctru/lib\libctru.a(fs.o)
                0x0010a3c8                FSDIR_Close
 .text.rbtree_node_next
                0x0010a404       0x5c G:/devkitPro/libctru/lib\libctru.a(rbtree_iterator.o)
                0x0010a404                rbtree_node_next
 .text.decode_utf8
                0x0010a460      0x13c G:/devkitPro/libctru/lib\libctru.a(decode_utf8.o)
                0x0010a460                decode_utf8
 .text.utf16_to_utf8
                0x0010a59c       0xe8 G:/devkitPro/libctru/lib\libctru.a(utf16_to_utf8.o)
                0x0010a59c                utf16_to_utf8
 .text.utf8_to_utf16
                0x0010a684       0xc0 G:/devkitPro/libctru/lib\libctru.a(utf8_to_utf16.o)
                0x0010a684                utf8_to_utf16
 .text.__aeabi_read_tp
                0x0010a744        0xc G:/devkitPro/libctru/lib\libctru.a(readtp.o)
                0x0010a744                __aeabi_read_tp
 .text.decode_utf16
                0x0010a750       0x64 G:/devkitPro/libctru/lib\libctru.a(decode_utf16.o)
                0x0010a750                decode_utf16
 .text.encode_utf16
                0x0010a7b4       0x54 G:/devkitPro/libctru/lib\libctru.a(encode_utf16.o)
                0x0010a7b4                encode_utf16
 .text.encode_utf8
                0x0010a808       0xe0 G:/devkitPro/libctru/lib\libctru.a(encode_utf8.o)
                0x0010a808                encode_utf8
 .text.__udivmoddi4
                0x0010a8e8      0x120 G:/devkitPro/devkitARM/bin/../lib/gcc/arm-none-eabi/13.2.0/armv6k/fpu\libgcc.a(_udivmoddi4.o)
                0x0010a8e8                __udivmoddi4
 .text._perror_r
                0x0010aa08      0x1e0 G:/devkitPro/devkitARM/bin/../lib/gcc/arm-none-eabi/13.2.0/../../../../arm-none-eabi/lib/armv6k/fpu\libg.a(libc_a-perror.o)
                0x0010aa08                _perror_r
 .text.perror   0x0010abe8       0x18 G:/devkitPro/devkitARM/bin/../lib/gcc/arm-none-eabi/13.2.0/../../../../arm-none-eabi/lib/armv6k/fpu\libg.a(libc_a-perror.o)
                0x0010abe8                perror
 .text.remove   0x0010ac00       0x58 G:/devkitPro/devkitARM/bin/../lib/gcc/arm-none-eabi/13.2.0/../../../../arm-none-eabi/lib/armv6k/fpu\libg.a(libc_a-remove.o)
                0x0010ac00                remove
 .text.printf   0x0010ac58       0x34 G:/devkitPro/devkitARM/bin/../lib/gcc/arm-none-eabi/13.2.0/../../../../arm-none-eabi/lib/armv6k/fpu\libg.a(libc_a-printf.o)
                0x0010ac58                printf
 .text.memalign
                0x0010ac8c       0x20 G:/devkitPro/devkitARM/bin/../lib/gcc/arm-none-eabi/13.2.0/../../../../arm-none-eabi/lib/armv6k/fpu\libg.a(libc_a-malign.o)
                0x0010ac8c                memalign
 .text.rename   0x0010acac       0x20 G:/devkitPro/devkitARM/bin/../lib/gcc/arm-none-eabi/13.2.0/../../../../arm-none-eabi/lib/armv6k/fpu\libg.a(libc_a-rename.o)
                0x0010acac                rename
 .text._memalign_r
                0x0010accc      0x14c G:/devkitPro/devkitARM/bin/../lib/gcc/arm-none-eabi/13.2.0/../../../../arm-none-eabi/lib/armv6k/fpu\libg.a(libc_a-malignr.o)
                0x0010accc                _memalign_r
 .text.putchar  0x0010ae18       0x1c G:/devkitPro/devkitARM/bin/../lib/gcc/arm-none-eabi/13.2.0/../../../../arm-none-eabi/lib/armv6k/fpu\libg.a(libc_a-putchar.o)
                0x0010ae18                putchar
 .text._puts_r  0x0010ae34       0xe0 G:/devkitPro/devkitARM/bin/../lib/gcc/arm-none-eabi/13.2.0/../../../../arm-none-eabi/lib/armv6k/fpu\libg.a(libc_a-puts.o)
                0x0010ae34                _puts_r
 .text.puts     0x0010af14       0x18 G:/devkitPro/devkitARM/bin/../lib/gcc/arm-none-eabi/13.2.0/../../../../arm-none-eabi/lib/armv6k/fpu\libg.a(libc_a-puts.o)
                0x0010af14                puts
 .text.bsearch  0x0010af2c       0x78 G:/devkitPro/devkitARM/bin/../lib/gcc/arm-none-eabi/13.2.0/../../../../arm-none-eabi/lib/armv6k/fpu\libg.a(libc_a-bsearch.o)
                0x0010af2c                bsearch
 .text.setvbuf  0x0010afa4      0x25c G:/devkitPro/devkitARM/bin/../lib/gcc/arm-none-eabi/13.2.0/../../../../arm-none-eabi/lib/armv6k/fpu\libg.a(libc_a-setvbuf.o)
                0x0010afa4                setvbuf
 .text.__call_exitprocs
                0x0010b200        0x4 G:/devkitPro/devkitARM/bin/../lib/gcc/arm-none-eabi/13.2.0/../../../../arm-none-eabi/lib/armv6k/fpu\libg.a(libc_a-exit.o)
                0x0010b200                __call_exitprocs
 .text.exit     0x0010b204       0x30 G:/devkitPro/devkitARM/bin/../lib/gcc/arm-none-eabi/13.2.0/../../../../arm-none-eabi/lib/armv6k/fpu\libg.a(libc_a-exit.o)
                0x0010b204                exit
 .text._malloc_trim_r
                0x0010b234       0xf8 G:/devkitPro/devkitARM/bin/../lib/gcc/arm-none-eabi/13.2.0/../../../../arm-none-eabi/lib/armv6k/fpu\libg.a(libc_a-freer.o)
                0x0010b234                _malloc_trim_r
 .text._free_r  0x0010b32c      0x2e8 G:/devkitPro/devkitARM/bin/../lib/gcc/arm-none-eabi/13.2.0/../../../../arm-none-eabi/lib/armv6k/fpu\libg.a(libc_a-freer.o)
                0x0010b32c                _free_r
 .text.malloc   0x0010b614       0x18 G:/devkitPro/devkitARM/bin/../lib/gcc/arm-none-eabi/13.2.0/../../../../arm-none-eabi/lib/armv6k/fpu\libg.a(libc_a-malloc.o)
                0x0010b614                malloc
 .text.free     0x0010b62c       0x18 G:/devkitPro/devkitARM/bin/../lib/gcc/arm-none-eabi/13.2.0/../../../../arm-none-eabi/lib/armv6k/fpu\libg.a(libc_a-malloc.o)
                0x0010b62c                free
 .text._malloc_r
                0x0010b644      0x79c G:/devkitPro/devkitARM/bin/../lib/gcc/arm-none-eabi/13.2.0/../../../../arm-none-eabi/lib/armv6k/fpu\libg.a(libc_a-mallocr.o)
                0x0010b644                _malloc_r
 .text.memset   0x0010bde0       0xf4 G:/devkitPro/devkitARM/bin/../lib/gcc/arm-none-eabi/13.2.0/../../../../arm-none-eabi/lib/armv6k/fpu\libg.a(libc_a-memset.o)
                0x0010bde0                memset
 .text.__malloc_lock
                0x0010bed4        0xc G:/devkitPro/devkitARM/bin/../lib/gcc/arm-none-eabi/13.2.0/../../../../arm-none-eabi/lib/armv6k/fpu\libg.a(libc_a-mlock.o)
                0x0010bed4                __malloc_lock
 .text.__malloc_unlock
                0x0010bee0        0xc G:/devkitPro/devkitARM/bin/../lib/gcc/arm-none-eabi/13.2.0/../../../../arm-none-eabi/lib/armv6k/fpu\libg.a(libc_a-mlock.o)
                0x0010bee0                __malloc_unlock
 .text.get_arg  0x0010beec      0x64c G:/devkitPro/devkitARM/bin/../lib/gcc/arm-none-eabi/13.2.0/../../../../arm-none-eabi/lib/armv6k/fpu\libg.a(libc_a-vfprintf.o)
 .text._vfprintf_r
                0x0010c538     0x3378 G:/devkitPro/devkitARM/bin/../lib/gcc/arm-none-eabi/13.2.0/../../../../arm-none-eabi/lib/armv6k/fpu\libg.a(libc_a-vfprintf.o)
                0x0010c538                _vfprintf_r
 .text.__sbprintf
                0x0010f8b0       0xb8 G:/devkitPro/devkitARM/bin/../lib/gcc/arm-none-eabi/13.2.0/../../../../arm-none-eabi/lib/armv6k/fpu\libg.a(libc_a-vfprintf.o)
 .text.strlen   0x0010f968       0x90 G:/devkitPro/devkitARM/bin/../lib/gcc/arm-none-eabi/13.2.0/../../../../arm-none-eabi/lib/armv6k/fpu\libg.a(libc_a-strlen.o)
                0x0010f968                strlen
 .text.__sflush_r
                0x0010f9f8      0x22c G:/devkitPro/devkitARM/bin/../lib/gcc/arm-none-eabi/13.2.0/../../../../arm-none-eabi/lib/armv6k/fpu\libg.a(libc_a-fflush.o)
                0x0010f9f8                __sflush_r
 .text._fflush_r
                0x0010fc24       0x94 G:/devkitPro/devkitARM/bin/../lib/gcc/arm-none-eabi/13.2.0/../../../../arm-none-eabi/lib/armv6k/fpu\libg.a(libc_a-fflush.o)
                0x0010fc24                _fflush_r
 .text.fflush   0x0010fcb8       0x3c G:/devkitPro/devkitARM/bin/../lib/gcc/arm-none-eabi/13.2.0/../../../../arm-none-eabi/lib/armv6k/fpu\libg.a(libc_a-fflush.o)
                0x0010fcb8                fflush
 .text.strncat  0x0010fcf4       0xe4 G:/devkitPro/devkitARM/bin/../lib/gcc/arm-none-eabi/13.2.0/../../../../arm-none-eabi/lib/armv6k/fpu\libg.a(libc_a-strncat.o)
                0x0010fcf4                strncat
 .text._strerror_r
                0x0010fdd8      0x63c G:/devkitPro/devkitARM/bin/../lib/gcc/arm-none-eabi/13.2.0/../../../../arm-none-eabi/lib/armv6k/fpu\libg.a(libc_a-strerror.o)
                0x0010fdd8                _strerror_r
 .text.__sfvwrite_r
                0x00110414      0x4b4 G:/devkitPro/devkitARM/bin/../lib/gcc/arm-none-eabi/13.2.0/../../../../arm-none-eabi/lib/armv6k/fpu\libg.a(libc_a-fvwrite.o)
                0x00110414                __sfvwrite_r
 .text.strncmp  0x001108c8       0xe4 G:/devkitPro/devkitARM/bin/../lib/gcc/arm-none-eabi/13.2.0/../../../../arm-none-eabi/lib/armv6k/fpu\libg.a(libc_a-strncmp.o)
                0x001108c8                strncmp
 .text._fwalk_sglue
                0x001109ac       0x70 G:/devkitPro/devkitARM/bin/../lib/gcc/arm-none-eabi/13.2.0/../../../../arm-none-eabi/lib/armv6k/fpu\libg.a(libc_a-fwalk.o)
                0x001109ac                _fwalk_sglue
 .text.fileno   0x00110a1c       0xb4 G:/devkitPro/devkitARM/bin/../lib/gcc/arm-none-eabi/13.2.0/../../../../arm-none-eabi/lib/armv6k/fpu\libg.a(libc_a-fileno.o)
                0x00110a1c                fileno
 .text._realloc_r
                0x00110ad0      0x4a0 G:/devkitPro/devkitARM/bin/../lib/gcc/arm-none-eabi/13.2.0/../../../../arm-none-eabi/lib/armv6k/fpu\libg.a(libc_a-reallocr.o)
                0x00110ad0                _realloc_r
 .text.strncpy  0x00110f70       0xc4 G:/devkitPro/devkitARM/bin/../lib/gcc/arm-none-eabi/13.2.0/../../../../arm-none-eabi/lib/armv6k/fpu\libg.a(libc_a-strncpy.o)
                0x00110f70                strncpy
 .text.stdio_exit_handler
                0x00111034       0x1c G:/devkitPro/devkitARM/bin/../lib/gcc/arm-none-eabi/13.2.0/../../../../arm-none-eabi/lib/armv6k/fpu\libg.a(libc_a-findfp.o)
 .text.cleanup_stdio
                0x00111050       0x5c G:/devkitPro/devkitARM/bin/../lib/gcc/arm-none-eabi/13.2.0/../../../../arm-none-eabi/lib/armv6k/fpu\libg.a(libc_a-findfp.o)
 .text.global_stdio_init.part.0
                0x001110ac      0x154 G:/devkitPro/devkitARM/bin/../lib/gcc/arm-none-eabi/13.2.0/../../../../arm-none-eabi/lib/armv6k/fpu\libg.a(libc_a-findfp.o)
 .text.__sinit  0x00111200       0x5c G:/devkitPro/devkitARM/bin/../lib/gcc/arm-none-eabi/13.2.0/../../../../arm-none-eabi/lib/armv6k/fpu\libg.a(libc_a-findfp.o)
                0x00111200                __sinit
 .text.__sfp_lock_acquire
                0x0011125c        0xc G:/devkitPro/devkitARM/bin/../lib/gcc/arm-none-eabi/13.2.0/../../../../arm-none-eabi/lib/armv6k/fpu\libg.a(libc_a-findfp.o)
                0x0011125c                __sfp_lock_acquire
 .text.__sfp_lock_release
                0x00111268        0xc G:/devkitPro/devkitARM/bin/../lib/gcc/arm-none-eabi/13.2.0/../../../../arm-none-eabi/lib/armv6k/fpu\libg.a(libc_a-findfp.o)
                0x00111268                __sfp_lock_release
 .text.strnlen  0x00111274       0x48 G:/devkitPro/devkitARM/bin/../lib/gcc/arm-none-eabi/13.2.0/../../../../arm-none-eabi/lib/armv6k/fpu\libg.a(libc_a-strnlen.o)
                0x00111274                strnlen
 .text._user_strerror
                0x001112bc        0x8 G:/devkitPro/devkitARM/bin/../lib/gcc/arm-none-eabi/13.2.0/../../../../arm-none-eabi/lib/armv6k/fpu\libg.a(libc_a-u_strerr.o)
                0x001112bc                _user_strerror
 .text._strtoul_l.isra.0
                0x001112c4      0x1d8 G:/devkitPro/devkitARM/bin/../lib/gcc/arm-none-eabi/13.2.0/../../../../arm-none-eabi/lib/armv6k/fpu\libg.a(libc_a-strtoul.o)
 .text.strtoul  0x0011149c       0x34 G:/devkitPro/devkitARM/bin/../lib/gcc/arm-none-eabi/13.2.0/../../../../arm-none-eabi/lib/armv6k/fpu\libg.a(libc_a-strtoul.o)
                0x0011149c                strtoul
 .text.__locale_mb_cur_max
                0x001114d0       0x24 G:/devkitPro/devkitARM/bin/../lib/gcc/arm-none-eabi/13.2.0/../../../../arm-none-eabi/lib/armv6k/fpu\libg.a(libc_a-locale.o)
                0x001114d0                __locale_mb_cur_max
 .text.critical_factorization
                0x001114f4      0x128 G:/devkitPro/devkitARM/bin/../lib/gcc/arm-none-eabi/13.2.0/../../../../arm-none-eabi/lib/armv6k/fpu\libg.a(libc_a-strstr.o)
 .text.two_way_long_needle
                0x0011161c      0x364 G:/devkitPro/devkitARM/bin/../lib/gcc/arm-none-eabi/13.2.0/../../../../arm-none-eabi/lib/armv6k/fpu\libg.a(libc_a-strstr.o)
 .text.strstr   0x00111980      0x248 G:/devkitPro/devkitARM/bin/../lib/gcc/arm-none-eabi/13.2.0/../../../../arm-none-eabi/lib/armv6k/fpu\libg.a(libc_a-strstr.o)
                0x00111980                strstr
 .text._localeconv_r
                0x00111bc8       0x24 G:/devkitPro/devkitARM/bin/../lib/gcc/arm-none-eabi/13.2.0/../../../../arm-none-eabi/lib/armv6k/fpu\libg.a(libc_a-localeconv.o)
                0x00111bc8                _localeconv_r
 .text.memchr   0x00111bec       0xe0 G:/devkitPro/devkitARM/bin/../lib/gcc/arm-none-eabi/13.2.0/../../../../arm-none-eabi/lib/armv6k/fpu\libg.a(libc_a-memchr-stub.o)
                0x00111bec                memchr
 .text.__utf8_wctomb
                0x00111ccc       0xf0 G:/devkitPro/devkitARM/bin/../lib/gcc/arm-none-eabi/13.2.0/../../../../arm-none-eabi/lib/armv6k/fpu\libg.a(libc_a-wctomb_r.o)
                0x00111ccc                __utf8_wctomb
 .text.memcpy   0x00111dbc      0x11c G:/devkitPro/devkitARM/bin/../lib/gcc/arm-none-eabi/13.2.0/../../../../arm-none-eabi/lib/armv6k/fpu\libg.a(libc_a-memcpy-stub.o)
                0x00111dbc                memcpy
 .text.stpcpy   0x00111ed8       0x70 G:/devkitPro/devkitARM/bin/../lib/gcc/arm-none-eabi/13.2.0/../../../../arm-none-eabi/lib/armv6k/fpu\libg.a(libc_a-stpcpy.o)
                0x00111ed8                stpcpy
 .text.__libc_init_array
                0x00111f48       0x84 G:/devkitPro/devkitARM/bin/../lib/gcc/arm-none-eabi/13.2.0/../../../../arm-none-eabi/lib/armv6k/fpu\libg.a(libc_a-init.o)
                0x00111f48                __libc_init_array
 .text.__libc_fini_array
                0x00111fcc       0x3c G:/devkitPro/devkitARM/bin/../lib/gcc/arm-none-eabi/13.2.0/../../../../arm-none-eabi/lib/armv6k/fpu\libg.a(libc_a-fini.o)
                0x00111fcc                __libc_fini_array
 .text.__errno  0x00112008        0xc G:/devkitPro/devkitARM/bin/../lib/gcc/arm-none-eabi/13.2.0/../../../../arm-none-eabi/lib/armv6k/fpu\libg.a(libc_a-errno.o)
                0x00112008                __errno
 .text.stat     0x00112014       0x20 G:/devkitPro/devkitARM/bin/../lib/gcc/arm-none-eabi/13.2.0/../../../../arm-none-eabi/lib/armv6k/fpu\libg.a(libc_a-sysstat.o)
                0x00112014                stat
 *fill*         0x00112034        0x4 
 .text.frexp    0x00112038       0x88 G:/devkitPro/devkitARM/bin/../lib/gcc/arm-none-eabi/13.2.0/../../../../arm-none-eabi/lib/armv6k/fpu\libg.a(libm_a-s_frexp.o)
                0x00112038                frexp
 .text.__smakebuf_r
                0x001120c0      0x12c G:/devkitPro/devkitARM/bin/../lib/gcc/arm-none-eabi/13.2.0/../../../../arm-none-eabi/lib/armv6k/fpu\libg.a(libc_a-makebuf.o)
                0x001120c0                __smakebuf_r
 .text.__swhatbuf_r
                0x001121ec       0x8c G:/devkitPro/devkitARM/bin/../lib/gcc/arm-none-eabi/13.2.0/../../../../arm-none-eabi/lib/armv6k/fpu\libg.a(libc_a-makebuf.o)
                0x001121ec                __swhatbuf_r
 .text._wcrtomb_r
                0x00112278       0xa0 G:/devkitPro/devkitARM/bin/../lib/gcc/arm-none-eabi/13.2.0/../../../../arm-none-eabi/lib/armv6k/fpu\libg.a(libc_a-wcrtomb.o)
                0x00112278                _wcrtomb_r
 .text._wcsrtombs_r
                0x00112318       0x28 G:/devkitPro/devkitARM/bin/../lib/gcc/arm-none-eabi/13.2.0/../../../../arm-none-eabi/lib/armv6k/fpu\libg.a(libc_a-wcsrtombs.o)
                0x00112318                _wcsrtombs_r
 .text._putc_r  0x00112340       0xdc G:/devkitPro/devkitARM/bin/../lib/gcc/arm-none-eabi/13.2.0/../../../../arm-none-eabi/lib/armv6k/fpu\libg.a(libc_a-putc.o)
                0x00112340                _putc_r
 .text.__sread  0x0011241c       0x44 G:/devkitPro/devkitARM/bin/../lib/gcc/arm-none-eabi/13.2.0/../../../../arm-none-eabi/lib/armv6k/fpu\libg.a(libc_a-stdio.o)
                0x0011241c                __sread
 .text.__swrite
                0x00112460       0x68 G:/devkitPro/devkitARM/bin/../lib/gcc/arm-none-eabi/13.2.0/../../../../arm-none-eabi/lib/armv6k/fpu\libg.a(libc_a-stdio.o)
                0x00112460                __swrite
 .text.__sseek  0x001124c8       0x44 G:/devkitPro/devkitARM/bin/../lib/gcc/arm-none-eabi/13.2.0/../../../../arm-none-eabi/lib/armv6k/fpu\libg.a(libc_a-stdio.o)
                0x001124c8                __sseek
 .text.__sclose
                0x0011250c        0x8 G:/devkitPro/devkitARM/bin/../lib/gcc/arm-none-eabi/13.2.0/../../../../arm-none-eabi/lib/armv6k/fpu\libg.a(libc_a-stdio.o)
                0x0011250c                __sclose
 .text.get_arg  0x00112514      0x64c G:/devkitPro/devkitARM/bin/../lib/gcc/arm-none-eabi/13.2.0/../../../../arm-none-eabi/lib/armv6k/fpu\libg.a(libc_a-vfiprintf.o)
 .text.__sprint_r
                0x00112b60       0x30 G:/devkitPro/devkitARM/bin/../lib/gcc/arm-none-eabi/13.2.0/../../../../arm-none-eabi/lib/armv6k/fpu\libg.a(libc_a-vfiprintf.o)
                0x00112b60                __sprint_r
 .text._vfiprintf_r
                0x00112b90     0x2304 G:/devkitPro/devkitARM/bin/../lib/gcc/arm-none-eabi/13.2.0/../../../../arm-none-eabi/lib/armv6k/fpu\libg.a(libc_a-vfiprintf.o)
                0x00112b90                _vfiprintf_r
 .text.__sbprintf
                0x00114e94       0xb8 G:/devkitPro/devkitARM/bin/../lib/gcc/arm-none-eabi/13.2.0/../../../../arm-none-eabi/lib/armv6k/fpu\libg.a(libc_a-vfiprintf.o)
 .text.__swbuf_r
                0x00114f4c      0x108 G:/devkitPro/devkitARM/bin/../lib/gcc/arm-none-eabi/13.2.0/../../../../arm-none-eabi/lib/armv6k/fpu\libg.a(libc_a-wbuf.o)
                0x00114f4c                __swbuf_r
 .text.__swsetup_r
                0x00115054      0x138 G:/devkitPro/devkitARM/bin/../lib/gcc/arm-none-eabi/13.2.0/../../../../arm-none-eabi/lib/armv6k/fpu\libg.a(libc_a-wsetup.o)
                0x00115054                __swsetup_r
 .text.quorem   0x0011518c      0x1b4 G:/devkitPro/devkitARM/bin/../lib/gcc/arm-none-eabi/13.2.0/../../../../arm-none-eabi/lib/armv6k/fpu\libg.a(libc_a-dtoa.o)
 .text._dtoa_r  0x00115340     0x1218 G:/devkitPro/devkitARM/bin/../lib/gcc/arm-none-eabi/13.2.0/../../../../arm-none-eabi/lib/armv6k/fpu\libg.a(libc_a-dtoa.o)
                0x00115340                _dtoa_r
 .text.strchr   0x00116558      0x130 G:/devkitPro/devkitARM/bin/../lib/gcc/arm-none-eabi/13.2.0/../../../../arm-none-eabi/lib/armv6k/fpu\libg.a(libc_a-strchr.o)
                0x00116558                strchr
 .text.memcmp   0x00116688       0xd8 G:/devkitPro/devkitARM/bin/../lib/gcc/arm-none-eabi/13.2.0/../../../../arm-none-eabi/lib/armv6k/fpu\libg.a(libc_a-memcmp.o)
                0x00116688                memcmp
 .text._fclose_r
                0x00116760      0x148 G:/devkitPro/devkitARM/bin/../lib/gcc/arm-none-eabi/13.2.0/../../../../arm-none-eabi/lib/armv6k/fpu\libg.a(libc_a-fclose.o)
                0x00116760                _fclose_r
 .text.memmove  0x001168a8      0x150 G:/devkitPro/devkitARM/bin/../lib/gcc/arm-none-eabi/13.2.0/../../../../arm-none-eabi/lib/armv6k/fpu\libg.a(libc_a-memmove.o)
                0x001168a8                memmove
 .text._Balloc  0x001169f8       0x88 G:/devkitPro/devkitARM/bin/../lib/gcc/arm-none-eabi/13.2.0/../../../../arm-none-eabi/lib/armv6k/fpu\libg.a(libc_a-mprec.o)
                0x001169f8                _Balloc
 .text._Bfree   0x00116a80       0x1c G:/devkitPro/devkitARM/bin/../lib/gcc/arm-none-eabi/13.2.0/../../../../arm-none-eabi/lib/armv6k/fpu\libg.a(libc_a-mprec.o)
                0x00116a80                _Bfree
 .text.__multadd
                0x00116a9c       0xf4 G:/devkitPro/devkitARM/bin/../lib/gcc/arm-none-eabi/13.2.0/../../../../arm-none-eabi/lib/armv6k/fpu\libg.a(libc_a-mprec.o)
                0x00116a9c                __multadd
 .text.__hi0bits
                0x00116b90       0x60 G:/devkitPro/devkitARM/bin/../lib/gcc/arm-none-eabi/13.2.0/../../../../arm-none-eabi/lib/armv6k/fpu\libg.a(libc_a-mprec.o)
                0x00116b90                __hi0bits
 .text.__lo0bits
                0x00116bf0       0x9c G:/devkitPro/devkitARM/bin/../lib/gcc/arm-none-eabi/13.2.0/../../../../arm-none-eabi/lib/armv6k/fpu\libg.a(libc_a-mprec.o)
                0x00116bf0                __lo0bits
 .text.__i2b    0x00116c8c       0xa4 G:/devkitPro/devkitARM/bin/../lib/gcc/arm-none-eabi/13.2.0/../../../../arm-none-eabi/lib/armv6k/fpu\libg.a(libc_a-mprec.o)
                0x00116c8c                __i2b
 .text.__multiply
                0x00116d30      0x204 G:/devkitPro/devkitARM/bin/../lib/gcc/arm-none-eabi/13.2.0/../../../../arm-none-eabi/lib/armv6k/fpu\libg.a(libc_a-mprec.o)
                0x00116d30                __multiply
 .text.__pow5mult
                0x00116f34      0x128 G:/devkitPro/devkitARM/bin/../lib/gcc/arm-none-eabi/13.2.0/../../../../arm-none-eabi/lib/armv6k/fpu\libg.a(libc_a-mprec.o)
                0x00116f34                __pow5mult
 .text.__lshift
                0x0011705c      0x140 G:/devkitPro/devkitARM/bin/../lib/gcc/arm-none-eabi/13.2.0/../../../../arm-none-eabi/lib/armv6k/fpu\libg.a(libc_a-mprec.o)
                0x0011705c                __lshift
 .text.__mcmp   0x0011719c       0x58 G:/devkitPro/devkitARM/bin/../lib/gcc/arm-none-eabi/13.2.0/../../../../arm-none-eabi/lib/armv6k/fpu\libg.a(libc_a-mprec.o)
                0x0011719c                __mcmp
 .text.__mdiff  0x001171f4      0x1fc G:/devkitPro/devkitARM/bin/../lib/gcc/arm-none-eabi/13.2.0/../../../../arm-none-eabi/lib/armv6k/fpu\libg.a(libc_a-mprec.o)
                0x001171f4                __mdiff
 .text.__d2b    0x001173f0      0x124 G:/devkitPro/devkitARM/bin/../lib/gcc/arm-none-eabi/13.2.0/../../../../arm-none-eabi/lib/armv6k/fpu\libg.a(libc_a-mprec.o)
                0x001173f0                __d2b
 .text.__utf8_mbtowc
                0x00117514      0x2f8 G:/devkitPro/devkitARM/bin/../lib/gcc/arm-none-eabi/13.2.0/../../../../arm-none-eabi/lib/armv6k/fpu\libg.a(libc_a-mbtowc_r.o)
                0x00117514                __utf8_mbtowc
 .text._wcsnrtombs_l
                0x0011780c      0x188 G:/devkitPro/devkitARM/bin/../lib/gcc/arm-none-eabi/13.2.0/../../../../arm-none-eabi/lib/armv6k/fpu\libg.a(libc_a-wcsnrtombs.o)
                0x0011780c                _wcsnrtombs_l
 .text._wcsnrtombs_r
                0x00117994       0x64 G:/devkitPro/devkitARM/bin/../lib/gcc/arm-none-eabi/13.2.0/../../../../arm-none-eabi/lib/armv6k/fpu\libg.a(libc_a-wcsnrtombs.o)
                0x00117994                _wcsnrtombs_r
 .text._calloc_r
                0x001179f8       0xc0 G:/devkitPro/devkitARM/bin/../lib/gcc/arm-none-eabi/13.2.0/../../../../arm-none-eabi/lib/armv6k/fpu\libg.a(libc_a-callocr.o)
                0x001179f8                _calloc_r
 .text.__assert_func
                0x00117ab8       0x5c G:/devkitPro/devkitARM/bin/../lib/gcc/arm-none-eabi/13.2.0/../../../../arm-none-eabi/lib/armv6k/fpu\libg.a(libc_a-assert.o)
                0x00117ab8                __assert_func
 .text.fiprintf
                0x00117b14       0x3c G:/devkitPro/devkitARM/bin/../lib/gcc/arm-none-eabi/13.2.0/../../../../arm-none-eabi/lib/armv6k/fpu\libg.a(libc_a-fiprintf.o)
                0x00117b14                fiprintf
 .text.abort    0x00117b50       0x14 G:/devkitPro/devkitARM/bin/../lib/gcc/arm-none-eabi/13.2.0/../../../../arm-none-eabi/lib/armv6k/fpu\libg.a(libc_a-abort.o)
                0x00117b50                abort
 .text._raise_r
                0x00117b64       0x90 G:/devkitPro/devkitARM/bin/../lib/gcc/arm-none-eabi/13.2.0/../../../../arm-none-eabi/lib/armv6k/fpu\libg.a(libc_a-signal.o)
                0x00117b64                _raise_r
 .text.raise    0x00117bf4       0x18 G:/devkitPro/devkitARM/bin/../lib/gcc/arm-none-eabi/13.2.0/../../../../arm-none-eabi/lib/armv6k/fpu\libg.a(libc_a-signal.o)
                0x00117bf4                raise
 .text._exit    0x00117c0c       0x20 G:/devkitPro/devkitARM/bin/../lib/gcc/arm-none-eabi/13.2.0/../../../../arm-none-eabi/lib/armv6k/fpu\libsysbase.a(libsysbase_libsysbase_a-_exit.o)
                0x00117c0c                _exit
 .text.chdir    0x00117c2c      0x13c G:/devkitPro/devkitARM/bin/../lib/gcc/arm-none-eabi/13.2.0/../../../../arm-none-eabi/lib/armv6k/fpu\libsysbase.a(libsysbase_libsysbase_a-chdir.o)
                0x00117c2c                chdir
 .text._concatenate_path
                0x00117d68      0x1cc G:/devkitPro/devkitARM/bin/../lib/gcc/arm-none-eabi/13.2.0/../../../../arm-none-eabi/lib/armv6k/fpu\libsysbase.a(libsysbase_libsysbase_a-concatenate.o)
                0x00117d68                _concatenate_path
 .text.__dirnext
                0x00117f34       0x68 G:/devkitPro/devkitARM/bin/../lib/gcc/arm-none-eabi/13.2.0/../../../../arm-none-eabi/lib/armv6k/fpu\libsysbase.a(libsysbase_libsysbase_a-dirent.o)
 .text.opendir  0x00117f9c       0xf4 G:/devkitPro/devkitARM/bin/../lib/gcc/arm-none-eabi/13.2.0/../../../../arm-none-eabi/lib/armv6k/fpu\libsysbase.a(libsysbase_libsysbase_a-dirent.o)
                0x00117f9c                opendir
 .text.closedir
                0x00118090       0x90 G:/devkitPro/devkitARM/bin/../lib/gcc/arm-none-eabi/13.2.0/../../../../arm-none-eabi/lib/armv6k/fpu\libsysbase.a(libsysbase_libsysbase_a-dirent.o)
                0x00118090                closedir
 .text.readdir  0x00118120       0xc4 G:/devkitPro/devkitARM/bin/../lib/gcc/arm-none-eabi/13.2.0/../../../../arm-none-eabi/lib/armv6k/fpu\libsysbase.a(libsysbase_libsysbase_a-dirent.o)
                0x00118120                readdir
 .text._fstat_r
                0x001181e4       0x78 G:/devkitPro/devkitARM/bin/../lib/gcc/arm-none-eabi/13.2.0/../../../../arm-none-eabi/lib/armv6k/fpu\libsysbase.a(libsysbase_libsysbase_a-fstat.o)
                0x001181e4                _fstat_r
 .text._getpid_r
                0x0011825c       0x14 G:/devkitPro/devkitARM/bin/../lib/gcc/arm-none-eabi/13.2.0/../../../../arm-none-eabi/lib/armv6k/fpu\libsysbase.a(libsysbase_libsysbase_a-getpid.o)
                0x0011825c                _getpid_r
 .text.__getreent
                0x00118270       0x2c G:/devkitPro/devkitARM/bin/../lib/gcc/arm-none-eabi/13.2.0/../../../../arm-none-eabi/lib/armv6k/fpu\libsysbase.a(libsysbase_libsysbase_a-getreent.o)
                0x00118270                __getreent
 .text.__get_handle
                0x0011829c       0x3c G:/devkitPro/devkitARM/bin/../lib/gcc/arm-none-eabi/13.2.0/../../../../arm-none-eabi/lib/armv6k/fpu\libsysbase.a(libsysbase_libsysbase_a-handle_manager.o)
                0x0011829c                __get_handle
 .text._close_r
                0x001182d8       0xf4 G:/devkitPro/devkitARM/bin/../lib/gcc/arm-none-eabi/13.2.0/../../../../arm-none-eabi/lib/armv6k/fpu\libsysbase.a(libsysbase_libsysbase_a-handle_manager.o)
                0x001182d8                _close_r
 .text.null_write
                0x001183cc        0x8 G:/devkitPro/devkitARM/bin/../lib/gcc/arm-none-eabi/13.2.0/../../../../arm-none-eabi/lib/armv6k/fpu\libsysbase.a(libsysbase_libsysbase_a-iosupport.o)
 .text.setDefaultDevice
                0x001183d4       0x18 G:/devkitPro/devkitARM/bin/../lib/gcc/arm-none-eabi/13.2.0/../../../../arm-none-eabi/lib/armv6k/fpu\libsysbase.a(libsysbase_libsysbase_a-iosupport.o)
                0x001183d4                setDefaultDevice
 .text.FindDevice
                0x001183ec       0xc8 G:/devkitPro/devkitARM/bin/../lib/gcc/arm-none-eabi/13.2.0/../../../../arm-none-eabi/lib/armv6k/fpu\libsysbase.a(libsysbase_libsysbase_a-iosupport.o)
                0x001183ec                FindDevice
 .text.RemoveDevice
                0x001184b4       0x28 G:/devkitPro/devkitARM/bin/../lib/gcc/arm-none-eabi/13.2.0/../../../../arm-none-eabi/lib/armv6k/fpu\libsysbase.a(libsysbase_libsysbase_a-iosupport.o)
                0x001184b4                RemoveDevice
 .text.AddDevice
                0x001184dc       0x9c G:/devkitPro/devkitARM/bin/../lib/gcc/arm-none-eabi/13.2.0/../../../../arm-none-eabi/lib/armv6k/fpu\libsysbase.a(libsysbase_libsysbase_a-iosupport.o)
                0x001184dc                AddDevice
 .text.GetDeviceOpTab
                0x00118578       0x20 G:/devkitPro/devkitARM/bin/../lib/gcc/arm-none-eabi/13.2.0/../../../../arm-none-eabi/lib/armv6k/fpu\libsysbase.a(libsysbase_libsysbase_a-iosupport.o)
                0x00118578                GetDeviceOpTab
 .text._isatty_r
                0x00118598        0x8 G:/devkitPro/devkitARM/bin/../lib/gcc/arm-none-eabi/13.2.0/../../../../arm-none-eabi/lib/armv6k/fpu\libsysbase.a(libsysbase_libsysbase_a-isatty.o)
                0x00118598                _isatty_r
 .text._kill_r  0x001185a0       0x14 G:/devkitPro/devkitARM/bin/../lib/gcc/arm-none-eabi/13.2.0/../../../../arm-none-eabi/lib/armv6k/fpu\libsysbase.a(libsysbase_libsysbase_a-kill.o)
                0x001185a0                _kill_r
 .text._lseek_r
                0x001185b4       0x84 G:/devkitPro/devkitARM/bin/../lib/gcc/arm-none-eabi/13.2.0/../../../../arm-none-eabi/lib/armv6k/fpu\libsysbase.a(libsysbase_libsysbase_a-lseek.o)
                0x001185b4                _lseek_r
 .text.mkdir    0x00118638       0x60 G:/devkitPro/devkitARM/bin/../lib/gcc/arm-none-eabi/13.2.0/../../../../arm-none-eabi/lib/armv6k/fpu\libsysbase.a(libsysbase_libsysbase_a-mkdir.o)
                0x00118638                mkdir
 .text._read_r  0x00118698       0x80 G:/devkitPro/devkitARM/bin/../lib/gcc/arm-none-eabi/13.2.0/../../../../arm-none-eabi/lib/armv6k/fpu\libsysbase.a(libsysbase_libsysbase_a-read.o)
                0x00118698                _read_r
 .text._rename_r
                0x00118718       0x80 G:/devkitPro/devkitARM/bin/../lib/gcc/arm-none-eabi/13.2.0/../../../../arm-none-eabi/lib/armv6k/fpu\libsysbase.a(libsysbase_libsysbase_a-rename.o)
                0x00118718                _rename_r
 .text._rmdir_r
                0x00118798       0x68 G:/devkitPro/devkitARM/bin/../lib/gcc/arm-none-eabi/13.2.0/../../../../arm-none-eabi/lib/armv6k/fpu\libsysbase.a(libsysbase_libsysbase_a-rmdir.o)
                0x00118798                _rmdir_r
 .text._sbrk_r  0x00118800       0x78 G:/devkitPro/devkitARM/bin/../lib/gcc/arm-none-eabi/13.2.0/../../../../arm-none-eabi/lib/armv6k/fpu\libsysbase.a(libsysbase_libsysbase_a-sbrk.o)
                0x00118800                _sbrk_r
 .text._stat_r  0x00118878       0x70 G:/devkitPro/devkitARM/bin/../lib/gcc/arm-none-eabi/13.2.0/../../../../arm-none-eabi/lib/armv6k/fpu\libsysbase.a(libsysbase_libsysbase_a-stat.o)
                0x00118878                _stat_r
 .text.__libc_lock_acquire
                0x001188e8       0x1c G:/devkitPro/devkitARM/bin/../lib/gcc/arm-none-eabi/13.2.0/../../../../arm-none-eabi/lib/armv6k/fpu\libsysbase.a(libsysbase_libsysbase_a-syscall_support.o)
                0x001188e8                __libc_lock_acquire
 .text.__libc_lock_release
                0x00118904       0x1c G:/devkitPro/devkitARM/bin/../lib/gcc/arm-none-eabi/13.2.0/../../../../arm-none-eabi/lib/armv6k/fpu\libsysbase.a(libsysbase_libsysbase_a-syscall_support.o)
                0x00118904                __libc_lock_release
 .text.__libc_lock_acquire_recursive
                0x00118920       0x1c G:/devkitPro/devkitARM/bin/../lib/gcc/arm-none-eabi/13.2.0/../../../../arm-none-eabi/lib/armv6k/fpu\libsysbase.a(libsysbase_libsysbase_a-syscall_support.o)
                0x00118920                __libc_lock_acquire_recursive
 .text.__libc_lock_release_recursive
                0x0011893c       0x1c G:/devkitPro/devkitARM/bin/../lib/gcc/arm-none-eabi/13.2.0/../../../../arm-none-eabi/lib/armv6k/fpu\libsysbase.a(libsysbase_libsysbase_a-syscall_support.o)
                0x0011893c                __libc_lock_release_recursive
 .text._unlink_r
                0x00118958       0x64 G:/devkitPro/devkitARM/bin/../lib/gcc/arm-none-eabi/13.2.0/../../../../arm-none-eabi/lib/armv6k/fpu\libsysbase.a(libsysbase_libsysbase_a-unlink.o)
                0x00118958                _unlink_r
 .text._write_r
                0x001189bc       0x80 G:/devkitPro/devkitARM/bin/../lib/gcc/arm-none-eabi/13.2.0/../../../../arm-none-eabi/lib/armv6k/fpu\libsysbase.a(libsysbase_libsysbase_a-write.o)
                0x001189bc                _write_r
 .text.strrchr  0x00118a3c       0x48 G:/devkitPro/devkitARM/bin/../lib/gcc/arm-none-eabi/13.2.0/../../../../arm-none-eabi/lib/armv6k/fpu\libg.a(libc_a-strrchr.o)
                0x00118a3c                strrchr
 *(.glue_7)
 .glue_7        0x00118a84        0x0 linker stubs
 *(.glue_7t)
 .glue_7t       0x00118a84        0x0 linker stubs
 *(.stub)
 *(.gnu.warning)
 *(.gnu.linkonce.t*)
                0x00118a84                        . = ALIGN (0x4)
 *(.fini)
 .fini          0x00118a84        0xc G:/devkitPro/devkitARM/bin/../lib/gcc/arm-none-eabi/13.2.0/armv6k/fpu/crti.o
                0x00118a84                _fini
 .fini          0x00118a90        0xc G:/devkitPro/devkitARM/bin/../lib/gcc/arm-none-eabi/13.2.0/armv6k/fpu/crtn.o
                0x00118a9c                        . = ALIGN (0x4)

.vfp11_veneer   0x00118a9c        0x0
 .vfp11_veneer  0x00118a9c        0x0 linker stubs

.v4_bx          0x00118a9c        0x0
 .v4_bx         0x00118a9c        0x0 linker stubs

.iplt           0x00118a9c        0x0
 .iplt          0x00118a9c        0x0 G:/devkitPro/devkitARM/bin/../lib/gcc/arm-none-eabi/13.2.0/../../../../arm-none-eabi/lib/armv6k/fpu/3dsx_crt0.o
                0x00119000                        . = ALIGN (0x1000)

.rodata         0x00119000     0x18e4
 *(.rodata)
 .rodata        0x00119000       0x18 main.o
 .rodata        0x00119018        0xc G:/devkitPro/libctru/lib\libctru.a(archive_dev.o)
 *(.roda)
 *(.rodata.*)
 .rodata.str1.4
                0x00119024      0xa4f main.o
                                0x179 (size before relaxing)
 .rodata.str1.4
                0x00119a73       0x10 G:/devkitPro/libctru/lib\libctru.a(console.o)
 *fill*         0x00119a73        0x1 
 .rodata.dotab_stdout
                0x00119a74       0x80 G:/devkitPro/libctru/lib\libctru.a(console.o)
 .rodata.grayScale
                0x00119af4       0x18 G:/devkitPro/libctru/lib\libctru.a(console.o)
 .rodata.colorCube
                0x00119b0c        0x6 G:/devkitPro/libctru/lib\libctru.a(console.o)
 *fill*         0x00119b12        0x2 
 .rodata.colorTable
                0x00119b14       0x30 G:/devkitPro/libctru/lib\libctru.a(console.o)
 .rodata.srvInit.str1.4
                0x00119b44        0x5 G:/devkitPro/libctru/lib\libctru.a(srv.o)
 .rodata.aptSendCommand.str1.4
                0x00119b44       0x16 G:/devkitPro/libctru/lib\libctru.a(apt.o)
 .rodata.morton_y.2
                0x00119b44        0x8 G:/devkitPro/libctru/lib\libctru.a(apt.o)
 .rodata.morton_x.3
                0x00119b4c        0x8 G:/devkitPro/libctru/lib\libctru.a(apt.o)
 .rodata.s_sleepWakeEvents.4
                0x00119b54        0x8 G:/devkitPro/libctru/lib\libctru.a(apt.o)
 .rodata.gspInit.str1.4
                0x00119b5c        0x9 G:/devkitPro/libctru/lib\libctru.a(gspgpu.o)
 .rodata.hidInit.str1.4
                0x00119b5c       0x15 G:/devkitPro/libctru/lib\libctru.a(hid.o)
 .rodata.irrstInit.str1.4
                0x00119b5c        0x7 G:/devkitPro/libctru/lib\libctru.a(irrst.o)
 .rodata.__system_initArgv.str1.4
                0x00119b5c        0xa G:/devkitPro/libctru/lib\libctru.a(initArgv.o)
 .rodata.default_font_bin
                0x00119b5c      0x800 G:/devkitPro/libctru/lib\libctru.a(default_font.bin.o)
                0x00119b5c                default_font_bin
                0x0011a35c                default_font_bin_end
 .rodata.ptmSysmInit.str1.4
                0x0011a35c        0x9 G:/devkitPro/libctru/lib\libctru.a(ptmsysm.o)
 .rodata.archive_utf16path.str1.4
                0x0011a35c        0x2 G:/devkitPro/libctru/lib\libctru.a(archive_dev.o)
 .rodata._archiveUnmountDeviceStruct.part.0.str1.4
                0x0011a35c        0x2 G:/devkitPro/libctru/lib\libctru.a(archive_dev.o)
 .rodata._archiveMountDevice.str1.4
                0x0011a35c        0xc G:/devkitPro/libctru/lib\libctru.a(archive_dev.o)
 .rodata.archiveMountSdmc.str1.4
                0x0011a35c        0x5 G:/devkitPro/libctru/lib\libctru.a(archive_dev.o)
 .rodata.error_table
                0x0011a35c       0x30 G:/devkitPro/libctru/lib\libctru.a(archive_dev.o)
 .rodata.str1.4
                0x0011a38c        0x8 G:/devkitPro/libctru/lib\libctru.a(archive_dev.o)
 .rodata.archive_devoptab
                0x0011a38c       0x80 G:/devkitPro/libctru/lib\libctru.a(archive_dev.o)
 .rodata.fsInit.str1.4
                0x0011a40c        0x8 G:/devkitPro/libctru/lib\libctru.a(fs.o)
 .rodata._perror_r.str1.4
                0x0011a40c        0x6 G:/devkitPro/devkitARM/bin/../lib/gcc/arm-none-eabi/13.2.0/../../../../arm-none-eabi/lib/armv6k/fpu\libg.a(libc_a-perror.o)
 .rodata._puts_r.str1.4
                0x0011a40c        0x2 G:/devkitPro/devkitARM/bin/../lib/gcc/arm-none-eabi/13.2.0/../../../../arm-none-eabi/lib/armv6k/fpu\libg.a(libc_a-puts.o)
 .rodata._vfprintf_r.str1.1
                0x0011a40c       0x3b G:/devkitPro/devkitARM/bin/../lib/gcc/arm-none-eabi/13.2.0/../../../../arm-none-eabi/lib/armv6k/fpu\libg.a(libc_a-vfprintf.o)
 *fill*         0x0011a447        0x1 
 .rodata.zeroes.0
                0x0011a448       0x10 G:/devkitPro/devkitARM/bin/../lib/gcc/arm-none-eabi/13.2.0/../../../../arm-none-eabi/lib/armv6k/fpu\libg.a(libc_a-vfprintf.o)
 .rodata.blanks.1
                0x0011a458       0x10 G:/devkitPro/devkitARM/bin/../lib/gcc/arm-none-eabi/13.2.0/../../../../arm-none-eabi/lib/armv6k/fpu\libg.a(libc_a-vfprintf.o)
 .rodata._strerror_r.str1.4
                0x0011a468      0x701 G:/devkitPro/devkitARM/bin/../lib/gcc/arm-none-eabi/13.2.0/../../../../arm-none-eabi/lib/armv6k/fpu\libg.a(libc_a-strerror.o)
 .rodata.str1.4
                0x0011a468       0x4c G:/devkitPro/devkitARM/bin/../lib/gcc/arm-none-eabi/13.2.0/../../../../arm-none-eabi/lib/armv6k/fpu\libg.a(libc_a-locale.o)
 .rodata._ctype_
                0x0011a468      0x101 G:/devkitPro/devkitARM/bin/../lib/gcc/arm-none-eabi/13.2.0/../../../../arm-none-eabi/lib/armv6k/fpu\libg.a(libc_a-ctype_.o)
                0x0011a468                _ctype_
 .rodata._vfiprintf_r.str1.1
                0x0011a569       0x29 G:/devkitPro/devkitARM/bin/../lib/gcc/arm-none-eabi/13.2.0/../../../../arm-none-eabi/lib/armv6k/fpu\libg.a(libc_a-vfiprintf.o)
 *fill*         0x0011a569        0x3 
 .rodata.zeroes.0
                0x0011a56c       0x10 G:/devkitPro/devkitARM/bin/../lib/gcc/arm-none-eabi/13.2.0/../../../../arm-none-eabi/lib/armv6k/fpu\libg.a(libc_a-vfiprintf.o)
 .rodata.blanks.1
                0x0011a57c       0x10 G:/devkitPro/devkitARM/bin/../lib/gcc/arm-none-eabi/13.2.0/../../../../arm-none-eabi/lib/armv6k/fpu\libg.a(libc_a-vfiprintf.o)
 .rodata.__action_table
                0x0011a58c       0x6c G:/devkitPro/devkitARM/bin/../lib/gcc/arm-none-eabi/13.2.0/../../../../arm-none-eabi/lib/armv6k/fpu\libg.a(libc_a-svfiprintf.o)
                0x0011a58c                __action_table
 .rodata.__state_table
                0x0011a5f8       0x6c G:/devkitPro/devkitARM/bin/../lib/gcc/arm-none-eabi/13.2.0/../../../../arm-none-eabi/lib/armv6k/fpu\libg.a(libc_a-svfiprintf.o)
                0x0011a5f8                __state_table
 .rodata.__chclass
                0x0011a664      0x100 G:/devkitPro/devkitARM/bin/../lib/gcc/arm-none-eabi/13.2.0/../../../../arm-none-eabi/lib/armv6k/fpu\libg.a(libc_a-svfiprintf.o)
                0x0011a664                __chclass
 .rodata._dtoa_r.str1.4
                0x0011a764       0x6a G:/devkitPro/devkitARM/bin/../lib/gcc/arm-none-eabi/13.2.0/../../../../arm-none-eabi/lib/armv6k/fpu\libg.a(libc_a-dtoa.o)
 .rodata.__multadd.str1.4
                0x0011a764       0x57 G:/devkitPro/devkitARM/bin/../lib/gcc/arm-none-eabi/13.2.0/../../../../arm-none-eabi/lib/armv6k/fpu\libg.a(libc_a-mprec.o)
 .rodata.p05.0  0x0011a764        0xc G:/devkitPro/devkitARM/bin/../lib/gcc/arm-none-eabi/13.2.0/../../../../arm-none-eabi/lib/armv6k/fpu\libg.a(libc_a-mprec.o)
 .rodata.__mprec_bigtens
                0x0011a770       0x28 G:/devkitPro/devkitARM/bin/../lib/gcc/arm-none-eabi/13.2.0/../../../../arm-none-eabi/lib/armv6k/fpu\libg.a(libc_a-mprec.o)
                0x0011a770                __mprec_bigtens
 .rodata.__mprec_tens
                0x0011a798       0xc8 G:/devkitPro/devkitARM/bin/../lib/gcc/arm-none-eabi/13.2.0/../../../../arm-none-eabi/lib/armv6k/fpu\libg.a(libc_a-mprec.o)
                0x0011a798                __mprec_tens
 .rodata.__assert_func.str1.4
                0x0011a860       0x43 G:/devkitPro/devkitARM/bin/../lib/gcc/arm-none-eabi/13.2.0/../../../../arm-none-eabi/lib/armv6k/fpu\libg.a(libc_a-assert.o)
 .rodata.AddDevice.str1.4
                0x0011a860        0x8 G:/devkitPro/devkitARM/bin/../lib/gcc/arm-none-eabi/13.2.0/../../../../arm-none-eabi/lib/armv6k/fpu\libsysbase.a(libsysbase_libsysbase_a-iosupport.o)
 .rodata.dotab_stdnull
                0x0011a860       0x80 G:/devkitPro/devkitARM/bin/../lib/gcc/arm-none-eabi/13.2.0/../../../../arm-none-eabi/lib/armv6k/fpu\libsysbase.a(libsysbase_libsysbase_a-iosupport.o)
                0x0011a860                dotab_stdnull
 *all.rodata*(*)
 *(.gnu.linkonce.r*)
                0x0011a8e0                        . = ALIGN (0x4)
                0x0011a8e0                        __tdata_align = .
                0x0011a8e0        0x4 LONG 0x4 ALIGNOF (.tdata)
                0x0011a8e4                        . = ALIGN (0x4)

.eh_frame       0x0011a8e4        0x0
 .eh_frame      0x0011a8e4        0x0 G:/devkitPro/devkitARM/bin/../lib/gcc/arm-none-eabi/13.2.0/armv6k/fpu/crtbegin.o

.rel.dyn        0x0011a8e4        0x0
 .rel.iplt      0x0011a8e4        0x0 G:/devkitPro/devkitARM/bin/../lib/gcc/arm-none-eabi/13.2.0/../../../../arm-none-eabi/lib/armv6k/fpu/3dsx_crt0.o
 .rel.got       0x0011a8e4        0x0 G:/devkitPro/devkitARM/bin/../lib/gcc/arm-none-eabi/13.2.0/../../../../arm-none-eabi/lib/armv6k/fpu/3dsx_crt0.o

.ARM.extab
 *(.ARM.extab* .gnu.linkonce.armextab.*)
                0x0011a8e4                        __exidx_start = .

.ARM.exidx
 *(.ARM.exidx* .gnu.linkonce.armexidx.*)
                0x0011a8e4                        __exidx_end = .
                0x0011b000                        . = ALIGN (0x1000)

.data           0x0011b000     0x1bcc
 *(.data)
 *(.data.*)
 .data.firstConsoleInit.0
                0x0011b000        0x1 G:/devkitPro/libctru/lib\libctru.a(console.o)
 *fill*         0x0011b001        0x3 
 .data.currentConsole
                0x0011b004        0x4 G:/devkitPro/libctru/lib\libctru.a(console.o)
                0x0011b004                currentConsole
 .data.defaultConsole
                0x0011b008       0x48 G:/devkitPro/libctru/lib\libctru.a(console.o)
                0x0011b008                defaultConsole
 .data.aptChainloadDeliverArgSize
                0x0011b050        0x4 G:/devkitPro/libctru/lib\libctru.a(apt.o)
 .data.kCount   0x0011b054        0x4 G:/devkitPro/libctru/lib\libctru.a(hid.o)
 .data.kInterval
                0x0011b058        0x4 G:/devkitPro/libctru/lib\libctru.a(hid.o)
 .data.kDelay   0x0011b05c        0x4 G:/devkitPro/libctru/lib\libctru.a(hid.o)
 .data.__stacksize__
                0x0011b060        0x4 G:/devkitPro/libctru/lib\libctru.a(stack_adjust.o)
                0x0011b060                __stacksize__
 .data.__malloc_sbrk_base
                0x0011b064        0x4 G:/devkitPro/devkitARM/bin/../lib/gcc/arm-none-eabi/13.2.0/../../../../arm-none-eabi/lib/armv6k/fpu\libg.a(libc_a-mallocr.o)
                0x0011b064                __malloc_sbrk_base
 .data.__malloc_trim_threshold
                0x0011b068        0x4 G:/devkitPro/devkitARM/bin/../lib/gcc/arm-none-eabi/13.2.0/../../../../arm-none-eabi/lib/armv6k/fpu\libg.a(libc_a-mallocr.o)
                0x0011b068                __malloc_trim_threshold
 *fill*         0x0011b06c        0x4 
 .data.__malloc_av_
                0x0011b070      0x408 G:/devkitPro/devkitARM/bin/../lib/gcc/arm-none-eabi/13.2.0/../../../../arm-none-eabi/lib/armv6k/fpu\libg.a(libc_a-mallocr.o)
                0x0011b070                __malloc_av_
 .data.__sglue  0x0011b478        0xc G:/devkitPro/devkitARM/bin/../lib/gcc/arm-none-eabi/13.2.0/../../../../arm-none-eabi/lib/armv6k/fpu\libg.a(libc_a-findfp.o)
                0x0011b478                __sglue
 .data.__global_locale
                0x0011b484      0x16c G:/devkitPro/devkitARM/bin/../lib/gcc/arm-none-eabi/13.2.0/../../../../arm-none-eabi/lib/armv6k/fpu\libg.a(libc_a-locale.o)
                0x0011b484                __global_locale
 .data._impure_ptr
                0x0011b5f0        0x4 G:/devkitPro/devkitARM/bin/../lib/gcc/arm-none-eabi/13.2.0/../../../../arm-none-eabi/lib/armv6k/fpu\libg.a(libc_a-impure.o)
                0x0011b5f0                _impure_ptr
 *fill*         0x0011b5f4        0x4 
 .data._impure_data
                0x0011b5f8      0x120 G:/devkitPro/devkitARM/bin/../lib/gcc/arm-none-eabi/13.2.0/../../../../arm-none-eabi/lib/armv6k/fpu\libg.a(libc_a-impure.o)
                0x0011b5f8                _impure_data
 .data._current_working_directory
                0x0011b718      0x400 G:/devkitPro/devkitARM/bin/../lib/gcc/arm-none-eabi/13.2.0/../../../../arm-none-eabi/lib/armv6k/fpu\libsysbase.a(libsysbase_libsysbase_a-chdir.o)
 .data.handles  0x0011bb18     0x1000 G:/devkitPro/devkitARM/bin/../lib/gcc/arm-none-eabi/13.2.0/../../../../arm-none-eabi/lib/armv6k/fpu\libsysbase.a(libsysbase_libsysbase_a-handle_manager.o)
 .data.__stderr_handle
                0x0011cb18        0xc G:/devkitPro/devkitARM/bin/../lib/gcc/arm-none-eabi/13.2.0/../../../../arm-none-eabi/lib/armv6k/fpu\libsysbase.a(libsysbase_libsysbase_a-handle_manager.o)
 .data.__stdout_handle
                0x0011cb24        0xc G:/devkitPro/devkitARM/bin/../lib/gcc/arm-none-eabi/13.2.0/../../../../arm-none-eabi/lib/armv6k/fpu\libsysbase.a(libsysbase_libsysbase_a-handle_manager.o)
 .data.__stdin_handle
                0x0011cb30        0xc G:/devkitPro/devkitARM/bin/../lib/gcc/arm-none-eabi/13.2.0/../../../../arm-none-eabi/lib/armv6k/fpu\libsysbase.a(libsysbase_libsysbase_a-handle_manager.o)
 .data.devoptab_list
                0x0011cb3c       0x8c G:/devkitPro/devkitARM/bin/../lib/gcc/arm-none-eabi/13.2.0/../../../../arm-none-eabi/lib/armv6k/fpu\libsysbase.a(libsysbase_libsysbase_a-iosupport.o)
                0x0011cb3c                devoptab_list
 .data.defaultDevice
                0x0011cbc8        0x4 G:/devkitPro/devkitARM/bin/../lib/gcc/arm-none-eabi/13.2.0/../../../../arm-none-eabi/lib/armv6k/fpu\libsysbase.a(libsysbase_libsysbase_a-iosupport.o)
 *(.gnu.linkonce.d*)
                0x0011cbcc                        . = ALIGN (0x4)

.igot.plt       0x0011cbcc        0x0
 .igot.plt      0x0011cbcc        0x0 G:/devkitPro/devkitARM/bin/../lib/gcc/arm-none-eabi/13.2.0/../../../../arm-none-eabi/lib/armv6k/fpu/3dsx_crt0.o

.got            0x0011cbcc        0x8
 .got           0x0011cbcc        0x8 G:/devkitPro/devkitARM/bin/../lib/gcc/arm-none-eabi/13.2.0/../../../../arm-none-eabi/lib/armv6k/fpu/3dsx_crt0.o

.got.plt        0x0011cbd4        0xc
 .got.plt       0x0011cbd4        0xc G:/devkitPro/devkitARM/bin/../lib/gcc/arm-none-eabi/13.2.0/../../../../arm-none-eabi/lib/armv6k/fpu/3dsx_crt0.o
                0x0011cbd4                _GLOBAL_OFFSET_TABLE_

.tdata          0x0011cbe0        0x0
                0x0011cbe0                        __tdata_lma = .
 *(.tdata)
 *(.tdata.*)
 *(.gnu.linkonce.td.*)
                0x0011cbe0                        . = ALIGN (0x4)
                0x0011cbe0                        __tdata_lma_end = .

.tbss           0x0011cbe0      0xc08
 *(.tbss)
 *(.tbss.*)
 .tbss.__ctru_dev_utf16_buf
                0x0011cbe0      0x802 G:/devkitPro/libctru/lib\libctru.a(path_buf.o)
                0x0011cbe0                __ctru_dev_utf16_buf
 *fill*         0x0011d3e2        0x2 
 .tbss.__ctru_dev_path_buf
                0x0011d3e4      0x401 G:/devkitPro/libctru/lib\libctru.a(path_buf.o)
                0x0011d3e4                __ctru_dev_path_buf
 *(.gnu.linkonce.tb.*)
 *(.tcommon)
                0x0011d7e8                        . = ALIGN (0x4)
 *fill*         0x0011d7e5        0x3 

.preinit_array  0x0011cbe0        0x0
                0x0011cbe0                        PROVIDE (__preinit_array_start = .)
 *(.preinit_array)
                0x0011cbe0                        PROVIDE (__preinit_array_end = .)

.init_array     0x0011cbe0        0x4
                0x0011cbe0                        PROVIDE (__init_array_start = .)
 *(SORT_BY_NAME(.init_array.*))
 *(.init_array)
 .init_array    0x0011cbe0        0x4 G:/devkitPro/devkitARM/bin/../lib/gcc/arm-none-eabi/13.2.0/armv6k/fpu/crtbegin.o
                0x0011cbe4                        PROVIDE (__init_array_end = .)

.fini_array     0x0011cbe4        0x4
                0x0011cbe4                        PROVIDE (__fini_array_start = .)
 *(.fini_array)
 .fini_array    0x0011cbe4        0x4 G:/devkitPro/devkitARM/bin/../lib/gcc/arm-none-eabi/13.2.0/armv6k/fpu/crtbegin.o
 *(SORT_BY_NAME(.fini_array.*))
                0x0011cbe8                        PROVIDE (__fini_array_end = .)

.ctors
 *crtbegin.o(.ctors)
 *(EXCLUDE_FILE(*crtend.o) .ctors)
 *(SORT_BY_NAME(.ctors.*))
 *(.ctors)

.dtors
 *crtbegin.o(.dtors)
 *(EXCLUDE_FILE(*crtend.o) .dtors)
 *(SORT_BY_NAME(.dtors.*))
 *(.dtors)
                0x0011cbe8                        __bss_start__ = .

.bss            0x0011cbe8     0x2de4
 *(.dynbss)
 *(.bss)
 *(.bss.*)
 .bss.completed.1
                0x0011cbe8        0x1 G:/devkitPro/devkitARM/bin/../lib/gcc/arm-none-eabi/13.2.0/armv6k/fpu/crtbegin.o
 *fill*         0x0011cbe9        0x3 
 .bss.object.0  0x0011cbec       0x18 G:/devkitPro/devkitARM/bin/../lib/gcc/arm-none-eabi/13.2.0/armv6k/fpu/crtbegin.o
 .bss.escapeSeq
                0x0011cc04       0x1c G:/devkitPro/libctru/lib\libctru.a(console.o)
 .bss.currentCopy
                0x0011cc20       0x48 G:/devkitPro/libctru/lib\libctru.a(console.o)
                0x0011cc20                currentCopy
 .bss.screenAlloc
                0x0011cc68        0x4 G:/devkitPro/libctru/lib\libctru.a(gfx.o)
 .bss.screenFree
                0x0011cc6c        0x4 G:/devkitPro/libctru/lib\libctru.a(gfx.o)
 .bss.gfxIsDoubleBuf
                0x0011cc70        0x2 G:/devkitPro/libctru/lib\libctru.a(gfx.o)
 *fill*         0x0011cc72        0x2 
 .bss.gfxCurBuf
                0x0011cc74        0x2 G:/devkitPro/libctru/lib\libctru.a(gfx.o)
 .bss.gfxIsVram
                0x0011cc76        0x1 G:/devkitPro/libctru/lib\libctru.a(gfx.o)
 .bss.gfxTopMode
                0x0011cc77        0x1 G:/devkitPro/libctru/lib\libctru.a(gfx.o)
 .bss.gfxFramebufferFormats
                0x0011cc78        0x2 G:/devkitPro/libctru/lib\libctru.a(gfx.o)
 *fill*         0x0011cc7a        0x2 
 .bss.gfxBottomFramebufferMaxSize
                0x0011cc7c        0x4 G:/devkitPro/libctru/lib\libctru.a(gfx.o)
 .bss.gfxTopFramebufferMaxSize
                0x0011cc80        0x4 G:/devkitPro/libctru/lib\libctru.a(gfx.o)
 *fill*         0x0011cc84        0x4 
 .bss.gfxBottomFramebuffers
                0x0011cc88        0x8 G:/devkitPro/libctru/lib\libctru.a(gfx.o)
 .bss.gfxTopFramebuffers
                0x0011cc90        0x8 G:/devkitPro/libctru/lib\libctru.a(gfx.o)
 .bss.srvRefCount
                0x0011cc98        0x4 G:/devkitPro/libctru/lib\libctru.a(srv.o)
 .bss.srvHandle
                0x0011cc9c        0x4 G:/devkitPro/libctru/lib\libctru.a(srv.o)
 .bss.flagValue.0
                0x0011cca0        0x1 G:/devkitPro/libctru/lib\libctru.a(apt.o)
 .bss.flagInit.1
                0x0011cca1        0x1 G:/devkitPro/libctru/lib\libctru.a(apt.o)
 *fill*         0x0011cca2        0x2 
 .bss.serviceName.6
                0x0011cca4        0x4 G:/devkitPro/libctru/lib\libctru.a(apt.o)
 .bss.aptChainloadFlags
                0x0011cca8        0x1 G:/devkitPro/libctru/lib\libctru.a(apt.o)
 .bss.aptChainloadMediatype
                0x0011cca9        0x1 G:/devkitPro/libctru/lib\libctru.a(apt.o)
 *fill*         0x0011ccaa        0x2 
 .bss.aptChainloadHmac
                0x0011ccac       0x20 G:/devkitPro/libctru/lib\libctru.a(apt.o)
 .bss.aptChainloadDeliverArg
                0x0011cccc      0x300 G:/devkitPro/libctru/lib\libctru.a(apt.o)
 *fill*         0x0011cfcc        0x4 
 .bss.aptChainloadTid
                0x0011cfd0        0x8 G:/devkitPro/libctru/lib\libctru.a(apt.o)
 .bss.aptParameters
                0x0011cfd8     0x1000 G:/devkitPro/libctru/lib\libctru.a(apt.o)
 .bss.aptFlags  0x0011dfd8        0x4 G:/devkitPro/libctru/lib\libctru.a(apt.o)
 .bss.aptHomeButtonState
                0x0011dfdc        0x1 G:/devkitPro/libctru/lib\libctru.a(apt.o)
 *fill*         0x0011dfdd        0x3 
 .bss.aptMessageFuncData
                0x0011dfe0        0x4 G:/devkitPro/libctru/lib\libctru.a(apt.o)
 .bss.aptMessageFunc
                0x0011dfe4        0x4 G:/devkitPro/libctru/lib\libctru.a(apt.o)
 .bss.aptFirstHook
                0x0011dfe8        0xc G:/devkitPro/libctru/lib\libctru.a(apt.o)
 .bss.aptEventHandlerThreadQuit
                0x0011dff4        0x1 G:/devkitPro/libctru/lib\libctru.a(apt.o)
 *fill*         0x0011dff5        0x3 
 .bss.aptEventHandlerThread
                0x0011dff8        0x4 G:/devkitPro/libctru/lib\libctru.a(apt.o)
 .bss.aptSleepEvent
                0x0011dffc        0x8 G:/devkitPro/libctru/lib\libctru.a(apt.o)
 .bss.aptReceiveEvent
                0x0011e004        0x8 G:/devkitPro/libctru/lib\libctru.a(apt.o)
 .bss.aptEvents
                0x0011e00c        0x8 G:/devkitPro/libctru/lib\libctru.a(apt.o)
 .bss.aptLockHandle
                0x0011e014        0x4 G:/devkitPro/libctru/lib\libctru.a(apt.o)
 .bss.aptRefCount
                0x0011e018        0x4 G:/devkitPro/libctru/lib\libctru.a(apt.o)
 .bss.gspEventCbOneShot
                0x0011e01c        0x7 G:/devkitPro/libctru/lib\libctru.a(gspgpu.o)
 *fill*         0x0011e023        0x1 
 .bss.gspEventCbData
                0x0011e024       0x1c G:/devkitPro/libctru/lib\libctru.a(gspgpu.o)
 .bss.gspEventCb
                0x0011e040       0x1c G:/devkitPro/libctru/lib\libctru.a(gspgpu.o)
 .bss.gspEvents
                0x0011e05c       0x38 G:/devkitPro/libctru/lib\libctru.a(gspgpu.o)
 .bss.gspLastEvent
                0x0011e094        0x4 G:/devkitPro/libctru/lib\libctru.a(gspgpu.o)
 .bss.gspRunEvents
                0x0011e098        0x1 G:/devkitPro/libctru/lib\libctru.a(gspgpu.o)
 *fill*         0x0011e099        0x3 
 .bss.gspEventThread
                0x0011e09c        0x4 G:/devkitPro/libctru/lib\libctru.a(gspgpu.o)
 .bss.gspEvent  0x0011e0a0        0x4 G:/devkitPro/libctru/lib\libctru.a(gspgpu.o)
 .bss.gspGpuRight
                0x0011e0a4        0x1 G:/devkitPro/libctru/lib\libctru.a(gspgpu.o)
 .bss.gspThreadId
                0x0011e0a5        0x1 G:/devkitPro/libctru/lib\libctru.a(gspgpu.o)
 *fill*         0x0011e0a6        0x2 
 .bss.gspSharedMem
                0x0011e0a8        0x4 G:/devkitPro/libctru/lib\libctru.a(gspgpu.o)
 .bss.gspSharedMemHandle
                0x0011e0ac        0x4 G:/devkitPro/libctru/lib\libctru.a(gspgpu.o)
 .bss.gspRefCount
                0x0011e0b0        0x4 G:/devkitPro/libctru/lib\libctru.a(gspgpu.o)
 .bss.gspGpuHandle
                0x0011e0b4        0x4 G:/devkitPro/libctru/lib\libctru.a(gspgpu.o)
 .bss.usingIrrst
                0x0011e0b8        0x1 G:/devkitPro/libctru/lib\libctru.a(hid.o)
 *fill*         0x0011e0b9        0x3 
 .bss.hidRefCount
                0x0011e0bc        0x4 G:/devkitPro/libctru/lib\libctru.a(hid.o)
 .bss.gRate     0x0011e0c0        0x6 G:/devkitPro/libctru/lib\libctru.a(hid.o)
 *fill*         0x0011e0c6        0x2 
 .bss.aVec      0x0011e0c8        0x6 G:/devkitPro/libctru/lib\libctru.a(hid.o)
 *fill*         0x0011e0ce        0x2 
 .bss.cPos      0x0011e0d0        0x4 G:/devkitPro/libctru/lib\libctru.a(hid.o)
 .bss.tPos      0x0011e0d4        0x4 G:/devkitPro/libctru/lib\libctru.a(hid.o)
 .bss.kRepeat   0x0011e0d8        0x4 G:/devkitPro/libctru/lib\libctru.a(hid.o)
 .bss.kUp       0x0011e0dc        0x4 G:/devkitPro/libctru/lib\libctru.a(hid.o)
 .bss.kDown     0x0011e0e0        0x4 G:/devkitPro/libctru/lib\libctru.a(hid.o)
 .bss.kHeld     0x0011e0e4        0x4 G:/devkitPro/libctru/lib\libctru.a(hid.o)
 .bss.kOld      0x0011e0e8        0x4 G:/devkitPro/libctru/lib\libctru.a(hid.o)
 .bss.hidSharedMem
                0x0011e0ec        0x4 G:/devkitPro/libctru/lib\libctru.a(hid.o)
                0x0011e0ec                hidSharedMem
 .bss.hidEvents
                0x0011e0f0       0x14 G:/devkitPro/libctru/lib\libctru.a(hid.o)
                0x0011e0f0                hidEvents
 .bss.hidMemHandle
                0x0011e104        0x4 G:/devkitPro/libctru/lib\libctru.a(hid.o)
                0x0011e104                hidMemHandle
 .bss.hidHandle
                0x0011e108        0x4 G:/devkitPro/libctru/lib\libctru.a(hid.o)
                0x0011e108                hidHandle
 .bss.irrstRefCount